
$ /home/wayne/devel/jane/scaf/.venv/bin/python -m librelane --pdk-root /home/wayne/devel/jane/scaf/tinytapeout/pdk --pdk ihp-sg13cmos5l --manual-pdk --run-tag asic --force-run-dir runs/asic --to Yosys.Synthesis src/config.json
[07:51:51] INFO     Starting a new run of the 'Classic' flow with the tag 'asic'.                                            flow.py:654
[07:51:51] INFO     Starting…                                                                                          sequential.py:339
──────────────────────────────────────────────────────────── Verilator Lint ────────────────────────────────────────────────────────────
[07:51:51] VERBOSE  Running 'Verilator.Lint' at 'runs/asic/01-verilator-lint'…                                              step.py:1138
[07:51:51] VERBOSE  Logging subprocess to 'runs/asic/01-verilator-lint/verilator-lint.log'…                                 step.py:1338
%Warning-UNUSEDSIGNAL: /tmp/asic-p4-runs/1eb4e2788af3401f8b0f90ce4450e837/project/src/tt_um_asic_memory.v:16:11: Signal is not used:    
'rst_n'                                                                                                                                 
                                                                                                               : ... note: In instance  
'tt_um_asic_memory'                                                                                                                     
   16 |     input rst_n;                                                                                                                
      |           ^~~~~                                                                                                                 
                       ... For warning description see https://verilator.org/warn/UNUSEDSIGNAL?v=5.051                                  
                       ... Use "/* verilator lint_off UNUSEDSIGNAL */" and lint_on around source to disable this message.               
%Warning-UNUSEDSIGNAL: /tmp/asic-p4-runs/1eb4e2788af3401f8b0f90ce4450e837/project/src/tt_um_asic_memory.v:48:16: Bits of signal are not 
used: 'signal_wire_3'[7:3]                                                                                                              
                                                                                                               : ... note: In instance  
'tt_um_asic_memory'                                                                                                                     
   48 |     wire [7:0] signal_wire_3;                                                                                                   
      |                ^~~~~~~~~~~~~                                                                                                    
%Warning-COMBDLY: /tmp/asic-p4-runs/1eb4e2788af3401f8b0f90ce4450e837/project/src/tt_um_asic_memory.v:96:24: Non-blocking assignment '<='
in combinational logic process                                                                                                          
                                                                                                          : ... This will be executed as
a blocking assignment '='!                                                                                                              
   96 |             signal_mux <= signal_reg_3;                                                                                         
      |                        ^~                                                                                                       
                  ... For warning description see https://verilator.org/warn/COMBDLY?v=5.051                                            
                  ... Use "/* verilator lint_off COMBDLY */" and lint_on around source to disable this message.                         
                  *** See https://verilator.org/warn/COMBDLY?v=5.051 before disabling this,                                             
                  else you may end up with different sim results.                                                                       
- V e r i l a t i o n   R e p o r t: Verilator 5.051 devel rev v5.050-126-gdaf582661                                                    
- Verilator: Built from 0.143 MB sources in 108 modules, into 0.022 MB in 3 C++ files needing 0.000 MB                                  
- Verilator: Walltime 0.009 s (elab=0.001, cvt=0.003, bld=0.000); cpu 0.008 s on 1 threads; allocated 34.332 MB                         
────────────────────────────────────────────────────── Lint Timing Errors Checker ──────────────────────────────────────────────────────
[07:51:52] VERBOSE  Running 'Checker.LintTimingConstructs' at 'runs/asic/02-checker-linttimingconstructs'…                  step.py:1138
[07:51:52] INFO     Check for Lint Timing Errors clear.                                                                   checker.py:412
───────────────────────────────────────────────────────── Lint Errors Checker ──────────────────────────────────────────────────────────
[07:51:52] VERBOSE  Running 'Checker.LintErrors' at 'runs/asic/03-checker-linterrors'…                                      step.py:1138
[07:51:52] INFO     Check for Lint errors clear.                                                                          checker.py:131
──────────────────────────────────────────────────────── Lint Warnings Checker ─────────────────────────────────────────────────────────
[07:51:52] VERBOSE  Running 'Checker.LintWarnings' at 'runs/asic/04-checker-lintwarnings'…                                  step.py:1138
[07:51:52] WARNING  3 Lint warnings found.                                                                                checker.py:122
───────────────────────────────────────────────────────── Generate JSON Header ─────────────────────────────────────────────────────────
[07:51:52] VERBOSE  Running 'Yosys.JsonHeader' at 'runs/asic/05-yosys-jsonheader'…                                          step.py:1138
[07:51:52] VERBOSE  Logging subprocess to 'runs/asic/05-yosys-jsonheader/yosys-jsonheader.log'…                             step.py:1338
yosys: invalid option -- 'y'                                                                                                            
Run 'yosys -h' for help.                                                                                                                
[07:51:52] ERROR    Subprocess had a non-zero exit.                                                                         step.py:1383
[07:51:52] ERROR    Last 2 line(s):                                                                                         step.py:1388
                    yosys: invalid option -- 'y'                                                                                        
                    Run 'yosys -h' for help.                                                                                            
                                                                                                                                        
[07:51:52] ERROR    Full log file: 'runs/asic/05-yosys-jsonheader/yosys-jsonheader.log'                                     step.py:1391
Classic - Stage 5 - Generate JSON Header ━━                                        4/80 0:00:00
[07:51:52] WARNING  The following warnings were generated by the flow:                                                       flow.py:699
[07:51:52] WARNING  [Checker.LintWarnings] 3 Lint warnings found.                                                            flow.py:701
[07:51:52] ERROR    The following error was encountered while running the flow:                                          __main__.py:189
                    Generate JSON Header: subprocess (1, ['yosys', '-y',                                                                
                    '/home/wayne/devel/jane/scaf/.venv/lib/python3.12/site-packages/librelane/scripts/pyosys/json_header                
                    .py', '--', '--config-in',                                                                                          
                    '/tmp/asic-p4-runs/1eb4e2788af3401f8b0f90ce4450e837/project/runs/asic/05-yosys-jsonheader/config.jso                
                    n', '--extra-in',                                                                                                   
                    '/tmp/asic-p4-runs/1eb4e2788af3401f8b0f90ce4450e837/project/runs/asic/05-yosys-jsonheader/extra.json                
                    ', '--output',                                                                                                      
                    '/tmp/asic-p4-runs/1eb4e2788af3401f8b0f90ce4450e837/project/runs/asic/05-yosys-jsonheader/tt_um_asic                
                    _memory.h.json']) failed                                                                                            
[07:51:52] ERROR    LibreLane will now quit.                                                                             __main__.py:190
