working_directory=/home/wayne/devel/jane/hardcaml_asic
command=iverilog -g2012 -Wall -s sram_model_conformance_tb -o evidence/sram-model-conformance/timed-default.vvp -DTIMED_MODEL /home/wayne/devel/jane/hardcaml_asic/.toolchain/pdk/ihp-sg13cmos5l/libs.ref/sg13cmos5l_sram/verilog/RM_IHPSG13_1P_core_behavioral_bm_bist.v /home/wayne/devel/jane/hardcaml_asic/.toolchain/pdk/ihp-sg13cmos5l/libs.ref/sg13cmos5l_sram/verilog/RM_IHPSG13_1P_256x16_c2_bm_bist.v /home/wayne/devel/jane/hardcaml_asic/experiments/sram_model_conformance/RM_IHPSG13_1P_256x16_portable_wrapper.v /home/wayne/devel/jane/hardcaml_asic/experiments/sram_model_conformance/sram_model_conformance_tb.sv 
/home/wayne/devel/jane/hardcaml_asic/.toolchain/pdk/ihp-sg13cmos5l/libs.ref/sg13cmos5l_sram/verilog/RM_IHPSG13_1P_256x16_c2_bm_bist.v:158: warning: Timing checks are not supported and delayed signal "A_CLK_DELAY" will not be driven.
/home/wayne/devel/jane/hardcaml_asic/.toolchain/pdk/ihp-sg13cmos5l/libs.ref/sg13cmos5l_sram/verilog/RM_IHPSG13_1P_256x16_c2_bm_bist.v:158: warning: Timing checks are not supported and delayed signal "A_MEN_DELAY" will not be driven.
/home/wayne/devel/jane/hardcaml_asic/.toolchain/pdk/ihp-sg13cmos5l/libs.ref/sg13cmos5l_sram/verilog/RM_IHPSG13_1P_256x16_c2_bm_bist.v:159: warning: Timing checks are not supported and delayed signal "A_CLK_DELAY" will not be driven.
/home/wayne/devel/jane/hardcaml_asic/.toolchain/pdk/ihp-sg13cmos5l/libs.ref/sg13cmos5l_sram/verilog/RM_IHPSG13_1P_256x16_c2_bm_bist.v:159: warning: Timing checks are not supported and delayed signal "A_REN_DELAY" will not be driven.
/home/wayne/devel/jane/hardcaml_asic/.toolchain/pdk/ihp-sg13cmos5l/libs.ref/sg13cmos5l_sram/verilog/RM_IHPSG13_1P_256x16_c2_bm_bist.v:160: warning: Timing checks are not supported and delayed signal "A_CLK_DELAY" will not be driven.
/home/wayne/devel/jane/hardcaml_asic/.toolchain/pdk/ihp-sg13cmos5l/libs.ref/sg13cmos5l_sram/verilog/RM_IHPSG13_1P_256x16_c2_bm_bist.v:160: warning: Timing checks are not supported and delayed signal "A_WEN_DELAY" will not be driven.
/home/wayne/devel/jane/hardcaml_asic/.toolchain/pdk/ihp-sg13cmos5l/libs.ref/sg13cmos5l_sram/verilog/RM_IHPSG13_1P_256x16_c2_bm_bist.v:161: warning: Timing checks are not supported and delayed signal "A_CLK_DELAY" will not be driven.
/home/wayne/devel/jane/hardcaml_asic/.toolchain/pdk/ihp-sg13cmos5l/libs.ref/sg13cmos5l_sram/verilog/RM_IHPSG13_1P_256x16_c2_bm_bist.v:161: warning: Timing checks are not supported and delayed signal "A_MEN_DELAY" will not be driven.
/home/wayne/devel/jane/hardcaml_asic/.toolchain/pdk/ihp-sg13cmos5l/libs.ref/sg13cmos5l_sram/verilog/RM_IHPSG13_1P_256x16_c2_bm_bist.v:162: warning: Timing checks are not supported and delayed signal "A_CLK_DELAY" will not be driven.
/home/wayne/devel/jane/hardcaml_asic/.toolchain/pdk/ihp-sg13cmos5l/libs.ref/sg13cmos5l_sram/verilog/RM_IHPSG13_1P_256x16_c2_bm_bist.v:162: warning: Timing checks are not supported and delayed signal "A_REN_DELAY" will not be driven.
/home/wayne/devel/jane/hardcaml_asic/.toolchain/pdk/ihp-sg13cmos5l/libs.ref/sg13cmos5l_sram/verilog/RM_IHPSG13_1P_256x16_c2_bm_bist.v:163: warning: Timing checks are not supported and delayed signal "A_CLK_DELAY" will not be driven.
/home/wayne/devel/jane/hardcaml_asic/.toolchain/pdk/ihp-sg13cmos5l/libs.ref/sg13cmos5l_sram/verilog/RM_IHPSG13_1P_256x16_c2_bm_bist.v:163: warning: Timing checks are not supported and delayed signal "A_WEN_DELAY" will not be driven.
/home/wayne/devel/jane/hardcaml_asic/.toolchain/pdk/ihp-sg13cmos5l/libs.ref/sg13cmos5l_sram/verilog/RM_IHPSG13_1P_256x16_c2_bm_bist.v:164: warning: Timing checks are not supported and delayed signal "A_CLK_DELAY" will not be driven.
/home/wayne/devel/jane/hardcaml_asic/.toolchain/pdk/ihp-sg13cmos5l/libs.ref/sg13cmos5l_sram/verilog/RM_IHPSG13_1P_256x16_c2_bm_bist.v:164: warning: Timing checks are not supported and delayed signal "A_ADDR_DELAY" will not be driven.
/home/wayne/devel/jane/hardcaml_asic/.toolchain/pdk/ihp-sg13cmos5l/libs.ref/sg13cmos5l_sram/verilog/RM_IHPSG13_1P_256x16_c2_bm_bist.v:165: warning: Timing checks are not supported and delayed signal "A_CLK_DELAY" will not be driven.
/home/wayne/devel/jane/hardcaml_asic/.toolchain/pdk/ihp-sg13cmos5l/libs.ref/sg13cmos5l_sram/verilog/RM_IHPSG13_1P_256x16_c2_bm_bist.v:165: warning: Timing checks are not supported and delayed signal "A_ADDR_DELAY" will not be driven.
/home/wayne/devel/jane/hardcaml_asic/.toolchain/pdk/ihp-sg13cmos5l/libs.ref/sg13cmos5l_sram/verilog/RM_IHPSG13_1P_256x16_c2_bm_bist.v:167: warning: Timing checks are not supported and delayed signal "A_CLK_DELAY" will not be driven.
/home/wayne/devel/jane/hardcaml_asic/.toolchain/pdk/ihp-sg13cmos5l/libs.ref/sg13cmos5l_sram/verilog/RM_IHPSG13_1P_256x16_c2_bm_bist.v:167: warning: Timing checks are not supported and delayed signal "A_DIN_DELAY" will not be driven.
/home/wayne/devel/jane/hardcaml_asic/.toolchain/pdk/ihp-sg13cmos5l/libs.ref/sg13cmos5l_sram/verilog/RM_IHPSG13_1P_256x16_c2_bm_bist.v:168: warning: Timing checks are not supported and delayed signal "A_CLK_DELAY" will not be driven.
/home/wayne/devel/jane/hardcaml_asic/.toolchain/pdk/ihp-sg13cmos5l/libs.ref/sg13cmos5l_sram/verilog/RM_IHPSG13_1P_256x16_c2_bm_bist.v:168: warning: Timing checks are not supported and delayed signal "A_DIN_DELAY" will not be driven.
/home/wayne/devel/jane/hardcaml_asic/.toolchain/pdk/ihp-sg13cmos5l/libs.ref/sg13cmos5l_sram/verilog/RM_IHPSG13_1P_256x16_c2_bm_bist.v:169: warning: Timing checks are not supported and delayed signal "A_CLK_DELAY" will not be driven.
/home/wayne/devel/jane/hardcaml_asic/.toolchain/pdk/ihp-sg13cmos5l/libs.ref/sg13cmos5l_sram/verilog/RM_IHPSG13_1P_256x16_c2_bm_bist.v:169: warning: Timing checks are not supported and delayed signal "A_BM_DELAY" will not be driven.
/home/wayne/devel/jane/hardcaml_asic/.toolchain/pdk/ihp-sg13cmos5l/libs.ref/sg13cmos5l_sram/verilog/RM_IHPSG13_1P_256x16_c2_bm_bist.v:170: warning: Timing checks are not supported and delayed signal "A_CLK_DELAY" will not be driven.
/home/wayne/devel/jane/hardcaml_asic/.toolchain/pdk/ihp-sg13cmos5l/libs.ref/sg13cmos5l_sram/verilog/RM_IHPSG13_1P_256x16_c2_bm_bist.v:170: warning: Timing checks are not supported and delayed signal "A_BM_DELAY" will not be driven.
/home/wayne/devel/jane/hardcaml_asic/.toolchain/pdk/ihp-sg13cmos5l/libs.ref/sg13cmos5l_sram/verilog/RM_IHPSG13_1P_256x16_c2_bm_bist.v:173: warning: Timing checks are not supported and delayed signal "A_BIST_CLK_DELAY" will not be driven.
/home/wayne/devel/jane/hardcaml_asic/.toolchain/pdk/ihp-sg13cmos5l/libs.ref/sg13cmos5l_sram/verilog/RM_IHPSG13_1P_256x16_c2_bm_bist.v:173: warning: Timing checks are not supported and delayed signal "A_BIST_MEN_DELAY" will not be driven.
/home/wayne/devel/jane/hardcaml_asic/.toolchain/pdk/ihp-sg13cmos5l/libs.ref/sg13cmos5l_sram/verilog/RM_IHPSG13_1P_256x16_c2_bm_bist.v:174: warning: Timing checks are not supported and delayed signal "A_BIST_CLK_DELAY" will not be driven.
/home/wayne/devel/jane/hardcaml_asic/.toolchain/pdk/ihp-sg13cmos5l/libs.ref/sg13cmos5l_sram/verilog/RM_IHPSG13_1P_256x16_c2_bm_bist.v:174: warning: Timing checks are not supported and delayed signal "A_BIST_REN_DELAY" will not be driven.
/home/wayne/devel/jane/hardcaml_asic/.toolchain/pdk/ihp-sg13cmos5l/libs.ref/sg13cmos5l_sram/verilog/RM_IHPSG13_1P_256x16_c2_bm_bist.v:175: warning: Timing checks are not supported and delayed signal "A_BIST_CLK_DELAY" will not be driven.
/home/wayne/devel/jane/hardcaml_asic/.toolchain/pdk/ihp-sg13cmos5l/libs.ref/sg13cmos5l_sram/verilog/RM_IHPSG13_1P_256x16_c2_bm_bist.v:175: warning: Timing checks are not supported and delayed signal "A_BIST_WEN_DELAY" will not be driven.
/home/wayne/devel/jane/hardcaml_asic/.toolchain/pdk/ihp-sg13cmos5l/libs.ref/sg13cmos5l_sram/verilog/RM_IHPSG13_1P_256x16_c2_bm_bist.v:176: warning: Timing checks are not supported and delayed signal "A_BIST_CLK_DELAY" will not be driven.
/home/wayne/devel/jane/hardcaml_asic/.toolchain/pdk/ihp-sg13cmos5l/libs.ref/sg13cmos5l_sram/verilog/RM_IHPSG13_1P_256x16_c2_bm_bist.v:176: warning: Timing checks are not supported and delayed signal "A_BIST_MEN_DELAY" will not be driven.
/home/wayne/devel/jane/hardcaml_asic/.toolchain/pdk/ihp-sg13cmos5l/libs.ref/sg13cmos5l_sram/verilog/RM_IHPSG13_1P_256x16_c2_bm_bist.v:177: warning: Timing checks are not supported and delayed signal "A_BIST_CLK_DELAY" will not be driven.
/home/wayne/devel/jane/hardcaml_asic/.toolchain/pdk/ihp-sg13cmos5l/libs.ref/sg13cmos5l_sram/verilog/RM_IHPSG13_1P_256x16_c2_bm_bist.v:177: warning: Timing checks are not supported and delayed signal "A_BIST_REN_DELAY" will not be driven.
/home/wayne/devel/jane/hardcaml_asic/.toolchain/pdk/ihp-sg13cmos5l/libs.ref/sg13cmos5l_sram/verilog/RM_IHPSG13_1P_256x16_c2_bm_bist.v:178: warning: Timing checks are not supported and delayed signal "A_BIST_CLK_DELAY" will not be driven.
/home/wayne/devel/jane/hardcaml_asic/.toolchain/pdk/ihp-sg13cmos5l/libs.ref/sg13cmos5l_sram/verilog/RM_IHPSG13_1P_256x16_c2_bm_bist.v:178: warning: Timing checks are not supported and delayed signal "A_BIST_WEN_DELAY" will not be driven.
/home/wayne/devel/jane/hardcaml_asic/.toolchain/pdk/ihp-sg13cmos5l/libs.ref/sg13cmos5l_sram/verilog/RM_IHPSG13_1P_256x16_c2_bm_bist.v:179: warning: Timing checks are not supported and delayed signal "A_BIST_CLK_DELAY" will not be driven.
/home/wayne/devel/jane/hardcaml_asic/.toolchain/pdk/ihp-sg13cmos5l/libs.ref/sg13cmos5l_sram/verilog/RM_IHPSG13_1P_256x16_c2_bm_bist.v:179: warning: Timing checks are not supported and delayed signal "A_BIST_ADDR_DELAY" will not be driven.
/home/wayne/devel/jane/hardcaml_asic/.toolchain/pdk/ihp-sg13cmos5l/libs.ref/sg13cmos5l_sram/verilog/RM_IHPSG13_1P_256x16_c2_bm_bist.v:180: warning: Timing checks are not supported and delayed signal "A_BIST_CLK_DELAY" will not be driven.
/home/wayne/devel/jane/hardcaml_asic/.toolchain/pdk/ihp-sg13cmos5l/libs.ref/sg13cmos5l_sram/verilog/RM_IHPSG13_1P_256x16_c2_bm_bist.v:180: warning: Timing checks are not supported and delayed signal "A_BIST_ADDR_DELAY" will not be driven.
/home/wayne/devel/jane/hardcaml_asic/.toolchain/pdk/ihp-sg13cmos5l/libs.ref/sg13cmos5l_sram/verilog/RM_IHPSG13_1P_256x16_c2_bm_bist.v:182: warning: Timing checks are not supported and delayed signal "A_BIST_CLK_DELAY" will not be driven.
/home/wayne/devel/jane/hardcaml_asic/.toolchain/pdk/ihp-sg13cmos5l/libs.ref/sg13cmos5l_sram/verilog/RM_IHPSG13_1P_256x16_c2_bm_bist.v:182: warning: Timing checks are not supported and delayed signal "A_BIST_DIN_DELAY" will not be driven.
/home/wayne/devel/jane/hardcaml_asic/.toolchain/pdk/ihp-sg13cmos5l/libs.ref/sg13cmos5l_sram/verilog/RM_IHPSG13_1P_256x16_c2_bm_bist.v:183: warning: Timing checks are not supported and delayed signal "A_BIST_CLK_DELAY" will not be driven.
/home/wayne/devel/jane/hardcaml_asic/.toolchain/pdk/ihp-sg13cmos5l/libs.ref/sg13cmos5l_sram/verilog/RM_IHPSG13_1P_256x16_c2_bm_bist.v:183: warning: Timing checks are not supported and delayed signal "A_BIST_DIN_DELAY" will not be driven.
/home/wayne/devel/jane/hardcaml_asic/.toolchain/pdk/ihp-sg13cmos5l/libs.ref/sg13cmos5l_sram/verilog/RM_IHPSG13_1P_256x16_c2_bm_bist.v:184: warning: Timing checks are not supported and delayed signal "A_BIST_CLK_DELAY" will not be driven.
/home/wayne/devel/jane/hardcaml_asic/.toolchain/pdk/ihp-sg13cmos5l/libs.ref/sg13cmos5l_sram/verilog/RM_IHPSG13_1P_256x16_c2_bm_bist.v:184: warning: Timing checks are not supported and delayed signal "A_BIST_BM_DELAY" will not be driven.
/home/wayne/devel/jane/hardcaml_asic/.toolchain/pdk/ihp-sg13cmos5l/libs.ref/sg13cmos5l_sram/verilog/RM_IHPSG13_1P_256x16_c2_bm_bist.v:185: warning: Timing checks are not supported and delayed signal "A_BIST_CLK_DELAY" will not be driven.
/home/wayne/devel/jane/hardcaml_asic/.toolchain/pdk/ihp-sg13cmos5l/libs.ref/sg13cmos5l_sram/verilog/RM_IHPSG13_1P_256x16_c2_bm_bist.v:185: warning: Timing checks are not supported and delayed signal "A_BIST_BM_DELAY" will not be driven.
