INFO: PDK_ROOT: /home/wayne/devel/jane/hardcaml_asic/.toolchain/pdk
INFO: Tech: ihp-sg13cmos5l
INFO: using def template ../tech/ihp-sg13cmos5l/def/tt_block_6x4_pgvdd.def
INFO: Running klayout pin_label_purposes_overlapping_drawing on /home/wayne/devel/jane/hardcaml_asic/experiments/sram_flow_feasibility/runs/attempt-004-full/final/gds/tt_um_sram_probe.gds
INFO: Running klayout sg13cmos5l on /home/wayne/devel/jane/hardcaml_asic/experiments/sram_flow_feasibility/runs/attempt-004-full/final/gds/tt_um_sram_probe.gds
INFO: Running klayout zero_area on /home/wayne/devel/jane/hardcaml_asic/experiments/sram_flow_feasibility/runs/attempt-004-full/final/gds/tt_um_sram_probe.gds
INFO: Running pin check...
INFO: * gds: /home/wayne/devel/jane/hardcaml_asic/experiments/sram_flow_feasibility/runs/attempt-004-full/final/gds/tt_um_sram_probe.gds
INFO: * lef: /home/wayne/devel/jane/hardcaml_asic/experiments/sram_flow_feasibility/runs/attempt-004-full/final/gds/../lef/tt_um_sram_probe.lef
INFO: * template_def: ../tech/ihp-sg13cmos5l/def/tt_block_6x4_pgvdd.def
INFO: * toplevel: tt_um_sram_probe
INFO: * uses_3v3: False
ERROR: Precheck failed for /home/wayne/devel/jane/hardcaml_asic/experiments/sram_flow_feasibility/runs/attempt-004-full/final/gds/tt_um_sram_probe.gds! 😭
ERROR: See /home/wayne/devel/jane/hardcaml_asic/.toolchain/tt-sram-s3-cfa06bae/precheck/reports for more details
ERROR: Markdown report:
# Tiny Tapeout Precheck Results

| Check | Result |
|-----------|--------|
| KLayout pin label overlapping drawing | ❌ Fail: [Errno 2] No such file or directory: 'klayout' |
| KLayout SG13CMOS5L DRC | ❌ Fail: [Errno 2] No such file or directory: 'klayout' |
| KLayout zero area | ❌ Fail: [Errno 2] No such file or directory: 'klayout' |
| KLayout Checks | ❌ Fail: [Errno 2] No such file or directory: '/home/wayne/devel/jane/hardcaml_asic/.toolchain/pdk/sky130A/libs.tech/klayout/tech/sg13cmos5l.lyp' |
| Pin check | ❌ Fail: [Errno 2] No such file or directory: '../tech/ihp-sg13cmos5l/def/tt_block_6x4_pgvdd.def' |
| Boundary check | ❌ Fail: [Errno 2] No such file or directory: '/home/wayne/devel/jane/hardcaml_asic/.toolchain/pdk/sky130A/libs.tech/klayout/tech/sg13cmos5l.lyp' |
| Layer check | ❌ Fail: [Errno 2] No such file or directory: '/home/wayne/devel/jane/hardcaml_asic/.toolchain/pdk/sky130A/libs.tech/klayout/tech/sg13cmos5l.lyp' |
| Cell name check | ✅ |
| Analog pin check | ✅ |

In case of failure, please reach out on [discord](https://tinytapeout.com/discord) for assistance.
