error:
       … while calling the 'import' builtin

         at «string»:1:2:

            1| (import <nixpkgs> {}).bashInteractive
             |  ^

       … while calling the 'findFile' builtin

         at «string»:1:9:

            1| (import <nixpkgs> {}).bashInteractive
             |         ^

       error: file 'nixpkgs' was not found in the Nix search path (add it using $NIX_PATH or -I)

       at «none»:0: (source not available)
will use bash from your environment
INFO: PDK_ROOT: /home/wayne/devel/jane/hardcaml_asic/.toolchain/pdk
INFO: Tech: ihp-sg13cmos5l
INFO: using def template ../tech/ihp-sg13cmos5l/def/tt_block_6x4_pgvdd.def
INFO: Running klayout pin_label_purposes_overlapping_drawing on /home/wayne/devel/jane/hardcaml_asic/experiments/sram_flow_feasibility/runs/attempt-004-full/final/gds/tt_um_sram_probe.gds
Running pin_label_purposes_overlapping_drawing.rb.drc on file=/home/wayne/devel/jane/hardcaml_asic/experiments/sram_flow_feasibility/runs/attempt-004-full/final/gds/tt_um_sram_probe.gds, topcell=, output to /home/wayne/devel/jane/hardcaml_asic/.toolchain/tt-sram-s3-cfa06bae/precheck/reports/drc_pin_label_purposes_overlapping_drawing.xml
  deep:true tiled:false threads:32
--- #err|description, table for cell: 
NO-Check ----        pwell:64/44/EMP   122/16/EMP    64/59/EMP    44/16/EMP     44/5/EMP
         ----        nwell:64/20/EMP    64/16/EMP     64/5/EMP
         ----         diff:65/20/EMP    65/16/EMP     65/6/EMP
         ----          tap:65/44/EMP    65/48/EMP     65/5/EMP
         ----         poly:66/20/EMP    66/16/EMP     66/5/EMP
         ----       licon1:66/44/EMP    66/58/EMP
         ----          li1:67/20/EMP    67/16/EMP     67/5/EMP
         ----         mcon:67/44/EMP    67/48/EMP
         ----         met1:68/20/EMP    68/16/EMP     68/5/EMP
         ----          via:68/44/EMP    68/58/EMP
         ----         met2:69/20/EMP    69/16/EMP     69/5/EMP
         ----         via2:69/44/EMP    69/58/EMP
         ----         met3:70/20/EMP    70/16/EMP     70/5/EMP
         ----         via3:70/44/EMP    70/48/EMP
         ----         met4:71/20/EMP    71/16/EMP     71/5/EMP
         ----         via4:71/44/EMP    71/48/EMP
         ----         met5:72/20/EMP    72/16/EMP     72/5/EMP
         ----          pad:76/20/EMP     76/5/EMP    76/16/EMP
         ----          pnp:82/44/EMP    82/59/EMP
         ----          npn:82/20/EMP     82/5/EMP
         ----          rdl:74/20/EMP    74/16/EMP     74/5/EMP
         ----     inductor:82/24/EMP    82/25/EMP
       0 total error(s) among 0 error type(s), 33 checks, cell: 
Writing report...
VmPeak:	 1023936 kB
VmHWM:	  431968 kB
INFO: Running klayout sg13cmos5l on /home/wayne/devel/jane/hardcaml_asic/experiments/sram_flow_feasibility/runs/attempt-004-full/final/gds/tt_um_sram_probe.gds
2026-09-20 19:27:11 +0000: Memory Usage (426204K) : Starting running IHP-SG13CMOS5L KLayout DRC runset on /home/wayne/devel/jane/hardcaml_asic/experiments/sram_flow_feasibility/runs/attempt-004-full/final/gds/tt_um_sram_probe.gds
2026-09-20 19:27:11 +0000: Memory Usage (426204K) : Ruby Version for klayout: 3.3.9
2026-09-20 19:27:11 +0000: Memory Usage (432348K) : Loading database to memory is complete.
2026-09-20 19:27:11 +0000: Memory Usage (432348K) : IHP-SG13CMOS5L KLayout DRC runset output at: /home/wayne/devel/jane/hardcaml_asic/.toolchain/tt-sram-s3-cfa06bae/precheck/reports/drc_sg13cmos5l.xml
2026-09-20 19:27:11 +0000: Memory Usage (432604K) : Evaluate switches.
2026-09-20 19:27:11 +0000: Memory Usage (432604K) : tables selected: main
2026-09-20 19:27:11 +0000: Memory Usage (432604K) : KLayout will use 32 thread(s) in tiled mode.
2026-09-20 19:27:11 +0000: Memory Usage (432604K) :  mode is enabled.
2026-09-20 19:27:11 +0000: Memory Usage (432604K) : FEOL enabled: true
2026-09-20 19:27:11 +0000: Memory Usage (432604K) : BEOL enabled: true
2026-09-20 19:27:11 +0000: Memory Usage (432604K) : OFFGRID enabled: true
2026-09-20 19:27:11 +0000: Memory Usage (432604K) : ANGLE enabled: true
2026-09-20 19:27:11 +0000: Memory Usage (432604K) : PIN enabled: true
2026-09-20 19:27:11 +0000: Memory Usage (432604K) : FORBIDDEN enabled: true
2026-09-20 19:27:11 +0000: Memory Usage (432604K) : RECOMMENDED enabled: true
2026-09-20 19:27:11 +0000: Memory Usage (432604K) : PreCheck DRC enabled: false
2026-09-20 19:27:11 +0000: Memory Usage (432604K) : CONNECTIVITY_RULES enabled: true.
2026-09-20 19:27:11 +0000: Memory Usage (432604K) : Read in polygons from layers.
2026-09-20 19:27:12 +0000: Memory Usage (486876K) : activ_drw has 146097 polygons
2026-09-20 19:27:12 +0000: Memory Usage (486876K) : activ_pin has 0 polygons
2026-09-20 19:27:12 +0000: Memory Usage (486876K) : activ_mask has 0 polygons
2026-09-20 19:27:12 +0000: Memory Usage (486876K) : activ_filler has 0 polygons
2026-09-20 19:27:12 +0000: Memory Usage (486876K) : activ_nofill has 0 polygons
2026-09-20 19:27:12 +0000: Memory Usage (486876K) : activ_opc has 0 polygons
2026-09-20 19:27:12 +0000: Memory Usage (486876K) : activ_iopc has 0 polygons
2026-09-20 19:27:12 +0000: Memory Usage (486876K) : activ_noqrc has 0 polygons
2026-09-20 19:27:12 +0000: Memory Usage (486876K) : biwind_drw has 0 polygons
2026-09-20 19:27:12 +0000: Memory Usage (486876K) : biwind_opc has 0 polygons
2026-09-20 19:27:12 +0000: Memory Usage (486876K) : pemwind_drw has 0 polygons
2026-09-20 19:27:13 +0000: Memory Usage (487132K) : gatpoly_drw has 222283 polygons
2026-09-20 19:27:13 +0000: Memory Usage (487132K) : gatpoly_pin has 0 polygons
2026-09-20 19:27:13 +0000: Memory Usage (487132K) : gatpoly_filler has 0 polygons
2026-09-20 19:27:13 +0000: Memory Usage (487132K) : gatpoly_nofill has 0 polygons
2026-09-20 19:27:13 +0000: Memory Usage (487132K) : gatpoly_opc has 0 polygons
2026-09-20 19:27:13 +0000: Memory Usage (487132K) : gatpoly_iopc has 0 polygons
2026-09-20 19:27:13 +0000: Memory Usage (487132K) : gatpoly_noqrc has 0 polygons
2026-09-20 19:27:17 +0000: Memory Usage (721728K) : cont_drw has 1654902 polygons
2026-09-20 19:27:17 +0000: Memory Usage (721728K) : cont_opc has 0 polygons
2026-09-20 19:27:17 +0000: Memory Usage (721728K) : nsd_drw has 0 polygons
2026-09-20 19:27:17 +0000: Memory Usage (721728K) : nsd_block has 0 polygons
2026-09-20 19:27:20 +0000: Memory Usage (721728K) : metal1_drw has 29491 polygons
2026-09-20 19:27:21 +0000: Memory Usage (721728K) : metal1_pin has 2907 polygons
2026-09-20 19:27:21 +0000: Memory Usage (721728K) : metal1_mask has 0 polygons
2026-09-20 19:27:21 +0000: Memory Usage (721728K) : metal1_filler has 0 polygons
2026-09-20 19:27:21 +0000: Memory Usage (721728K) : metal1_nofill has 0 polygons
2026-09-20 19:27:21 +0000: Memory Usage (721728K) : metal1_slit has 0 polygons
2026-09-20 19:27:21 +0000: Memory Usage (721728K) : metal1_text has 138525 polygons
2026-09-20 19:27:21 +0000: Memory Usage (721728K) : metal1_opc has 0 polygons
2026-09-20 19:27:21 +0000: Memory Usage (721728K) : metal1_noqrc has 0 polygons
2026-09-20 19:27:21 +0000: Memory Usage (721728K) : metal1_res has 15 polygons
2026-09-20 19:27:21 +0000: Memory Usage (721728K) : metal1_iprobe has 0 polygons
2026-09-20 19:27:21 +0000: Memory Usage (721728K) : metal1_diffprb has 0 polygons
2026-09-20 19:27:21 +0000: Memory Usage (721728K) : passiv_drw has 0 polygons
2026-09-20 19:27:21 +0000: Memory Usage (721728K) : passiv_pin has 0 polygons
2026-09-20 19:27:21 +0000: Memory Usage (721728K) : passiv_sbump has 0 polygons
2026-09-20 19:27:21 +0000: Memory Usage (721728K) : passiv_pillar has 0 polygons
2026-09-20 19:27:21 +0000: Memory Usage (721728K) : passiv_pdl has 0 polygons
2026-09-20 19:27:21 +0000: Memory Usage (721728K) : metal2_drw has 11686 polygons
2026-09-20 19:27:21 +0000: Memory Usage (721728K) : metal2_pin has 10529 polygons
2026-09-20 19:27:21 +0000: Memory Usage (721728K) : metal2_mask has 0 polygons
2026-09-20 19:27:21 +0000: Memory Usage (721728K) : metal2_filler has 0 polygons
2026-09-20 19:27:21 +0000: Memory Usage (721728K) : metal2_nofill has 0 polygons
2026-09-20 19:27:21 +0000: Memory Usage (721728K) : metal2_slit has 0 polygons
2026-09-20 19:27:21 +0000: Memory Usage (721728K) : metal2_text has 30140 polygons
2026-09-20 19:27:21 +0000: Memory Usage (721728K) : metal2_opc has 0 polygons
2026-09-20 19:27:21 +0000: Memory Usage (721728K) : metal2_noqrc has 0 polygons
2026-09-20 19:27:21 +0000: Memory Usage (721728K) : metal2_res has 8200 polygons
2026-09-20 19:27:21 +0000: Memory Usage (721728K) : metal2_iprobe has 0 polygons
2026-09-20 19:27:21 +0000: Memory Usage (721728K) : metal2_diffprb has 0 polygons
2026-09-20 19:27:21 +0000: Memory Usage (721728K) : baspoly_drw has 0 polygons
2026-09-20 19:27:21 +0000: Memory Usage (721728K) : baspoly_pin has 0 polygons
2026-09-20 19:27:22 +0000: Memory Usage (721728K) : psd_drw has 959 polygons
2026-09-20 19:27:22 +0000: Memory Usage (721728K) : nldb_drw has 0 polygons
2026-09-20 19:27:22 +0000: Memory Usage (721728K) : digibnd_drw has 3 polygons
2026-09-20 19:27:22 +0000: Memory Usage (721728K) : via1_drw has 50360 polygons
2026-09-20 19:27:22 +0000: Memory Usage (721728K) : backmetal1_drw has 0 polygons
2026-09-20 19:27:22 +0000: Memory Usage (721728K) : backmetal1_pin has 0 polygons
2026-09-20 19:27:22 +0000: Memory Usage (721728K) : backmetal1_mask has 0 polygons
2026-09-20 19:27:22 +0000: Memory Usage (721728K) : backmetal1_filler has 0 polygons
2026-09-20 19:27:22 +0000: Memory Usage (721728K) : backmetal1_nofill has 0 polygons
2026-09-20 19:27:22 +0000: Memory Usage (721728K) : backmetal1_slit has 0 polygons
2026-09-20 19:27:22 +0000: Memory Usage (721728K) : backmetal1_text has 0 polygons
2026-09-20 19:27:22 +0000: Memory Usage (721728K) : backmetal1_opc has 0 polygons
2026-09-20 19:27:22 +0000: Memory Usage (721728K) : backmetal1_noqrc has 0 polygons
2026-09-20 19:27:22 +0000: Memory Usage (721728K) : backmetal1_res has 0 polygons
2026-09-20 19:27:22 +0000: Memory Usage (721728K) : backmetal1_iprobe has 0 polygons
2026-09-20 19:27:22 +0000: Memory Usage (721728K) : backmetal1_diffprb has 0 polygons
2026-09-20 19:27:22 +0000: Memory Usage (721728K) : backpassiv_drw has 0 polygons
2026-09-20 19:27:22 +0000: Memory Usage (721728K) : res_drw has 0 polygons
2026-09-20 19:27:22 +0000: Memory Usage (721728K) : sram_drw has 2 polygons
2026-09-20 19:27:22 +0000: Memory Usage (721728K) : trans_drw has 0 polygons
2026-09-20 19:27:22 +0000: Memory Usage (721728K) : ind_drw has 0 polygons
2026-09-20 19:27:22 +0000: Memory Usage (721728K) : ind_pin has 0 polygons
2026-09-20 19:27:22 +0000: Memory Usage (721728K) : ind_text has 0 polygons
2026-09-20 19:27:22 +0000: Memory Usage (721728K) : salblock_drw has 0 polygons
2026-09-20 19:27:22 +0000: Memory Usage (721728K) : via2_drw has 40804 polygons
2026-09-20 19:27:23 +0000: Memory Usage (721728K) : metal3_drw has 5605 polygons
2026-09-20 19:27:23 +0000: Memory Usage (721728K) : metal3_pin has 17624 polygons
2026-09-20 19:27:23 +0000: Memory Usage (721728K) : metal3_mask has 0 polygons
2026-09-20 19:27:23 +0000: Memory Usage (721728K) : metal3_filler has 0 polygons
2026-09-20 19:27:23 +0000: Memory Usage (721728K) : metal3_nofill has 0 polygons
2026-09-20 19:27:23 +0000: Memory Usage (721728K) : metal3_slit has 0 polygons
2026-09-20 19:27:23 +0000: Memory Usage (721728K) : metal3_text has 13266 polygons
2026-09-20 19:27:23 +0000: Memory Usage (721728K) : metal3_opc has 0 polygons
2026-09-20 19:27:23 +0000: Memory Usage (721728K) : metal3_noqrc has 0 polygons
2026-09-20 19:27:23 +0000: Memory Usage (721728K) : metal3_res has 4192 polygons
2026-09-20 19:27:23 +0000: Memory Usage (721728K) : metal3_iprobe has 0 polygons
2026-09-20 19:27:23 +0000: Memory Usage (721728K) : metal3_diffprb has 0 polygons
2026-09-20 19:27:23 +0000: Memory Usage (721728K) : nwell_drw has 155 polygons
2026-09-20 19:27:23 +0000: Memory Usage (721728K) : nwell_pin has 0 polygons
2026-09-20 19:27:23 +0000: Memory Usage (721728K) : nbulay_drw has 0 polygons
2026-09-20 19:27:23 +0000: Memory Usage (721728K) : nbulay_pin has 0 polygons
2026-09-20 19:27:23 +0000: Memory Usage (721728K) : nbulay_block has 0 polygons
2026-09-20 19:27:23 +0000: Memory Usage (721728K) : emwind_drw has 0 polygons
2026-09-20 19:27:23 +0000: Memory Usage (721728K) : emwind_opc has 0 polygons
2026-09-20 19:27:23 +0000: Memory Usage (721728K) : deepco_drw has 0 polygons
2026-09-20 19:27:23 +0000: Memory Usage (721728K) : deepco_drw has 0 polygons
2026-09-20 19:27:23 +0000: Memory Usage (721728K) : mim_drw has 0 polygons
2026-09-20 19:27:23 +0000: Memory Usage (721728K) : edgeseal_drw has 0 polygons
2026-09-20 19:27:23 +0000: Memory Usage (721728K) : edgeseal_bound has 0 polygons
2026-09-20 19:27:23 +0000: Memory Usage (721728K) : substrate_drw has 0 polygons
2026-09-20 19:27:23 +0000: Memory Usage (721728K) : substrate_text has 0 polygons
2026-09-20 19:27:23 +0000: Memory Usage (721728K) : dfpad_drw has 0 polygons
2026-09-20 19:27:23 +0000: Memory Usage (721728K) : dfpad_pillar has 0 polygons
2026-09-20 19:27:23 +0000: Memory Usage (721728K) : dfpad_sbump has 0 polygons
2026-09-20 19:27:23 +0000: Memory Usage (721728K) : thickgateox_drw has 0 polygons
2026-09-20 19:27:24 +0000: Memory Usage (721728K) : pldb_drw has 0 polygons
2026-09-20 19:27:24 +0000: Memory Usage (721728K) : pwell_drw has 0 polygons
2026-09-20 19:27:24 +0000: Memory Usage (721728K) : pwell_pin has 0 polygons
2026-09-20 19:27:24 +0000: Memory Usage (721728K) : pwell_block has 0 polygons
2026-09-20 19:27:24 +0000: Memory Usage (721728K) : ic_drw has 0 polygons
2026-09-20 19:27:24 +0000: Memory Usage (721728K) : via3_drw has 37202 polygons
2026-09-20 19:27:24 +0000: Memory Usage (721728K) : metal4_drw has 171 polygons
2026-09-20 19:27:24 +0000: Memory Usage (721728K) : metal4_pin has 161 polygons
2026-09-20 19:27:24 +0000: Memory Usage (721728K) : metal4_mask has 0 polygons
2026-09-20 19:27:24 +0000: Memory Usage (721728K) : metal4_filler has 0 polygons
2026-09-20 19:27:24 +0000: Memory Usage (721728K) : metal4_nofill has 0 polygons
2026-09-20 19:27:24 +0000: Memory Usage (721728K) : metal4_slit has 0 polygons
2026-09-20 19:27:24 +0000: Memory Usage (721728K) : metal4_text has 101 polygons
2026-09-20 19:27:24 +0000: Memory Usage (721728K) : metal4_opc has 0 polygons
2026-09-20 19:27:24 +0000: Memory Usage (721728K) : metal4_noqrc has 0 polygons
2026-09-20 19:27:24 +0000: Memory Usage (721728K) : metal4_res has 0 polygons
2026-09-20 19:27:24 +0000: Memory Usage (721728K) : metal4_iprobe has 0 polygons
2026-09-20 19:27:24 +0000: Memory Usage (721728K) : metal4_diffprb has 0 polygons
2026-09-20 19:27:24 +0000: Memory Usage (721728K) : heattrans_drw has 0 polygons
2026-09-20 19:27:24 +0000: Memory Usage (721728K) : heatres_drw has 0 polygons
2026-09-20 19:27:24 +0000: Memory Usage (721728K) : pempoly_drw has 0 polygons
2026-09-20 19:27:24 +0000: Memory Usage (721728K) : fbe_drw has 0 polygons
2026-09-20 19:27:24 +0000: Memory Usage (721728K) : empoly_drw has 0 polygons
2026-09-20 19:27:24 +0000: Memory Usage (721728K) : ldmos_drw has 0 polygons
2026-09-20 19:27:24 +0000: Memory Usage (721728K) : pbiwind_drw has 0 polygons
2026-09-20 19:27:24 +0000: Memory Usage (721728K) : digisub_drw has 0 polygons
2026-09-20 19:27:24 +0000: Memory Usage (721728K) : nodrc_drw has 0 polygons
2026-09-20 19:27:24 +0000: Memory Usage (721728K) : text_drw has 50564 polygons
2026-09-20 19:27:24 +0000: Memory Usage (721728K) : via4_drw has 0 polygons
2026-09-20 19:27:24 +0000: Memory Usage (721728K) : metal5_drw has 0 polygons
2026-09-20 19:27:24 +0000: Memory Usage (721728K) : metal5_pin has 0 polygons
2026-09-20 19:27:24 +0000: Memory Usage (721728K) : metal5_mask has 0 polygons
2026-09-20 19:27:24 +0000: Memory Usage (721728K) : metal5_filler has 0 polygons
2026-09-20 19:27:24 +0000: Memory Usage (721728K) : metal5_nofill has 0 polygons
2026-09-20 19:27:24 +0000: Memory Usage (721728K) : metal5_slit has 0 polygons
2026-09-20 19:27:24 +0000: Memory Usage (721728K) : metal5_text has 0 polygons
2026-09-20 19:27:24 +0000: Memory Usage (721728K) : metal5_opc has 0 polygons
2026-09-20 19:27:24 +0000: Memory Usage (721728K) : metal5_noqrc has 0 polygons
2026-09-20 19:27:24 +0000: Memory Usage (721728K) : metal5_res has 0 polygons
2026-09-20 19:27:24 +0000: Memory Usage (721728K) : metal5_iprobe has 0 polygons
2026-09-20 19:27:24 +0000: Memory Usage (721728K) : metal5_diffprb has 0 polygons
2026-09-20 19:27:24 +0000: Memory Usage (721728K) : radhard_drw has 0 polygons
2026-09-20 19:27:24 +0000: Memory Usage (721728K) : memcap_drw has 0 polygons
2026-09-20 19:27:24 +0000: Memory Usage (721728K) : varicap_drw has 0 polygons
2026-09-20 19:27:24 +0000: Memory Usage (721728K) : flash_drw has 0 polygons
2026-09-20 19:27:24 +0000: Memory Usage (721728K) : intbondvia_drw has 0 polygons
2026-09-20 19:27:24 +0000: Memory Usage (721728K) : intbondmet_drw has 0 polygons
2026-09-20 19:27:24 +0000: Memory Usage (721728K) : devbondvia_drw has 0 polygons
2026-09-20 19:27:24 +0000: Memory Usage (721728K) : devbondmet_drw has 0 polygons
2026-09-20 19:27:24 +0000: Memory Usage (721728K) : devtrench_drw has 0 polygons
2026-09-20 19:27:24 +0000: Memory Usage (721728K) : redist_drw has 0 polygons
2026-09-20 19:27:24 +0000: Memory Usage (721728K) : graphbot_drw has 0 polygons
2026-09-20 19:27:24 +0000: Memory Usage (721728K) : graphtop_drw has 0 polygons
2026-09-20 19:27:24 +0000: Memory Usage (721728K) : antvia1_drw has 0 polygons
2026-09-20 19:27:24 +0000: Memory Usage (721728K) : antmetal2_drw has 0 polygons
2026-09-20 19:27:24 +0000: Memory Usage (721728K) : graphcont_drw has 0 polygons
2026-09-20 19:27:24 +0000: Memory Usage (721728K) : siwg_drw has 0 polygons
2026-09-20 19:27:24 +0000: Memory Usage (721728K) : siwg_filler has 0 polygons
2026-09-20 19:27:24 +0000: Memory Usage (721728K) : siwg_nofill has 0 polygons
2026-09-20 19:27:24 +0000: Memory Usage (721728K) : sigrating_drw has 0 polygons
2026-09-20 19:27:24 +0000: Memory Usage (721728K) : singrating_drw has 0 polygons
2026-09-20 19:27:24 +0000: Memory Usage (721728K) : graphpas_drw has 0 polygons
2026-09-20 19:27:24 +0000: Memory Usage (721728K) : emwind3_drw has 0 polygons
2026-09-20 19:27:24 +0000: Memory Usage (721728K) : emwihv3_drw has 0 polygons
2026-09-20 19:27:24 +0000: Memory Usage (721728K) : redbulay_drw has 0 polygons
2026-09-20 19:27:24 +0000: Memory Usage (721728K) : smos_drw has 0 polygons
2026-09-20 19:27:24 +0000: Memory Usage (721728K) : graphpad_drw has 0 polygons
2026-09-20 19:27:24 +0000: Memory Usage (721728K) : polimide_drw has 0 polygons
2026-09-20 19:27:24 +0000: Memory Usage (721728K) : polimide_pin has 0 polygons
2026-09-20 19:27:24 +0000: Memory Usage (721728K) : recog_drw has 0 polygons
2026-09-20 19:27:24 +0000: Memory Usage (721728K) : recog_pin has 0 polygons
2026-09-20 19:27:24 +0000: Memory Usage (721728K) : recog_esd has 0 polygons
2026-09-20 19:27:24 +0000: Memory Usage (721728K) : recog_diode has 6 polygons
2026-09-20 19:27:25 +0000: Memory Usage (721728K) : recog_tsv has 0 polygons
2026-09-20 19:27:25 +0000: Memory Usage (721728K) : recog_iprobe has 0 polygons
2026-09-20 19:27:25 +0000: Memory Usage (721728K) : recog_diffprb has 0 polygons
2026-09-20 19:27:25 +0000: Memory Usage (721728K) : recog_pillar has 0 polygons
2026-09-20 19:27:25 +0000: Memory Usage (721728K) : recog_sbump has 0 polygons
2026-09-20 19:27:25 +0000: Memory Usage (721728K) : recog_otp has 0 polygons
2026-09-20 19:27:25 +0000: Memory Usage (721728K) : recog_pdiode has 0 polygons
2026-09-20 19:27:25 +0000: Memory Usage (721728K) : recog_mom has 0 polygons
2026-09-20 19:27:25 +0000: Memory Usage (721728K) : recog_momf has 0 polygons
2026-09-20 19:27:25 +0000: Memory Usage (721728K) : recog_pcm has 0 polygons
2026-09-20 19:27:25 +0000: Memory Usage (721728K) : colopen_drw has 0 polygons
2026-09-20 19:27:25 +0000: Memory Usage (721728K) : graphmetal1_drw has 0 polygons
2026-09-20 19:27:25 +0000: Memory Usage (721728K) : graphmetal1_filler has 0 polygons
2026-09-20 19:27:25 +0000: Memory Usage (721728K) : graphmetal1_nofill has 0 polygons
2026-09-20 19:27:25 +0000: Memory Usage (721728K) : graphmetal1_slit has 0 polygons
2026-09-20 19:27:25 +0000: Memory Usage (721728K) : graphmetal1_opc has 0 polygons
2026-09-20 19:27:25 +0000: Memory Usage (721728K) : graphmet1l_drw has 0 polygons
2026-09-20 19:27:25 +0000: Memory Usage (721728K) : graphmet1l_filler has 0 polygons
2026-09-20 19:27:25 +0000: Memory Usage (721728K) : graphmet1l_nofill has 0 polygons
2026-09-20 19:27:25 +0000: Memory Usage (721728K) : graphmet1l_slit has 0 polygons
2026-09-20 19:27:25 +0000: Memory Usage (721728K) : graphmet1l_opc has 0 polygons
2026-09-20 19:27:25 +0000: Memory Usage (721728K) : extblock_drw has 0 polygons
2026-09-20 19:27:25 +0000: Memory Usage (721728K) : nldd_drw has 0 polygons
2026-09-20 19:27:25 +0000: Memory Usage (721728K) : pldd_drw has 0 polygons
2026-09-20 19:27:25 +0000: Memory Usage (721728K) : next_drw has 0 polygons
2026-09-20 19:27:25 +0000: Memory Usage (721728K) : pext_drw has 0 polygons
2026-09-20 19:27:25 +0000: Memory Usage (721728K) : nexthv_drw has 0 polygons
2026-09-20 19:27:25 +0000: Memory Usage (721728K) : pexthv_drw has 0 polygons
2026-09-20 19:27:25 +0000: Memory Usage (721728K) : graphgate_drw has 0 polygons
2026-09-20 19:27:25 +0000: Memory Usage (721728K) : sinwg_drw has 0 polygons
2026-09-20 19:27:25 +0000: Memory Usage (721728K) : sinwg_filler has 0 polygons
2026-09-20 19:27:25 +0000: Memory Usage (721728K) : sinwg_nofill has 0 polygons
2026-09-20 19:27:25 +0000: Memory Usage (721728K) : mempad_drw has 0 polygons
2026-09-20 19:27:25 +0000: Memory Usage (721728K) : topvia1_drw has 0 polygons
2026-09-20 19:27:25 +0000: Memory Usage (721728K) : topmetal1_drw has 0 polygons
2026-09-20 19:27:25 +0000: Memory Usage (721728K) : topmetal1_pin has 0 polygons
2026-09-20 19:27:25 +0000: Memory Usage (721728K) : topmetal1_mask has 0 polygons
2026-09-20 19:27:25 +0000: Memory Usage (721728K) : topmetal1_filler has 0 polygons
2026-09-20 19:27:25 +0000: Memory Usage (721728K) : topmetal1_nofill has 0 polygons
2026-09-20 19:27:25 +0000: Memory Usage (721728K) : topmetal1_slit has 0 polygons
2026-09-20 19:27:25 +0000: Memory Usage (721728K) : topmetal1_text has 0 polygons
2026-09-20 19:27:25 +0000: Memory Usage (721728K) : topmetal1_noqrc has 0 polygons
2026-09-20 19:27:25 +0000: Memory Usage (721728K) : topmetal1_res has 0 polygons
2026-09-20 19:27:25 +0000: Memory Usage (721728K) : topmetal1_iprobe has 0 polygons
2026-09-20 19:27:25 +0000: Memory Usage (721728K) : topmetal1_diffprb has 0 polygons
2026-09-20 19:27:25 +0000: Memory Usage (721728K) : inldpwl_drw has 0 polygons
2026-09-20 19:27:25 +0000: Memory Usage (721728K) : polyres_drw has 0 polygons
2026-09-20 19:27:25 +0000: Memory Usage (721728K) : polyres_pin has 0 polygons
2026-09-20 19:27:25 +0000: Memory Usage (721728K) : vmim_drw has 0 polygons
2026-09-20 19:27:25 +0000: Memory Usage (721728K) : nbulaycut_drw has 0 polygons
2026-09-20 19:27:25 +0000: Memory Usage (721728K) : antmetal1_drw has 0 polygons
2026-09-20 19:27:25 +0000: Memory Usage (721728K) : topvia2_drw has 0 polygons
2026-09-20 19:27:25 +0000: Memory Usage (721728K) : topmetal2_drw has 0 polygons
2026-09-20 19:27:25 +0000: Memory Usage (721728K) : topmetal2_pin has 0 polygons
2026-09-20 19:27:25 +0000: Memory Usage (721728K) : topmetal2_mask has 0 polygons
2026-09-20 19:27:25 +0000: Memory Usage (721728K) : topmetal2_filler has 0 polygons
2026-09-20 19:27:25 +0000: Memory Usage (721728K) : topmetal2_nofill has 0 polygons
2026-09-20 19:27:25 +0000: Memory Usage (721728K) : topmetal2_slit has 0 polygons
2026-09-20 19:27:25 +0000: Memory Usage (721728K) : topmetal2_text has 0 polygons
2026-09-20 19:27:25 +0000: Memory Usage (721728K) : topmetal2_noqrc has 0 polygons
2026-09-20 19:27:25 +0000: Memory Usage (721728K) : topmetal2_res has 0 polygons
2026-09-20 19:27:25 +0000: Memory Usage (721728K) : topmetal2_iprobe has 0 polygons
2026-09-20 19:27:25 +0000: Memory Usage (721728K) : topmetal2_diffprb has 0 polygons
2026-09-20 19:27:25 +0000: Memory Usage (721728K) : snsring_drw has 0 polygons
2026-09-20 19:27:25 +0000: Memory Usage (721728K) : sensor_drw has 0 polygons
2026-09-20 19:27:25 +0000: Memory Usage (721728K) : snsarms_drw has 0 polygons
2026-09-20 19:27:25 +0000: Memory Usage (721728K) : snscmosvia_drw has 0 polygons
2026-09-20 19:27:25 +0000: Memory Usage (721728K) : colwind_drw has 0 polygons
2026-09-20 19:27:25 +0000: Memory Usage (721728K) : flm_drw has 0 polygons
2026-09-20 19:27:25 +0000: Memory Usage (721728K) : hafniumox_drw has 0 polygons
2026-09-20 19:27:25 +0000: Memory Usage (721728K) : memvia_drw has 0 polygons
2026-09-20 19:27:25 +0000: Memory Usage (721728K) : thinfilmres_drw has 0 polygons
2026-09-20 19:27:25 +0000: Memory Usage (721728K) : rfmem_drw has 0 polygons
2026-09-20 19:27:25 +0000: Memory Usage (721728K) : norcx_drw has 0 polygons
2026-09-20 19:27:25 +0000: Memory Usage (721728K) : norcx_m2m3 has 0 polygons
2026-09-20 19:27:25 +0000: Memory Usage (721728K) : norcx_m2m4 has 0 polygons
2026-09-20 19:27:25 +0000: Memory Usage (721728K) : norcx_m2m5 has 0 polygons
2026-09-20 19:27:25 +0000: Memory Usage (721728K) : norcx_m2tm1 has 0 polygons
2026-09-20 19:27:25 +0000: Memory Usage (721728K) : norcx_m2tm2 has 0 polygons
2026-09-20 19:27:25 +0000: Memory Usage (721728K) : norcx_m3m4 has 0 polygons
2026-09-20 19:27:25 +0000: Memory Usage (721728K) : norcx_m3m5 has 0 polygons
2026-09-20 19:27:25 +0000: Memory Usage (721728K) : norcx_m3tm1 has 0 polygons
2026-09-20 19:27:25 +0000: Memory Usage (721728K) : norcx_m3tm2 has 0 polygons
2026-09-20 19:27:25 +0000: Memory Usage (721728K) : norcx_m4m5 has 0 polygons
2026-09-20 19:27:25 +0000: Memory Usage (721728K) : norcx_m4tm1 has 0 polygons
2026-09-20 19:27:25 +0000: Memory Usage (721728K) : norcx_m4tm2 has 0 polygons
2026-09-20 19:27:25 +0000: Memory Usage (721728K) : norcx_m5tm1 has 0 polygons
2026-09-20 19:27:25 +0000: Memory Usage (721728K) : norcx_m5tm2 has 0 polygons
2026-09-20 19:27:25 +0000: Memory Usage (721728K) : norcx_tm1tm2 has 0 polygons
2026-09-20 19:27:25 +0000: Memory Usage (721728K) : norcx_m1sub has 0 polygons
2026-09-20 19:27:25 +0000: Memory Usage (721728K) : norcx_m2sub has 0 polygons
2026-09-20 19:27:25 +0000: Memory Usage (721728K) : norcx_m3sub has 0 polygons
2026-09-20 19:27:25 +0000: Memory Usage (721728K) : norcx_m4sub has 0 polygons
2026-09-20 19:27:25 +0000: Memory Usage (721728K) : norcx_m5sub has 0 polygons
2026-09-20 19:27:25 +0000: Memory Usage (721728K) : norcx_tm1sub has 0 polygons
2026-09-20 19:27:25 +0000: Memory Usage (721728K) : norcx_tm2sub has 0 polygons
2026-09-20 19:27:26 +0000: Memory Usage (721728K) : snsbotvia_drw has 0 polygons
2026-09-20 19:27:26 +0000: Memory Usage (721728K) : snstopvia_drw has 0 polygons
2026-09-20 19:27:26 +0000: Memory Usage (721728K) : deepvia_drw has 0 polygons
2026-09-20 19:27:26 +0000: Memory Usage (721728K) : fgetch_drw has 0 polygons
2026-09-20 19:27:26 +0000: Memory Usage (721728K) : ctrgat_drw has 0 polygons
2026-09-20 19:27:26 +0000: Memory Usage (721728K) : fgimp_drw has 0 polygons
2026-09-20 19:27:26 +0000: Memory Usage (721728K) : emwihv_drw has 0 polygons
2026-09-20 19:27:26 +0000: Memory Usage (721728K) : lbe_drw has 0 polygons
2026-09-20 19:27:26 +0000: Memory Usage (721728K) : alcustop_drw has 0 polygons
2026-09-20 19:27:26 +0000: Memory Usage (721728K) : nometfiller_drw has 0 polygons
2026-09-20 19:27:26 +0000: Memory Usage (721728K) : prboundary_drw has 0 polygons
2026-09-20 19:27:26 +0000: Memory Usage (721728K) : exchange0_drw has 0 polygons
2026-09-20 19:27:26 +0000: Memory Usage (721728K) : exchange0_pin has 0 polygons
2026-09-20 19:27:26 +0000: Memory Usage (721728K) : exchange0_text has 0 polygons
2026-09-20 19:27:26 +0000: Memory Usage (721728K) : exchange1_drw has 0 polygons
2026-09-20 19:27:26 +0000: Memory Usage (721728K) : exchange1_pin has 0 polygons
2026-09-20 19:27:26 +0000: Memory Usage (721728K) : exchange1_text has 0 polygons
2026-09-20 19:27:26 +0000: Memory Usage (721728K) : exchange2_drw has 0 polygons
2026-09-20 19:27:26 +0000: Memory Usage (721728K) : exchange2_pin has 0 polygons
2026-09-20 19:27:26 +0000: Memory Usage (721728K) : exchange2_text has 0 polygons
2026-09-20 19:27:26 +0000: Memory Usage (721728K) : exchange3_drw has 0 polygons
2026-09-20 19:27:26 +0000: Memory Usage (721728K) : exchange3_pin has 0 polygons
2026-09-20 19:27:26 +0000: Memory Usage (721728K) : exchange3_text has 0 polygons
2026-09-20 19:27:26 +0000: Memory Usage (721728K) : exchange4_drw has 0 polygons
2026-09-20 19:27:26 +0000: Memory Usage (721728K) : exchange4_pin has 0 polygons
2026-09-20 19:27:26 +0000: Memory Usage (721728K) : exchange4_text has 0 polygons
2026-09-20 19:27:26 +0000: Memory Usage (721728K) : isonwell_drw has 0 polygons
2026-09-20 19:27:26 +0000: Memory Usage (721728K) : Total no. of polygons in the design is 2475950
2026-09-20 19:27:26 +0000: Memory Usage (721728K) : Loaded TECH DRC rules values from /home/wayne/devel/jane/hardcaml_asic/.toolchain/pdk/ihp-sg13cmos5l/libs.tech/klayout/tech/drc/../../python/sg13cmos5l_pycell_lib/sg13cmos5l_tech_mod.json
2026-09-20 19:27:26 +0000: Memory Usage (721728K) : Loaded default DRC rules values from /home/wayne/devel/jane/hardcaml_asic/.toolchain/pdk/ihp-sg13cmos5l/libs.tech/klayout/tech/drc/../../../../../ihp-sg13g2/libs.tech/klayout/tech/drc/rule_decks/sg13g2_tech_default.json
2026-09-20 19:27:26 +0000: Memory Usage (721728K) : The following rules values were missing in tech json and default values were used:
2026-09-20 19:27:26 +0000: Memory Usage (721728K) :   - npn_ring
2026-09-20 19:27:26 +0000: Memory Usage (721728K) :   - npn13G2_bR
2026-09-20 19:27:26 +0000: Memory Usage (721728K) :   - npn13G2L_cR
2026-09-20 19:27:26 +0000: Memory Usage (721728K) :   - npn13G2V_cR
2026-09-20 19:27:26 +0000: Memory Usage (721728K) :   - Sdiod_b
2026-09-20 19:27:26 +0000: Memory Usage (721728K) :   - Sdiod_c
2026-09-20 19:27:26 +0000: Memory Usage (721728K) :   - Sdiod_d
2026-09-20 19:27:26 +0000: Memory Usage (721728K) :   - Sdiod_e
2026-09-20 19:27:26 +0000: Memory Usage (721728K) :   - TV2_a
2026-09-20 19:27:26 +0000: Memory Usage (721728K) :   - TV2_b
2026-09-20 19:27:26 +0000: Memory Usage (721728K) :   - TV2_c
2026-09-20 19:27:26 +0000: Memory Usage (721728K) :   - TV2_d
2026-09-20 19:27:26 +0000: Memory Usage (721728K) :   - TM2_a
2026-09-20 19:27:26 +0000: Memory Usage (721728K) :   - TM2_b
2026-09-20 19:27:26 +0000: Memory Usage (721728K) :   - TM2_bR
2026-09-20 19:27:26 +0000: Memory Usage (721728K) :   - TM2_bR_w
2026-09-20 19:27:26 +0000: Memory Usage (721728K) :   - TM2_bR_cr
2026-09-20 19:27:26 +0000: Memory Usage (721728K) :   - TM2_c
2026-09-20 19:27:26 +0000: Memory Usage (721728K) :   - TM2_d
2026-09-20 19:27:26 +0000: Memory Usage (721728K) :   - BM1_a
2026-09-20 19:27:26 +0000: Memory Usage (721728K) :   - BM1_b
2026-09-20 19:27:26 +0000: Memory Usage (721728K) :   - BM1_c
2026-09-20 19:27:26 +0000: Memory Usage (721728K) :   - BM1_d
2026-09-20 19:27:26 +0000: Memory Usage (721728K) :   - BPas_a
2026-09-20 19:27:26 +0000: Memory Usage (721728K) :   - BPas_b
2026-09-20 19:27:26 +0000: Memory Usage (721728K) :   - BPas_c
2026-09-20 19:27:26 +0000: Memory Usage (721728K) :   - TM2Fil_a
2026-09-20 19:27:26 +0000: Memory Usage (721728K) :   - TM2Fil_a1
2026-09-20 19:27:26 +0000: Memory Usage (721728K) :   - TM2Fil_b
2026-09-20 19:27:26 +0000: Memory Usage (721728K) :   - TM2Fil_c
2026-09-20 19:27:26 +0000: Memory Usage (721728K) :   - TM2Fil_d
2026-09-20 19:27:26 +0000: Memory Usage (721728K) :   - TM2Fil_e
2026-09-20 19:27:26 +0000: Memory Usage (721728K) :   - TM2Fil_f
2026-09-20 19:27:26 +0000: Memory Usage (721728K) :   - TM2Fil_g
2026-09-20 19:27:26 +0000: Memory Usage (721728K) :   - TM2Fil_size_x
2026-09-20 19:27:26 +0000: Memory Usage (721728K) :   - TM2Fil_size_y
2026-09-20 19:27:26 +0000: Memory Usage (721728K) :   - TM2Fil_space
2026-09-20 19:27:26 +0000: Memory Usage (721728K) :   - TM2Fil_offset
2026-09-20 19:27:26 +0000: Memory Usage (721728K) :   - BM1Fil_a
2026-09-20 19:27:26 +0000: Memory Usage (721728K) :   - BM1Fil_a1
2026-09-20 19:27:26 +0000: Memory Usage (721728K) :   - BM1Fil_b
2026-09-20 19:27:26 +0000: Memory Usage (721728K) :   - BM1Fil_c
2026-09-20 19:27:26 +0000: Memory Usage (721728K) :   - BM1Fil_d
2026-09-20 19:27:26 +0000: Memory Usage (721728K) :   - BM1Fil_e
2026-09-20 19:27:26 +0000: Memory Usage (721728K) :   - BM1Fil_f
2026-09-20 19:27:26 +0000: Memory Usage (721728K) :   - BM1Fil_g
2026-09-20 19:27:26 +0000: Memory Usage (721728K) :   - BM1Fil_size_x
2026-09-20 19:27:26 +0000: Memory Usage (721728K) :   - BM1Fil_size_y
2026-09-20 19:27:26 +0000: Memory Usage (721728K) :   - BM1Fil_space
2026-09-20 19:27:26 +0000: Memory Usage (721728K) :   - BM1Fil_offset
2026-09-20 19:27:26 +0000: Memory Usage (721728K) :   - Mim_a
2026-09-20 19:27:26 +0000: Memory Usage (721728K) :   - Mim_b
2026-09-20 19:27:26 +0000: Memory Usage (721728K) :   - Mim_c
2026-09-20 19:27:26 +0000: Memory Usage (721728K) :   - Mim_d
2026-09-20 19:27:26 +0000: Memory Usage (721728K) :   - Mim_e
2026-09-20 19:27:26 +0000: Memory Usage (721728K) :   - Mim_f
2026-09-20 19:27:26 +0000: Memory Usage (721728K) :   - Mim_g
2026-09-20 19:27:26 +0000: Memory Usage (721728K) :   - Mim_gR
2026-09-20 19:27:26 +0000: Memory Usage (721984K) : Total area of the design is 916213.9391999999 um^2.
2026-09-20 19:27:26 +0000: Memory Usage (721984K) : The design dimensions are 1289.28 um * 710.64 um.
2026-09-20 19:27:26 +0000: Memory Usage (721984K) : Starting general IHP-SG13CMOS5L derivations.
2026-09-20 19:27:26 +0000: Memory Usage (721984K) : Starting Pwell derivations
2026-09-20 19:27:26 +0000: Memory Usage (723776K) : Starting n-Activ derivations
2026-09-20 19:27:26 +0000: Memory Usage (754752K) : Starting p-Activ derivations
2026-09-20 19:27:27 +0000: Memory Usage (784960K) : Starting ptap derivations
2026-09-20 19:27:27 +0000: Memory Usage (805952K) : Starting ntap derivations
2026-09-20 19:27:27 +0000: Memory Usage (830272K) : Starting pact FET derivations
2026-09-20 19:27:28 +0000: Memory Usage (865344K) : Starting nact FET derivations
2026-09-20 19:27:28 +0000: Memory Usage (898112K) : Starting Gate derivations
2026-09-20 19:27:29 +0000: Memory Usage (904640K) : Starting SVaricap general derivations
2026-09-20 19:27:30 +0000: Memory Usage (907316K) : Starting cont/contbar general derivations
2026-09-20 19:27:30 +0000: Memory Usage (907812K) : Starting pad general derivations (TM1 top)
2026-09-20 19:27:30 +0000: Memory Usage (907812K) : Starting IHP-SG13CMOS5L DRC connectivity related derivations.
2026-09-20 19:27:32 +0000: Memory Usage (932644K) : Starting IHP-SG13CMOS5L DRC connectivity setup
2026-09-20 19:27:57 +0000: Memory Usage (956632K) : Starting IHP-SG13CMOS5L DRC rules.
2026-09-20 19:27:57 +0000: Memory Usage (956632K) : Running all FEOL rules
2026-09-20 19:27:57 +0000: Memory Usage (956632K) : Running all BEOL rules
2026-09-20 19:27:57 +0000: Memory Usage (956632K) : Running all PIN rules
2026-09-20 19:27:57 +0000: Memory Usage (956632K) : Running all FORBIDDEN rules
2026-09-20 19:27:57 +0000: Memory Usage (956632K) : Starting 5.1 NWell table
2026-09-20 19:27:57 +0000: Memory Usage (956632K) : Executing rule NW.b
2026-09-20 19:27:57 +0000: Memory Usage (957400K) : Executing rule NW.b1
2026-09-20 19:27:57 +0000: Memory Usage (957656K) : Executing rule NW.f1
2026-09-20 19:27:57 +0000: Memory Usage (957656K) : Executing rule NW.f1.digibnd
2026-09-20 19:27:57 +0000: Memory Usage (957656K) : Starting 5.2 PWell:block
2026-09-20 19:27:57 +0000: Memory Usage (957656K) : Executing rule PWB.e
2026-09-20 19:27:57 +0000: Memory Usage (957656K) : Executing rule PWB.e1
2026-09-20 19:27:57 +0000: Memory Usage (957656K) : Executing rule PWB.f
2026-09-20 19:27:57 +0000: Memory Usage (957656K) : Executing rule PWB.f1
2026-09-20 19:27:57 +0000: Memory Usage (957656K) : Starting 5.3 nBuLay table
2026-09-20 19:27:57 +0000: Memory Usage (957656K) : nBuLay (32/0) is a FORBIDDEN layer in CMOS5L - skipping NBL rules
2026-09-20 19:27:57 +0000: Memory Usage (957656K) : Starting 5.5. Activ table
2026-09-20 19:27:57 +0000: Memory Usage (957656K) : Executing rule Act.a
2026-09-20 19:27:57 +0000: Memory Usage (957656K) : Executing rule Act.b
2026-09-20 19:27:58 +0000: Memory Usage (987864K) : Starting 5.6 Activ:filler table
2026-09-20 19:27:58 +0000: Memory Usage (987864K) : Executing rule AFil.c1
2026-09-20 19:27:58 +0000: Memory Usage (987864K) : Executing rule AFil.c
2026-09-20 19:27:58 +0000: Memory Usage (987864K) : Executing rule AFil.d
2026-09-20 19:27:58 +0000: Memory Usage (987864K) : Skipping rule AFil.e (TRANS is forbidden in CMOS5L)
2026-09-20 19:27:58 +0000: Memory Usage (987864K) : Executing rule AFil.j
2026-09-20 19:27:58 +0000: Memory Usage (987864K) : Starting 5.7. ThickGateOx table
2026-09-20 19:27:58 +0000: Memory Usage (987864K) : Executing rule TGO.f
2026-09-20 19:27:58 +0000: Memory Usage (987864K) : Starting 5.8. GatPoly table
2026-09-20 19:27:58 +0000: Memory Usage (987864K) : Executing rule Gat.a
2026-09-20 19:27:58 +0000: Memory Usage (987864K) : Executing rule Gat.b
2026-09-20 19:27:58 +0000: Memory Usage (1011672K) : Executing rule Gat.d
2026-09-20 19:27:59 +0000: Memory Usage (1037016K) : Executing rule Gat.a1
2026-09-20 19:28:01 +0000: Memory Usage (1092568K) : Executing rule Gat.a2
2026-09-20 19:28:02 +0000: Memory Usage (1146328K) : Executing rule Gat.g
2026-09-20 19:28:02 +0000: Memory Usage (1146328K) : Starting 5.9 GatPoly:filler
2026-09-20 19:28:03 +0000: Memory Usage (1161432K) : Executing rule GFil.d
2026-09-20 19:28:03 +0000: Memory Usage (1161432K) : Executing rule GFil.e
2026-09-20 19:28:03 +0000: Memory Usage (1161432K) : Executing rule GFil.i
2026-09-20 19:28:03 +0000: Memory Usage (1161432K) : Starting 5.10 pSD table
2026-09-20 19:28:03 +0000: Memory Usage (1161432K) : Executing rule pSD.c1
2026-09-20 19:28:03 +0000: Memory Usage (1189080K) : Starting 5.14. Cont table
2026-09-20 19:28:04 +0000: Memory Usage (1210584K) : Executing rule Cnt.a
2026-09-20 19:28:06 +0000: Memory Usage (1293176K) : Executing rule Cnt.b
2026-09-20 19:28:08 +0000: Memory Usage (1320296K) : Executing rule Cnt.c
2026-09-20 19:28:12 +0000: Memory Usage (1460340K) : Executing rule Cnt.c.digibnd
2026-09-20 19:28:12 +0000: Memory Usage (1515892K) : Executing rule Cnt.c.SRAM
2026-09-20 19:28:12 +0000: Memory Usage (1549684K) : Executing rule Cnt.d
2026-09-20 19:28:13 +0000: Memory Usage (1588596K) : Executing rule Cnt.e
2026-09-20 19:28:14 +0000: Memory Usage (1645684K) : Executing rule Cnt.g1
2026-09-20 19:28:17 +0000: Memory Usage (1711344K) : Executing rule Cnt.g2
2026-09-20 19:28:21 +0000: Memory Usage (1753132K) : Starting 5.15. ContBar table
2026-09-20 19:28:21 +0000: Memory Usage (1753132K) : Executing rule CntB.b1
2026-09-20 19:28:21 +0000: Memory Usage (1753132K) : Executing rule CntB.h1
2026-09-20 19:28:21 +0000: Memory Usage (1753132K) : Starting 7.2 Latch-up table
2026-09-20 19:28:21 +0000: Memory Usage (1753132K) : Executing rule LU.b
2026-09-20 19:28:23 +0000: Memory Usage (1799468K) : Starting 5.16. Metal1 table
2026-09-20 19:28:23 +0000: Memory Usage (1799468K) : Executing rule M1.a
2026-09-20 19:28:24 +0000: Memory Usage (1799468K) : Executing rule M1.b
2026-09-20 19:28:26 +0000: Memory Usage (1801772K) : Executing rule M1.e
2026-09-20 19:28:34 +0000: Memory Usage (1807144K) : Executing rule M1.f
2026-09-20 19:28:38 +0000: Memory Usage (1807144K) : Executing rule M1.g
2026-09-20 19:28:39 +0000: Memory Usage (1807500K) : Executing rule M1.i
2026-09-20 19:28:40 +0000: Memory Usage (1849340K) : Starting 5.17 Metaln table
2026-09-20 19:28:40 +0000: Memory Usage (1849340K) : Executing rule M2.a
2026-09-20 19:28:40 +0000: Memory Usage (1849340K) : Executing rule M2.b
2026-09-20 19:28:40 +0000: Memory Usage (1849848K) : Executing rule M2.e
2026-09-20 19:28:40 +0000: Memory Usage (1850104K) : Executing rule M2.f
2026-09-20 19:28:40 +0000: Memory Usage (1850104K) : Executing rule M2.g
2026-09-20 19:28:40 +0000: Memory Usage (1850104K) : Executing rule M2.i
2026-09-20 19:28:40 +0000: Memory Usage (1849844K) : Executing rule M3.a
2026-09-20 19:28:40 +0000: Memory Usage (1849844K) : Executing rule M3.b
2026-09-20 19:28:40 +0000: Memory Usage (1850100K) : Executing rule M3.e
2026-09-20 19:28:40 +0000: Memory Usage (1850356K) : Executing rule M3.f
2026-09-20 19:28:40 +0000: Memory Usage (1850356K) : Executing rule M3.g
2026-09-20 19:28:40 +0000: Memory Usage (1850612K) : Executing rule M3.i
2026-09-20 19:28:41 +0000: Memory Usage (1850868K) : Executing rule M4.a
2026-09-20 19:28:41 +0000: Memory Usage (1850868K) : Executing rule M4.b
2026-09-20 19:28:41 +0000: Memory Usage (1851124K) : Executing rule M4.e
2026-09-20 19:28:41 +0000: Memory Usage (1851124K) : Executing rule M4.f
2026-09-20 19:28:41 +0000: Memory Usage (1851124K) : Executing rule M4.g
2026-09-20 19:28:41 +0000: Memory Usage (1850864K) : Executing rule M4.i
2026-09-20 19:28:41 +0000: Memory Usage (1850864K) : Starting 5.18 Metaln:filler table
2026-09-20 19:28:41 +0000: Memory Usage (1850864K) : Executing rule M1Fil.c
2026-09-20 19:28:41 +0000: Memory Usage (1850864K) : Executing rule M1Fil.a2
2026-09-20 19:28:41 +0000: Memory Usage (1850864K) : Executing rule M2Fil.c
2026-09-20 19:28:41 +0000: Memory Usage (1850864K) : Executing rule M2Fil.a2
2026-09-20 19:28:41 +0000: Memory Usage (1850864K) : Executing rule M3Fil.c
2026-09-20 19:28:41 +0000: Memory Usage (1850864K) : Executing rule M3Fil.a2
2026-09-20 19:28:41 +0000: Memory Usage (1850864K) : Executing rule M4Fil.c
2026-09-20 19:28:41 +0000: Memory Usage (1850864K) : Executing rule M4Fil.a2
2026-09-20 19:28:41 +0000: Memory Usage (1850864K) : Starting 5.19. Via1 table
2026-09-20 19:28:41 +0000: Memory Usage (1850864K) : Starting 5.19. Via1 table derivations
2026-09-20 19:28:41 +0000: Memory Usage (1850864K) : Executing rule V1.a
2026-09-20 19:28:41 +0000: Memory Usage (1850864K) : Executing rule V1.b
2026-09-20 19:28:41 +0000: Memory Usage (1850856K) : Executing rule V1.c
2026-09-20 19:28:43 +0000: Memory Usage (1851112K) : Starting 5.20. Vian table
2026-09-20 19:28:43 +0000: Memory Usage (1851112K) : Executing rule V2.a
2026-09-20 19:28:43 +0000: Memory Usage (1851112K) : Executing rule V2.b
2026-09-20 19:28:43 +0000: Memory Usage (1851368K) : Executing rule V2.c
2026-09-20 19:28:43 +0000: Memory Usage (1851624K) : Executing rule V3.a
2026-09-20 19:28:43 +0000: Memory Usage (1851624K) : Executing rule V3.b
2026-09-20 19:28:43 +0000: Memory Usage (1852904K) : Executing rule V3.c
2026-09-20 19:28:43 +0000: Memory Usage (1852904K) : Starting 5.21. TopVia1 table
2026-09-20 19:28:43 +0000: Memory Usage (1852904K) : Executing rule TV1.a
2026-09-20 19:28:43 +0000: Memory Usage (1852904K) : Executing rule TV1.b
2026-09-20 19:28:43 +0000: Memory Usage (1852904K) : Executing rule TV1.c
2026-09-20 19:28:43 +0000: Memory Usage (1852904K) : Executing rule TV1.d
2026-09-20 19:28:43 +0000: Memory Usage (1852904K) : Starting 5.22. TopMetal1 table
2026-09-20 19:28:43 +0000: Memory Usage (1852904K) : Executing rule TM1.a
2026-09-20 19:28:43 +0000: Memory Usage (1852904K) : Executing rule TM1.b
2026-09-20 19:28:43 +0000: Memory Usage (1852904K) : Starting 5.23 TopMetal1:filler table
2026-09-20 19:28:43 +0000: Memory Usage (1852904K) : Executing rule TM1Fil.c
2026-09-20 19:28:43 +0000: Memory Usage (1852904K) : Executing rule TM1Fil.a1
2026-09-20 19:28:43 +0000: Memory Usage (1852904K) : Starting 5.27. Passiv table
2026-09-20 19:28:43 +0000: Memory Usage (1852904K) : Executing rule Pas.a
2026-09-20 19:28:43 +0000: Memory Usage (1852904K) : Executing rule Pas.b
2026-09-20 19:28:43 +0000: Memory Usage (1852904K) : Executing rule Pas.c
2026-09-20 19:28:43 +0000: Memory Usage (1852904K) : Starting 6.9 Pad table
2026-09-20 19:28:43 +0000: Memory Usage (1852904K) : Executing rule Pad.m
2026-09-20 19:28:43 +0000: Memory Usage (1852904K) : Executing rule Pad.fR_M1
2026-09-20 19:28:44 +0000: Memory Usage (1852904K) : Executing rule Pad.fR_M2
2026-09-20 19:28:44 +0000: Memory Usage (1852904K) : Executing rule Pad.fR_M3
2026-09-20 19:28:44 +0000: Memory Usage (1852904K) : Executing rule Pad.fR_M4
2026-09-20 19:28:44 +0000: Memory Usage (1852904K) : Executing rule Pad.fR_TM1
2026-09-20 19:28:44 +0000: Memory Usage (1852904K) : Executing rule Pad.i
2026-09-20 19:28:44 +0000: Memory Usage (1852904K) : Starting 6.10 Sealring table
2026-09-20 19:28:44 +0000: Memory Usage (1852904K) : Executing rule Seal.l
2026-09-20 19:28:44 +0000: Memory Usage (1852904K) : Executing rule Seal.n
2026-09-20 19:28:44 +0000: Memory Usage (1852904K) : Executing rule seal.b_metal1
2026-09-20 19:28:44 +0000: Memory Usage (1852904K) : Executing rule seal.b_metal2
2026-09-20 19:28:44 +0000: Memory Usage (1852904K) : Executing rule seal.b_metal3
2026-09-20 19:28:44 +0000: Memory Usage (1852904K) : Executing rule seal.b_metal4
2026-09-20 19:28:44 +0000: Memory Usage (1852904K) : Executing rule seal.b_topmetal1
2026-09-20 19:28:44 +0000: Memory Usage (1852904K) : Executing rule seal.b_activ
2026-09-20 19:28:44 +0000: Memory Usage (1852904K) : Executing rule seal.b_psd
2026-09-20 19:28:44 +0000: Memory Usage (1852904K) : Executing rule Seal.k
2026-09-20 19:28:44 +0000: Memory Usage (1852904K) : Executing rule Seal.m
2026-09-20 19:28:44 +0000: Memory Usage (1852904K) : Starting 7.3 Metal Slits table
2026-09-20 19:28:44 +0000: Memory Usage (1852904K) : Executing rule Slt.e1_M1
2026-09-20 19:28:44 +0000: Memory Usage (1852904K) : Executing rule Slt.e1_M2
2026-09-20 19:28:44 +0000: Memory Usage (1852904K) : Executing rule Slt.e1_M3
2026-09-20 19:28:44 +0000: Memory Usage (1852904K) : Executing rule Slt.e1_M4
2026-09-20 19:28:44 +0000: Memory Usage (1852904K) : Executing rule Slt.e1_TM1
2026-09-20 19:28:44 +0000: Memory Usage (1852904K) : Starting 9.1. LBE table
2026-09-20 19:28:44 +0000: Memory Usage (1852904K) : Executing rule LBE.a
2026-09-20 19:28:44 +0000: Memory Usage (1852904K) : Executing rule LBE.b
2026-09-20 19:28:44 +0000: Memory Usage (1852904K) : Executing rule LBE.b1
2026-09-20 19:28:44 +0000: Memory Usage (1852904K) : Executing rule LBE.c
2026-09-20 19:28:44 +0000: Memory Usage (1852904K) : Executing rule LBE.d
2026-09-20 19:28:44 +0000: Memory Usage (1852904K) : Executing rule LBE.h
2026-09-20 19:28:44 +0000: Memory Usage (1852904K) : Starting 7.4. PIN table
2026-09-20 19:28:44 +0000: Memory Usage (1852904K) : Executing rule Pin.a
2026-09-20 19:28:44 +0000: Memory Usage (1852904K) : Executing rule Pin.b
2026-09-20 19:28:44 +0000: Memory Usage (1852904K) : Executing rule Pin.e
2026-09-20 19:28:45 +0000: Memory Usage (1866072K) : Executing rule Pin.f_M2
2026-09-20 19:28:45 +0000: Memory Usage (1866072K) : Executing rule Pin.f_M3
2026-09-20 19:28:45 +0000: Memory Usage (1866328K) : Executing rule Pin.f_M4
2026-09-20 19:28:45 +0000: Memory Usage (1866584K) : Executing rule Pin.g
2026-09-20 19:28:45 +0000: Memory Usage (1866584K) : Starting 3.1. offgrid table
2026-09-20 19:28:45 +0000: Memory Usage (1866584K) : Executing rule activ_drw_Offgrid
2026-09-20 19:28:46 +0000: Memory Usage (1866584K) : Executing rule activ_mask_Offgrid
2026-09-20 19:28:46 +0000: Memory Usage (1866584K) : Executing rule activ_filler_Offgrid
2026-09-20 19:28:46 +0000: Memory Usage (1866584K) : Executing rule activ_opc_Offgrid
2026-09-20 19:28:46 +0000: Memory Usage (1866584K) : Executing rule activ_iopc_Offgrid
2026-09-20 19:28:46 +0000: Memory Usage (1866584K) : Executing rule gatpoly_drw_Offgrid
2026-09-20 19:28:46 +0000: Memory Usage (1866584K) : Executing rule gatpoly_filler_Offgrid
2026-09-20 19:28:46 +0000: Memory Usage (1866584K) : Executing rule gatpoly_opc_Offgrid
2026-09-20 19:28:46 +0000: Memory Usage (1866584K) : Executing rule gatpoly_iopc_Offgrid
2026-09-20 19:28:46 +0000: Memory Usage (1866584K) : Executing rule gatpoly_noqrc_Offgrid
2026-09-20 19:28:46 +0000: Memory Usage (1866584K) : Executing rule cont_drw_Offgrid
2026-09-20 19:28:51 +0000: Memory Usage (1876568K) : Executing rule cont_opc_Offgrid
2026-09-20 19:28:51 +0000: Memory Usage (1876568K) : Executing rule nsd_drw_Offgrid
2026-09-20 19:28:51 +0000: Memory Usage (1876568K) : Executing rule nsd_block_Offgrid
2026-09-20 19:28:51 +0000: Memory Usage (1876568K) : Executing rule metal1_drw_Offgrid
2026-09-20 19:28:51 +0000: Memory Usage (1876568K) : Executing rule metal1_mask_Offgrid
2026-09-20 19:28:51 +0000: Memory Usage (1876568K) : Executing rule metal1_filler_Offgrid
2026-09-20 19:28:51 +0000: Memory Usage (1876568K) : Executing rule metal1_slit_Offgrid
2026-09-20 19:28:51 +0000: Memory Usage (1876568K) : Executing rule metal1_opc_Offgrid
2026-09-20 19:28:51 +0000: Memory Usage (1876568K) : Executing rule metal1_noqrc_Offgrid
2026-09-20 19:28:51 +0000: Memory Usage (1876568K) : Executing rule metal1_res_Offgrid
2026-09-20 19:28:51 +0000: Memory Usage (1876568K) : Executing rule metal1_iprobe_Offgrid
2026-09-20 19:28:51 +0000: Memory Usage (1876568K) : Executing rule metal1_diffprb_Offgrid
2026-09-20 19:28:51 +0000: Memory Usage (1876568K) : Executing rule passiv_drw_Offgrid
2026-09-20 19:28:51 +0000: Memory Usage (1876568K) : Executing rule passiv_pillar_Offgrid
2026-09-20 19:28:51 +0000: Memory Usage (1876568K) : Executing rule passiv_sbump_Offgrid
2026-09-20 19:28:52 +0000: Memory Usage (1876568K) : Executing rule passiv_pdl_Offgrid
2026-09-20 19:28:52 +0000: Memory Usage (1876568K) : Executing rule metal2_drw_Offgrid
2026-09-20 19:28:52 +0000: Memory Usage (1876568K) : Executing rule metal2_mask_Offgrid
2026-09-20 19:28:52 +0000: Memory Usage (1876568K) : Executing rule metal2_filler_Offgrid
2026-09-20 19:28:52 +0000: Memory Usage (1876568K) : Executing rule metal2_slit_Offgrid
2026-09-20 19:28:52 +0000: Memory Usage (1876568K) : Executing rule metal2_opc_Offgrid
2026-09-20 19:28:52 +0000: Memory Usage (1876568K) : Executing rule metal2_noqrc_Offgrid
2026-09-20 19:28:52 +0000: Memory Usage (1876568K) : Executing rule metal2_res_Offgrid
2026-09-20 19:28:52 +0000: Memory Usage (1876568K) : Executing rule metal2_iprobe_Offgrid
2026-09-20 19:28:52 +0000: Memory Usage (1876568K) : Executing rule metal2_diffprb_Offgrid
2026-09-20 19:28:52 +0000: Memory Usage (1876568K) : Executing rule psd_drw_Offgrid
2026-09-20 19:28:52 +0000: Memory Usage (1876568K) : Executing rule via1_drw_Offgrid
2026-09-20 19:28:52 +0000: Memory Usage (1876568K) : Executing rule salblock_drw_Offgrid
2026-09-20 19:28:52 +0000: Memory Usage (1876568K) : Executing rule via2_drw_Offgrid
2026-09-20 19:28:52 +0000: Memory Usage (1876568K) : Executing rule metal3_drw_Offgrid
2026-09-20 19:28:53 +0000: Memory Usage (1876568K) : Executing rule metal3_mask_Offgrid
2026-09-20 19:28:53 +0000: Memory Usage (1876568K) : Executing rule metal3_filler_Offgrid
2026-09-20 19:28:53 +0000: Memory Usage (1876568K) : Executing rule metal3_slit_Offgrid
2026-09-20 19:28:53 +0000: Memory Usage (1876568K) : Executing rule metal3_opc_Offgrid
2026-09-20 19:28:53 +0000: Memory Usage (1876568K) : Executing rule metal3_noqrc_Offgrid
2026-09-20 19:28:53 +0000: Memory Usage (1876568K) : Executing rule metal3_res_Offgrid
2026-09-20 19:28:53 +0000: Memory Usage (1876568K) : Executing rule metal3_iprobe_Offgrid
2026-09-20 19:28:53 +0000: Memory Usage (1876568K) : Executing rule metal3_diffprb_Offgrid
2026-09-20 19:28:53 +0000: Memory Usage (1876568K) : Executing rule nwell_drw_Offgrid
2026-09-20 19:28:53 +0000: Memory Usage (1876568K) : Executing rule pwell_drw_Offgrid
2026-09-20 19:28:53 +0000: Memory Usage (1876568K) : Executing rule pwell_block_Offgrid
2026-09-20 19:28:53 +0000: Memory Usage (1876568K) : Executing rule substrate_drw_Offgrid
2026-09-20 19:28:53 +0000: Memory Usage (1876568K) : Executing rule via3_drw_Offgrid
2026-09-20 19:28:53 +0000: Memory Usage (1876568K) : Executing rule metal4_drw_Offgrid
2026-09-20 19:28:53 +0000: Memory Usage (1876568K) : Executing rule metal4_mask_Offgrid
2026-09-20 19:28:53 +0000: Memory Usage (1876568K) : Executing rule metal4_filler_Offgrid
2026-09-20 19:28:53 +0000: Memory Usage (1876568K) : Executing rule metal4_slit_Offgrid
2026-09-20 19:28:54 +0000: Memory Usage (1876568K) : Executing rule metal4_opc_Offgrid
2026-09-20 19:28:54 +0000: Memory Usage (1876568K) : Executing rule metal4_noqrc_Offgrid
2026-09-20 19:28:54 +0000: Memory Usage (1876568K) : Executing rule metal4_res_Offgrid
2026-09-20 19:28:54 +0000: Memory Usage (1876568K) : Executing rule metal4_iprobe_Offgrid
2026-09-20 19:28:54 +0000: Memory Usage (1876568K) : Executing rule metal4_diffprb_Offgrid
2026-09-20 19:28:54 +0000: Memory Usage (1876568K) : Executing rule topvia1_drw_Offgrid
2026-09-20 19:28:54 +0000: Memory Usage (1876568K) : Executing rule topmetal1_drw_Offgrid
2026-09-20 19:28:54 +0000: Memory Usage (1876568K) : Executing rule topmetal1_mask_Offgrid
2026-09-20 19:28:54 +0000: Memory Usage (1876568K) : Executing rule topmetal1_filler_Offgrid
2026-09-20 19:28:54 +0000: Memory Usage (1876568K) : Executing rule topmetal1_slit_Offgrid
2026-09-20 19:28:54 +0000: Memory Usage (1876568K) : Executing rule topmetal1_noqrc_Offgrid
2026-09-20 19:28:54 +0000: Memory Usage (1876568K) : Executing rule topmetal1_res_Offgrid
2026-09-20 19:28:54 +0000: Memory Usage (1876568K) : Executing rule topmetal1_iprobe_Offgrid
2026-09-20 19:28:54 +0000: Memory Usage (1876568K) : Executing rule topmetal1_diffprb_Offgrid
2026-09-20 19:28:54 +0000: Memory Usage (1876568K) : Executing rule thickgateox_drw_Offgrid
2026-09-20 19:28:54 +0000: Memory Usage (1876568K) : Executing rule polyres_drw_Offgrid
2026-09-20 19:28:54 +0000: Memory Usage (1876568K) : Executing rule antmetal1_drw_Offgrid
2026-09-20 19:28:54 +0000: Memory Usage (1876568K) : Executing rule thinfilmres_drw_Offgrid
2026-09-20 19:28:54 +0000: Memory Usage (1876568K) : Executing rule lbe_drw_Offgrid
2026-09-20 19:28:54 +0000: Memory Usage (1876568K) : Executing rule prboundary_drw_Offgrid
2026-09-20 19:28:54 +0000: Memory Usage (1876568K) : Starting 3.2. angle table
2026-09-20 19:28:54 +0000: Memory Usage (1876568K) : Executing rule activ_drw_Acute
2026-09-20 19:28:54 +0000: Memory Usage (1876568K) : Executing rule activ_pin_Acute
2026-09-20 19:28:54 +0000: Memory Usage (1876568K) : Executing rule activ_mask_Acute
2026-09-20 19:28:54 +0000: Memory Usage (1876568K) : Executing rule activ_filler_Acute
2026-09-20 19:28:54 +0000: Memory Usage (1876568K) : Executing rule activ_nofill_Acute
2026-09-20 19:28:55 +0000: Memory Usage (1876568K) : Executing rule activ_opc_Acute
2026-09-20 19:28:55 +0000: Memory Usage (1876568K) : Executing rule activ_iopc_Acute
2026-09-20 19:28:55 +0000: Memory Usage (1876568K) : Executing rule activ_noqrc_Acute
2026-09-20 19:28:55 +0000: Memory Usage (1876568K) : Executing rule gatpoly_drw_Acute
2026-09-20 19:28:55 +0000: Memory Usage (1876568K) : Executing rule gatpoly_pin_Acute
2026-09-20 19:28:55 +0000: Memory Usage (1876568K) : Executing rule gatpoly_filler_Acute
2026-09-20 19:28:55 +0000: Memory Usage (1876568K) : Executing rule gatpoly_nofill_Acute
2026-09-20 19:28:55 +0000: Memory Usage (1876568K) : Executing rule gatpoly_opc_Acute
2026-09-20 19:28:55 +0000: Memory Usage (1876568K) : Executing rule gatpoly_iopc_Acute
2026-09-20 19:28:55 +0000: Memory Usage (1876568K) : Executing rule gatpoly_noqrc_Acute
2026-09-20 19:28:55 +0000: Memory Usage (1876568K) : Executing rule cont_drw_Acute
2026-09-20 19:29:00 +0000: Memory Usage (1878008K) : Executing rule cont_opc_Acute
2026-09-20 19:29:00 +0000: Memory Usage (1878008K) : Executing rule nsd_drw_Acute
2026-09-20 19:29:00 +0000: Memory Usage (1878008K) : Executing rule nsd_block_Acute
2026-09-20 19:29:00 +0000: Memory Usage (1878008K) : Executing rule metal1_drw_Acute
2026-09-20 19:29:00 +0000: Memory Usage (1878008K) : Executing rule metal1_pin_Acute
2026-09-20 19:29:00 +0000: Memory Usage (1878008K) : Executing rule metal1_mask_Acute
2026-09-20 19:29:00 +0000: Memory Usage (1878008K) : Executing rule metal1_filler_Acute
2026-09-20 19:29:00 +0000: Memory Usage (1878008K) : Executing rule metal1_nofill_Acute
2026-09-20 19:29:00 +0000: Memory Usage (1878008K) : Executing rule metal1_slit_Acute
2026-09-20 19:29:00 +0000: Memory Usage (1878008K) : Executing rule metal1_opc_Acute
2026-09-20 19:29:00 +0000: Memory Usage (1878008K) : Executing rule metal1_noqrc_Acute
2026-09-20 19:29:00 +0000: Memory Usage (1878008K) : Executing rule metal1_res_Acute
2026-09-20 19:29:00 +0000: Memory Usage (1878008K) : Executing rule metal1_iprobe_Acute
2026-09-20 19:29:00 +0000: Memory Usage (1878008K) : Executing rule metal1_diffprb_Acute
2026-09-20 19:29:00 +0000: Memory Usage (1878008K) : Executing rule passiv_drw_Acute
2026-09-20 19:29:00 +0000: Memory Usage (1878008K) : Executing rule passiv_pin_Acute
2026-09-20 19:29:00 +0000: Memory Usage (1878008K) : Executing rule passiv_pillar_Acute
2026-09-20 19:29:00 +0000: Memory Usage (1878008K) : Executing rule passiv_sbump_Acute
2026-09-20 19:29:01 +0000: Memory Usage (1878008K) : Executing rule passiv_pdl_Acute
2026-09-20 19:29:01 +0000: Memory Usage (1878008K) : Executing rule metal2_drw_Acute
2026-09-20 19:29:01 +0000: Memory Usage (1878008K) : Executing rule metal2_pin_Acute
2026-09-20 19:29:01 +0000: Memory Usage (1878008K) : Executing rule metal2_mask_Acute
2026-09-20 19:29:01 +0000: Memory Usage (1878008K) : Executing rule metal2_filler_Acute
2026-09-20 19:29:01 +0000: Memory Usage (1878008K) : Executing rule metal2_nofill_Acute
2026-09-20 19:29:01 +0000: Memory Usage (1878008K) : Executing rule metal2_slit_Acute
2026-09-20 19:29:01 +0000: Memory Usage (1878008K) : Executing rule metal2_opc_Acute
2026-09-20 19:29:01 +0000: Memory Usage (1878008K) : Executing rule metal2_noqrc_Acute
2026-09-20 19:29:01 +0000: Memory Usage (1878008K) : Executing rule metal2_res_Acute
2026-09-20 19:29:01 +0000: Memory Usage (1878008K) : Executing rule metal2_iprobe_Acute
2026-09-20 19:29:01 +0000: Memory Usage (1878008K) : Executing rule metal2_diffprb_Acute
2026-09-20 19:29:01 +0000: Memory Usage (1878008K) : Executing rule psd_drw_Acute
2026-09-20 19:29:01 +0000: Memory Usage (1878008K) : Executing rule via1_drw_Acute
2026-09-20 19:29:01 +0000: Memory Usage (1878008K) : Executing rule salblock_drw_Acute
2026-09-20 19:29:01 +0000: Memory Usage (1878008K) : Executing rule via2_drw_Acute
2026-09-20 19:29:02 +0000: Memory Usage (1878008K) : Executing rule metal3_drw_Acute
2026-09-20 19:29:02 +0000: Memory Usage (1878008K) : Executing rule metal3_pin_Acute
2026-09-20 19:29:02 +0000: Memory Usage (1878008K) : Executing rule metal3_mask_Acute
2026-09-20 19:29:02 +0000: Memory Usage (1878008K) : Executing rule metal3_filler_Acute
2026-09-20 19:29:02 +0000: Memory Usage (1878008K) : Executing rule metal3_nofill_Acute
2026-09-20 19:29:02 +0000: Memory Usage (1878008K) : Executing rule metal3_slit_Acute
2026-09-20 19:29:02 +0000: Memory Usage (1878008K) : Executing rule metal3_opc_Acute
2026-09-20 19:29:02 +0000: Memory Usage (1878008K) : Executing rule metal3_noqrc_Acute
2026-09-20 19:29:02 +0000: Memory Usage (1878008K) : Executing rule metal3_res_Acute
2026-09-20 19:29:02 +0000: Memory Usage (1878008K) : Executing rule metal3_iprobe_Acute
2026-09-20 19:29:02 +0000: Memory Usage (1878008K) : Executing rule metal3_diffprb_Acute
2026-09-20 19:29:02 +0000: Memory Usage (1878008K) : Executing rule nwell_drw_Acute
2026-09-20 19:29:02 +0000: Memory Usage (1878008K) : Executing rule nwell_pin_Acute
2026-09-20 19:29:02 +0000: Memory Usage (1878008K) : Executing rule pwell_drw_Acute
2026-09-20 19:29:03 +0000: Memory Usage (1878008K) : Executing rule pwell_pin_Acute
2026-09-20 19:29:03 +0000: Memory Usage (1878008K) : Executing rule pwell_block_Acute
2026-09-20 19:29:03 +0000: Memory Usage (1878008K) : Executing rule substrate_drw_Acute
2026-09-20 19:29:03 +0000: Memory Usage (1878008K) : Executing rule via3_drw_Acute
2026-09-20 19:29:03 +0000: Memory Usage (1878008K) : Executing rule metal4_drw_Acute
2026-09-20 19:29:03 +0000: Memory Usage (1878008K) : Executing rule metal4_pin_Acute
2026-09-20 19:29:03 +0000: Memory Usage (1878008K) : Executing rule metal4_mask_Acute
2026-09-20 19:29:03 +0000: Memory Usage (1878008K) : Executing rule metal4_filler_Acute
2026-09-20 19:29:03 +0000: Memory Usage (1878008K) : Executing rule metal4_nofill_Acute
2026-09-20 19:29:03 +0000: Memory Usage (1878008K) : Executing rule metal4_slit_Acute
2026-09-20 19:29:03 +0000: Memory Usage (1878008K) : Executing rule metal4_opc_Acute
2026-09-20 19:29:03 +0000: Memory Usage (1878008K) : Executing rule metal4_noqrc_Acute
2026-09-20 19:29:03 +0000: Memory Usage (1878008K) : Executing rule metal4_res_Acute
2026-09-20 19:29:03 +0000: Memory Usage (1878008K) : Executing rule metal4_iprobe_Acute
2026-09-20 19:29:03 +0000: Memory Usage (1878008K) : Executing rule metal4_diffprb_Acute
2026-09-20 19:29:03 +0000: Memory Usage (1878008K) : Executing rule topvia1_drw_Acute
2026-09-20 19:29:03 +0000: Memory Usage (1878008K) : Executing rule topmetal1_drw_Acute
2026-09-20 19:29:03 +0000: Memory Usage (1878008K) : Executing rule topmetal1_pin_Acute
2026-09-20 19:29:04 +0000: Memory Usage (1878008K) : Executing rule topmetal1_mask_Acute
2026-09-20 19:29:04 +0000: Memory Usage (1878008K) : Executing rule topmetal1_filler_Acute
2026-09-20 19:29:04 +0000: Memory Usage (1878008K) : Executing rule topmetal1_nofill_Acute
2026-09-20 19:29:04 +0000: Memory Usage (1878008K) : Executing rule topmetal1_slit_Acute
2026-09-20 19:29:04 +0000: Memory Usage (1878008K) : Executing rule topmetal1_noqrc_Acute
2026-09-20 19:29:04 +0000: Memory Usage (1878008K) : Executing rule topmetal1_res_Acute
2026-09-20 19:29:04 +0000: Memory Usage (1878008K) : Executing rule topmetal1_iprobe_Acute
2026-09-20 19:29:04 +0000: Memory Usage (1878008K) : Executing rule topmetal1_diffprb_Acute
2026-09-20 19:29:04 +0000: Memory Usage (1878008K) : Executing rule thickgateox_drw_Acute
2026-09-20 19:29:04 +0000: Memory Usage (1878008K) : Executing rule polyres_drw_Acute
2026-09-20 19:29:04 +0000: Memory Usage (1878008K) : Executing rule polyres_pin_Acute
2026-09-20 19:29:04 +0000: Memory Usage (1878008K) : Executing rule antmetal1_drw_Acute
2026-09-20 19:29:04 +0000: Memory Usage (1878008K) : Executing rule thinfilmres_drw_Acute
2026-09-20 19:29:04 +0000: Memory Usage (1878008K) : Executing rule lbe_drw_Acute
2026-09-20 19:29:04 +0000: Memory Usage (1878008K) : Executing rule prboundary_drw_Acute
2026-09-20 19:29:04 +0000: Memory Usage (1878008K) : Executing rule cont_drw_Angle90
2026-09-20 19:29:05 +0000: Memory Usage (1900508K) : Executing rule via1_drw_Angle90
2026-09-20 19:29:05 +0000: Memory Usage (1900508K) : Executing rule via2_drw_Angle90
2026-09-20 19:29:05 +0000: Memory Usage (1900508K) : Executing rule via3_drw_Angle90
2026-09-20 19:29:05 +0000: Memory Usage (1900508K) : Executing rule topvia1_drw_Angle90
2026-09-20 19:29:05 +0000: Memory Usage (1900508K) : Executing rule gatpoly_drw_Angle45
2026-09-20 19:29:05 +0000: Memory Usage (1900508K) : Executing rule activ_drw_Angle45
2026-09-20 19:29:05 +0000: Memory Usage (1900508K) : Executing rule metal1_drw_Angle45
2026-09-20 19:29:06 +0000: Memory Usage (1923072K) : Executing rule metal2_drw_Angle45
2026-09-20 19:29:06 +0000: Memory Usage (1853532K) : Executing rule metal3_drw_Angle45
2026-09-20 19:29:06 +0000: Memory Usage (1853532K) : Executing rule metal4_drw_Angle45
2026-09-20 19:29:06 +0000: Memory Usage (1853532K) : Executing rule topmetal1_drw_Angle45
2026-09-20 19:29:06 +0000: Memory Usage (1853532K) : Starting 3.2. FORBIDDEN table
2026-09-20 19:29:06 +0000: Memory Usage (1853532K) : Executing rule forbidden.biwind
2026-09-20 19:29:06 +0000: Memory Usage (1853532K) : Executing rule forbidden.pemwind
2026-09-20 19:29:06 +0000: Memory Usage (1853532K) : Executing rule forbidden.baspoly
2026-09-20 19:29:06 +0000: Memory Usage (1853532K) : Executing rule forbidden.deepco
2026-09-20 19:29:06 +0000: Memory Usage (1853532K) : Executing rule forbidden.pempoly
2026-09-20 19:29:06 +0000: Memory Usage (1853532K) : Executing rule forbidden.empoly
2026-09-20 19:29:06 +0000: Memory Usage (1853532K) : Executing rule forbidden.ldmos
2026-09-20 19:29:06 +0000: Memory Usage (1853532K) : Executing rule forbidden.pbiwind
2026-09-20 19:29:06 +0000: Memory Usage (1853532K) : Executing rule forbidden.nodrc
2026-09-20 19:29:06 +0000: Memory Usage (1853532K) : Executing rule forbidden.flash
2026-09-20 19:29:06 +0000: Memory Usage (1853532K) : Executing rule forbidden.colwind
2026-09-20 19:29:06 +0000: Memory Usage (1853532K) : Starting 3.2. CMOS5L FORBIDDEN layers check
2026-09-20 19:29:06 +0000: Memory Usage (1853532K) : Executing rule CMOS5L.FORB.Metal5
2026-09-20 19:29:06 +0000: Memory Usage (1853532K) : Executing rule CMOS5L.FORB.Metal5.filler
2026-09-20 19:29:06 +0000: Memory Usage (1853532K) : Executing rule CMOS5L.FORB.Via4
2026-09-20 19:29:06 +0000: Memory Usage (1853532K) : Executing rule CMOS5L.FORB.TopMetal2
2026-09-20 19:29:06 +0000: Memory Usage (1853532K) : Executing rule CMOS5L.FORB.TopMetal2.filler
2026-09-20 19:29:07 +0000: Memory Usage (1853532K) : Executing rule CMOS5L.FORB.TopVia2
2026-09-20 19:29:07 +0000: Memory Usage (1853532K) : Executing rule CMOS5L.FORB.TRANS
2026-09-20 19:29:07 +0000: Memory Usage (1853532K) : Executing rule CMOS5L.FORB.nBuLay
2026-09-20 19:29:07 +0000: Memory Usage (1853532K) : Executing rule CMOS5L.FORB.MIM
2026-09-20 19:29:07 +0000: Memory Usage (1853532K) : Executing rule CMOS5L.FORB.Vmim
2026-09-20 19:29:07 +0000: Memory Usage (1853532K) : KLayout DRC run for tables 'main' completed in 115.13 seconds
INFO: Running klayout zero_area on /home/wayne/devel/jane/hardcaml_asic/experiments/sram_flow_feasibility/runs/attempt-004-full/final/gds/tt_um_sram_probe.gds
0 zero-area shapes
0 zero-length paths,  0 zero-length paths deleted.
0 total zero-area objects,  0 total objects deleted.
VmPeak:	 1027368 kB
VmHWM:	  436604 kB
INFO: Running top macro name check...
INFO: Running forbidden layer check...
INFO: * Checking TopMetal1.drawing
INFO: * Checking TopMetal1.pin
INFO: * Checking TopMetal1.label
INFO: Running prBoundary check...
INFO: Running pin check...
INFO: * gds: /home/wayne/devel/jane/hardcaml_asic/experiments/sram_flow_feasibility/runs/attempt-004-full/final/gds/tt_um_sram_probe.gds
INFO: * lef: /home/wayne/devel/jane/hardcaml_asic/experiments/sram_flow_feasibility/runs/attempt-004-full/final/gds/../lef/tt_um_sram_probe.lef
INFO: * template_def: ../tech/ihp-sg13cmos5l/def/tt_block_6x4_pgvdd.def
INFO: * toplevel: tt_um_sram_probe
INFO: * uses_3v3: False
ERROR: Port VGND is too far from top edge of module: 630.12 > 10 um
ERROR: Port VGND is too far from bottom edge of module: 200.26 > 10 um
ERROR: Port VGND is too far from top edge of module: 630.12 > 10 um
ERROR: Port VGND is too far from bottom edge of module: 200.26 > 10 um
ERROR: Port VGND is too far from top edge of module: 630.12 > 10 um
ERROR: Port VGND is too far from bottom edge of module: 200.26 > 10 um
ERROR: Port VGND is too far from top edge of module: 630.12 > 10 um
ERROR: Port VGND is too far from bottom edge of module: 200.26 > 10 um
ERROR: Port VGND is too far from top edge of module: 630.12 > 10 um
ERROR: Port VGND is too far from bottom edge of module: 200.26 > 10 um
ERROR: Port VDPWR is too far from top edge of module: 630.12 > 10 um
ERROR: Port VDPWR is too far from bottom edge of module: 200.26 > 10 um
ERROR: Port VDPWR is too far from top edge of module: 630.12 > 10 um
ERROR: Port VDPWR is too far from bottom edge of module: 200.26 > 10 um
ERROR: Port VDPWR is too far from top edge of module: 630.12 > 10 um
ERROR: Port VDPWR is too far from bottom edge of module: 200.26 > 10 um
ERROR: Port VDPWR is too far from top edge of module: 630.12 > 10 um
ERROR: Port VDPWR is too far from bottom edge of module: 200.26 > 10 um
ERROR: Port VDPWR is too far from top edge of module: 630.12 > 10 um
ERROR: Port VDPWR is too far from bottom edge of module: 200.26 > 10 um
ERROR: Precheck failed for /home/wayne/devel/jane/hardcaml_asic/experiments/sram_flow_feasibility/runs/attempt-004-full/final/gds/tt_um_sram_probe.gds! 😭
ERROR: See /home/wayne/devel/jane/hardcaml_asic/.toolchain/tt-sram-s3-cfa06bae/precheck/reports for more details
ERROR: Markdown report:
# Tiny Tapeout Precheck Results

| Check | Result |
|-----------|--------|
| KLayout pin label overlapping drawing | ✅ |
| KLayout SG13CMOS5L DRC | ❌ Fail: Klayout sg13cmos5l failed with 62 DRC violations |
| KLayout zero area | ✅ |
| KLayout Checks | ✅ |
| Pin check | ❌ Fail: Some ports are missing or have wrong dimensions, see 20 LEF errors above |
| Boundary check | ✅ |
| Layer check | ✅ |
| Cell name check | ✅ |
| Analog pin check | ✅ |

In case of failure, please reach out on [discord](https://tinytapeout.com/discord) for assistance.
