[19:18:48] WARNING  DISPLAY environment variable not set. GUI    container.py:53
                    features will not be available.                             
[19:18:48] INFO     Running containerized command:              container.py:285
[19:18:49] [I] Starting a new run of the 'Classic' flow with the tag flow.py:654
               'attempt-004-full'.                                              
[19:18:49] [I] Starting…                                       sequential.py:339
[19:18:49] [V] Running 'Verilator.Lint' at                          step.py:1138
               'experiments/sram_flow_feasibility/runs/attempt-004-             
               full/01-verilator-lint'…                                         
[19:18:49] [I] Logging subprocess to                                step.py:1336
               'experiments/sram_flow_feasibility/runs/attempt-004-             
               full/01-verilator-lint/verilator-lint.log'…                      
[19:18:49] [V] Running 'Checker.LintTimingConstructs' at            step.py:1138
               'experiments/sram_flow_feasibility/runs/attempt-004-             
               full/02-checker-linttimingconstructs'…                           
[19:18:49] [I] Check for Lint Timing Errors clear.                checker.py:412
[19:18:49] [V] Running 'Checker.LintErrors' at                      step.py:1138
               'experiments/sram_flow_feasibility/runs/attempt-004-             
               full/03-checker-linterrors'…                                     
[19:18:49] [I] Check for Lint errors clear.                       checker.py:131
[19:18:49] [V] Running 'Checker.LintWarnings' at                    step.py:1138
               'experiments/sram_flow_feasibility/runs/attempt-004-             
               full/04-checker-lintwarnings'…                                   
[19:18:49] [I] Check for Lint warnings clear.                     checker.py:131
[19:18:49] [V] Running 'Yosys.JsonHeader' at                        step.py:1138
               'experiments/sram_flow_feasibility/runs/attempt-004-             
               full/05-yosys-jsonheader'…                                       
[19:18:49] [I] Logging subprocess to                                step.py:1336
               'experiments/sram_flow_feasibility/runs/attempt-004-             
               full/05-yosys-jsonheader/yosys-jsonheader.log'…                  
[19:18:49] [V] Running 'Yosys.Synthesis' at                         step.py:1138
               'experiments/sram_flow_feasibility/runs/attempt-004-             
               full/06-yosys-synthesis'…                                        
[19:18:49] [I] Logging subprocess to                                step.py:1336
               'experiments/sram_flow_feasibility/runs/attempt-004-             
               full/06-yosys-synthesis/yosys-synthesis.log'…                    
[19:18:50] [V] Parsing synthesis checks…                            pyosys.py:59
[19:18:50] [V] Running 'Checker.YosysUnmappedCells' at              step.py:1138
               'experiments/sram_flow_feasibility/runs/attempt-004-             
               full/07-checker-yosysunmappedcells'…                             
[19:18:50] [I] Check for Unmapped Yosys instances clear.          checker.py:131
[19:18:50] [V] Running 'Checker.YosysSynthChecks' at                step.py:1138
               'experiments/sram_flow_feasibility/runs/attempt-004-             
               full/08-checker-yosyssynthchecks'…                               
[19:18:50] [I] Check for Yosys check errors clear.                checker.py:131
[19:18:50] [V] Running 'Checker.NetlistAssignStatements' at         step.py:1138
               'experiments/sram_flow_feasibility/runs/attempt-004-             
               full/09-checker-netlistassignstatements'…                        
[19:18:50] [V] Running 'OpenROAD.CheckSDCFiles' at                  step.py:1138
               'experiments/sram_flow_feasibility/runs/attempt-004-             
               full/10-openroad-checksdcfiles'…                                 
[19:18:50] [V] Running 'OpenROAD.CheckMacroInstances' at            step.py:1138
               'experiments/sram_flow_feasibility/runs/attempt-004-             
               full/11-openroad-checkmacroinstances'…                           
[19:18:50] [W] Netlists found for macro                           toolbox.py:268
               RM_IHPSG13_1P_256x16_c2_bm_bist, but no parasitics               
               extraction found at corner nom_typ_1p20V_25C. The                
               netlist cannot be used for timing on this module.                
[19:18:50] [I] Logging subprocess to                                step.py:1336
               'experiments/sram_flow_feasibility/runs/attempt-004-             
               full/11-openroad-checkmacroinstances/openroad-checkm             
               acroinstances.log'…                                              
[19:18:50] [V] Running 'OpenROAD.STAPrePNR' at                      step.py:1138
               'experiments/sram_flow_feasibility/runs/attempt-004-             
               full/12-openroad-staprepnr'…                                     
[19:18:50] [W] Netlists found for macro                           toolbox.py:268
               RM_IHPSG13_1P_256x16_c2_bm_bist, but no parasitics               
               extraction found at corner nom_fast_1p32V_m40C.                  
               The netlist cannot be used for timing on this                    
               module.                                                          
[19:18:50] [I] Starting STA for the nom_fast_1p32V_m40C timing   openroad.py:759
               corner…                                                          
[19:18:50] [W] Netlists found for macro                           toolbox.py:268
               RM_IHPSG13_1P_256x16_c2_bm_bist, but no parasitics               
               extraction found at corner nom_slow_1p08V_125C.                  
               The netlist cannot be used for timing on this                    
               module.                                                          
[19:18:50] [I] Starting STA for the nom_slow_1p08V_125C timing   openroad.py:759
               corner…                                                          
[19:18:50] [W] Netlists found for macro                           toolbox.py:268
               RM_IHPSG13_1P_256x16_c2_bm_bist, but no parasitics               
               extraction found at corner nom_typ_1p20V_25C. The                
               netlist cannot be used for timing on this module.                
[19:18:50] [I] Starting STA for the nom_typ_1p20V_25C timing     openroad.py:759
               corner…                                                          
[19:18:50] [I] Logging subprocess to                                step.py:1336
               'experiments/sram_flow_feasibility/runs/attempt-004-             
               full/12-openroad-staprepnr/nom_fast_1p32V_m40C/sta.l             
               og'…                                                             
[19:18:50] [I] Logging subprocess to                                step.py:1336
               'experiments/sram_flow_feasibility/runs/attempt-004-             
               full/12-openroad-staprepnr/nom_slow_1p08V_125C/sta.l             
               og'…                                                             
[19:18:50] [I] Logging subprocess to                                step.py:1336
               'experiments/sram_flow_feasibility/runs/attempt-004-             
               full/12-openroad-staprepnr/nom_typ_1p20V_25C/sta.log             
               '…                                                               
[19:18:50] [I] Finished STA for the nom_typ_1p20V_25C timing     openroad.py:774
               corner.                                                          
[19:18:50] [I] Finished STA for the nom_fast_1p32V_m40C timing   openroad.py:774
               corner.                                                          
[19:18:50] [I] Finished STA for the nom_slow_1p08V_125C timing   openroad.py:774
               corner.                                                          
[19:18:50] [V] Running 'OpenROAD.Floorplan' at                      step.py:1138
               'experiments/sram_flow_feasibility/runs/attempt-004-             
               full/13-openroad-floorplan'…                                     
[19:18:50] [V] OpenROAD will use None threads                    openroad.py:520
[19:18:50] [I] Logging subprocess to                                step.py:1336
               'experiments/sram_flow_feasibility/runs/attempt-004-             
               full/13-openroad-floorplan/openroad-floorplan.log'…              
[19:18:50] [W] [ORD-0032] Invalid thread number specification:   openroad.py:321
               None.                                                            
[19:18:50] [W] [STA-1140]                                        openroad.py:321
               /home/wayne/devel/jane/hardcaml_asic/.toolchain/p                
               dk/ihp-sg13cmos5l/libs.ref/sg13cmos5l_sram/lib/RM                
               _IHPSG13_1P_256x16_c2_bm_bist_typ_1p20V_25C.lib                  
               line 20, library                                                 
               RM_IHPSG13_1P_256x16_c2_bm_bist_typ_1p20V_25C                    
               already exists.                                                  
[19:18:51] [V] Running 'OpenROAD.DumpRCValues' at                   step.py:1138
               'experiments/sram_flow_feasibility/runs/attempt-004-             
               full/14-openroad-dumprcvalues'…                                  
[19:18:51] [V] OpenROAD will use None threads                    openroad.py:520
[19:18:51] [I] Logging subprocess to                                step.py:1336
               'experiments/sram_flow_feasibility/runs/attempt-004-             
               full/14-openroad-dumprcvalues/openroad-dumprcvalues.             
               log'…                                                            
[19:18:51] [W] [ORD-0032] Invalid thread number specification:   openroad.py:321
               None.                                                            
[19:18:51] [W] [STA-1140]                                        openroad.py:321
               /home/wayne/devel/jane/hardcaml_asic/.toolchain/p                
               dk/ihp-sg13cmos5l/libs.ref/sg13cmos5l_sram/lib/RM                
               _IHPSG13_1P_256x16_c2_bm_bist_typ_1p20V_25C.lib                  
               line 20, library                                                 
               RM_IHPSG13_1P_256x16_c2_bm_bist_typ_1p20V_25C                    
               already exists.                                                  
[19:18:51] [V] Running 'Odb.CheckMacroAntennaProperties' at         step.py:1138
               'experiments/sram_flow_feasibility/runs/attempt-004-             
               full/15-odb-checkmacroantennaproperties'…                        
[19:18:51] [I] Logging subprocess to                                step.py:1336
               'experiments/sram_flow_feasibility/runs/attempt-004-             
               full/15-odb-checkmacroantennaproperties/odb-checkmac             
               roantennaproperties.log'…                                        
[19:18:51] [V] Running 'Odb.SetPowerConnections' at                 step.py:1138
               'experiments/sram_flow_feasibility/runs/attempt-004-             
               full/16-odb-setpowerconnections'…                                
[19:18:51] [I] Logging subprocess to                                step.py:1336
               'experiments/sram_flow_feasibility/runs/attempt-004-             
               full/16-odb-setpowerconnections/odb-setpowerconnecti             
               ons.log'…                                                        
[19:18:52] [V] Running 'Odb.ManualMacroPlacement' at                step.py:1138
               'experiments/sram_flow_feasibility/runs/attempt-004-             
               full/17-odb-manualmacroplacement'…                               
[19:18:52] [I] Logging subprocess to                                step.py:1336
               'experiments/sram_flow_feasibility/runs/attempt-004-             
               full/17-odb-manualmacroplacement/odb-manualmacroplac             
               ement.log'…                                                      
[19:18:52] [V] Running 'OpenROAD.CutRows' at                        step.py:1138
               'experiments/sram_flow_feasibility/runs/attempt-004-             
               full/18-openroad-cutrows'…                                       
[19:18:52] [V] OpenROAD will use None threads                    openroad.py:520
[19:18:52] [I] Logging subprocess to                                step.py:1336
               'experiments/sram_flow_feasibility/runs/attempt-004-             
               full/18-openroad-cutrows/openroad-cutrows.log'…                  
[19:18:53] [W] [ORD-0032] Invalid thread number specification:   openroad.py:321
               None.                                                            
[19:18:53] [W] [STA-1140]                                        openroad.py:321
               /home/wayne/devel/jane/hardcaml_asic/.toolchain/p                
               dk/ihp-sg13cmos5l/libs.ref/sg13cmos5l_sram/lib/RM                
               _IHPSG13_1P_256x16_c2_bm_bist_typ_1p20V_25C.lib                  
               line 20, library                                                 
               RM_IHPSG13_1P_256x16_c2_bm_bist_typ_1p20V_25C                    
               already exists.                                                  
[19:18:53] [V] Running 'OpenROAD.TapEndcapInsertion' at             step.py:1138
               'experiments/sram_flow_feasibility/runs/attempt-004-             
               full/19-openroad-tapendcapinsertion'…                            
[19:18:53] [V] OpenROAD will use None threads                    openroad.py:520
[19:18:53] [I] Logging subprocess to                                step.py:1336
               'experiments/sram_flow_feasibility/runs/attempt-004-             
               full/19-openroad-tapendcapinsertion/openroad-tapendc             
               apinsertion.log'…                                                
[19:18:53] [W] [ORD-0032] Invalid thread number specification:   openroad.py:321
               None.                                                            
[19:18:53] [W] [STA-1140]                                        openroad.py:321
               /home/wayne/devel/jane/hardcaml_asic/.toolchain/p                
               dk/ihp-sg13cmos5l/libs.ref/sg13cmos5l_sram/lib/RM                
               _IHPSG13_1P_256x16_c2_bm_bist_typ_1p20V_25C.lib                  
               line 20, library                                                 
               RM_IHPSG13_1P_256x16_c2_bm_bist_typ_1p20V_25C                    
               already exists.                                                  
[19:18:53] [V] Running 'Odb.AddPDNObstructions' at                  step.py:1138
               'experiments/sram_flow_feasibility/runs/attempt-004-             
               full/20-odb-addpdnobstructions'…                                 
[19:18:53] [I] 'PDN_OBSTRUCTIONS' is not defined. Skipping            odb.py:589
               'Odb.AddPDNObstructions'…                                        
[19:18:53] [V] Running 'OpenROAD.GeneratePDN' at                    step.py:1138
               'experiments/sram_flow_feasibility/runs/attempt-004-             
               full/21-openroad-generatepdn'…                                   
[19:18:53] [V] OpenROAD will use None threads                    openroad.py:520
[19:18:53] [I] Logging subprocess to                                step.py:1336
               'experiments/sram_flow_feasibility/runs/attempt-004-             
               full/21-openroad-generatepdn/openroad-generatepdn.lo             
               g'…                                                              
[19:18:53] [W] [ORD-0032] Invalid thread number specification:   openroad.py:321
               None.                                                            
[19:18:53] [W] [STA-1140]                                        openroad.py:321
               /home/wayne/devel/jane/hardcaml_asic/.toolchain/p                
               dk/ihp-sg13cmos5l/libs.ref/sg13cmos5l_sram/lib/RM                
               _IHPSG13_1P_256x16_c2_bm_bist_typ_1p20V_25C.lib                  
               line 20, library                                                 
               RM_IHPSG13_1P_256x16_c2_bm_bist_typ_1p20V_25C                    
               already exists.                                                  
[19:18:54] [V] Running 'Odb.RemovePDNObstructions' at               step.py:1138
               'experiments/sram_flow_feasibility/runs/attempt-004-             
               full/22-odb-removepdnobstructions'…                              
[19:18:54] [I] 'PDN_OBSTRUCTIONS' is not defined. Skipping            odb.py:589
               'Odb.RemovePDNObstructions'…                                     
[19:18:54] [V] Running 'Odb.AddRoutingObstructions' at              step.py:1138
               'experiments/sram_flow_feasibility/runs/attempt-004-             
               full/23-odb-addroutingobstructions'…                             
[19:18:54] [I] 'ROUTING_OBSTRUCTIONS' is not defined. Skipping        odb.py:589
               'Odb.AddRoutingObstructions'…                                    
[19:18:54] [V] Running 'OpenROAD.GlobalPlacementSkipIO' at          step.py:1138
               'experiments/sram_flow_feasibility/runs/attempt-004-             
               full/24-openroad-globalplacementskipio'…                         
[19:18:54] [I] I/O pins were loaded from                        openroad.py:1708
               /home/wayne/devel/jane/hardcaml_asic/.toolchain/                 
               tt-sram-s3-cfa06bae/tech/ihp-sg13cmos5l/def/tt_b                 
               lock_6x4_pgvdd.def. Returning state unaltered…                   
[19:18:54] [V] Running 'OpenROAD.IOPlacement' at                    step.py:1138
               'experiments/sram_flow_feasibility/runs/attempt-004-             
               full/25-openroad-ioplacement'…                                   
[19:18:54] [I] I/O pins were loaded from                        openroad.py:1383
               /home/wayne/devel/jane/hardcaml_asic/.toolchain/                 
               tt-sram-s3-cfa06bae/tech/ihp-sg13cmos5l/def/tt_b                 
               lock_6x4_pgvdd.def. Skipping                                     
               OpenROAD.IOPlacement…                                            
[19:18:54] [V] Running 'Odb.CustomIOPlacement' at                   step.py:1138
               'experiments/sram_flow_feasibility/runs/attempt-004-             
               full/26-odb-customioplacement'…                                  
[19:18:54] [I] No custom I/O placement file configured, skipping      odb.py:718
               'Odb.CustomIOPlacement'…                                         
[19:18:54] [V] Running 'Odb.ApplyDEFTemplate' at                    step.py:1138
               'experiments/sram_flow_feasibility/runs/attempt-004-             
               full/27-odb-applydeftemplate'…                                   
[19:18:54] [I] Logging subprocess to                                step.py:1336
               'experiments/sram_flow_feasibility/runs/attempt-004-             
               full/27-odb-applydeftemplate/odb-applydeftemplate.lo             
               g'…                                                              
[19:18:54] [W] Bterm VPWR is declared as a 'POWER' pin. It will be     odb.py:71
               ignored.                                                         
[19:18:54] [W] Bterm VGND is declared as a 'GROUND' pin. It will be    odb.py:71
               ignored.                                                         
[19:18:54] [V] Running 'OpenROAD.GlobalPlacement' at                step.py:1138
               'experiments/sram_flow_feasibility/runs/attempt-004-             
               full/28-openroad-globalplacement'…                               
[19:18:54] [V] OpenROAD will use None threads                    openroad.py:520
[19:18:54] [I] Logging subprocess to                                step.py:1336
               'experiments/sram_flow_feasibility/runs/attempt-004-             
               full/28-openroad-globalplacement/openroad-globalplac             
               ement.log'…                                                      
[19:18:54] [W] [ORD-0032] Invalid thread number specification:   openroad.py:321
               None.                                                            
[19:18:54] [W] [STA-1140]                                        openroad.py:321
               /home/wayne/devel/jane/hardcaml_asic/.toolchain/p                
               dk/ihp-sg13cmos5l/libs.ref/sg13cmos5l_sram/lib/RM                
               _IHPSG13_1P_256x16_c2_bm_bist_typ_1p20V_25C.lib                  
               line 20, library                                                 
               RM_IHPSG13_1P_256x16_c2_bm_bist_typ_1p20V_25C                    
               already exists.                                                  
[19:19:19] [V] Running 'Odb.WriteVerilogHeader' at                  step.py:1138
               'experiments/sram_flow_feasibility/runs/attempt-004-             
               full/29-odb-writeverilogheader'…                                 
[19:19:19] [I] Logging subprocess to                                step.py:1336
               'experiments/sram_flow_feasibility/runs/attempt-004-             
               full/29-odb-writeverilogheader/odb-writeverilogheade             
               r.log'…                                                          
[19:19:20] [V] Running 'Checker.PowerGridViolations' at             step.py:1138
               'experiments/sram_flow_feasibility/runs/attempt-004-             
               full/30-checker-powergridviolations'…                            
[19:19:20] [I] Check for power grid violations (as reported by    checker.py:131
               OpenROAD PSM- you may ignore these if LVS passes)                
               clear.                                                           
[19:19:20] [V] Running 'OpenROAD.STAMidPNR' at                      step.py:1138
               'experiments/sram_flow_feasibility/runs/attempt-004-             
               full/31-openroad-stamidpnr'…                                     
[19:19:20] [V] OpenROAD will use None threads                    openroad.py:520
[19:19:20] [I] Logging subprocess to                                step.py:1336
               'experiments/sram_flow_feasibility/runs/attempt-004-             
               full/31-openroad-stamidpnr/openroad-stamidpnr.log'…              
[19:19:20] [W] [ORD-0032] Invalid thread number specification:   openroad.py:321
               None.                                                            
[19:19:20] [W] [STA-1140]                                        openroad.py:321
               /home/wayne/devel/jane/hardcaml_asic/.toolchain/p                
               dk/ihp-sg13cmos5l/libs.ref/sg13cmos5l_sram/lib/RM                
               _IHPSG13_1P_256x16_c2_bm_bist_typ_1p20V_25C.lib                  
               line 20, library                                                 
               RM_IHPSG13_1P_256x16_c2_bm_bist_typ_1p20V_25C                    
               already exists.                                                  
[19:19:20] [V] Running 'OpenROAD.RepairDesignPostGPL' at            step.py:1138
               'experiments/sram_flow_feasibility/runs/attempt-004-             
               full/32-openroad-repairdesignpostgpl'…                           
[19:19:20] [V] OpenROAD will use None threads                    openroad.py:520
[19:19:20] [I] Logging subprocess to                                step.py:1336
               'experiments/sram_flow_feasibility/runs/attempt-004-             
               full/32-openroad-repairdesignpostgpl/openroad-repair             
               designpostgpl.log'…                                              
[19:19:20] [W] [ORD-0032] Invalid thread number specification:   openroad.py:321
               None.                                                            
[19:19:20] [W] [STA-1140]                                        openroad.py:321
               /home/wayne/devel/jane/hardcaml_asic/.toolchain/p                
               dk/ihp-sg13cmos5l/libs.ref/sg13cmos5l_sram/lib/RM                
               _IHPSG13_1P_256x16_c2_bm_bist_typ_1p20V_25C.lib                  
               line 20, library                                                 
               RM_IHPSG13_1P_256x16_c2_bm_bist_typ_1p20V_25C                    
               already exists.                                                  
[19:19:20] [W] [STA-1140]                                        openroad.py:321
               /home/wayne/devel/jane/hardcaml_asic/.toolchain/p                
               dk/ihp-sg13cmos5l/libs.ref/sg13cmos5l_sram/lib/RM                
               _IHPSG13_1P_256x16_c2_bm_bist_typ_1p20V_25C.lib                  
               line 20, library                                                 
               RM_IHPSG13_1P_256x16_c2_bm_bist_typ_1p20V_25C                    
               already exists.                                                  
[19:19:20] [W] [STA-1140]                                        openroad.py:321
               /home/wayne/devel/jane/hardcaml_asic/.toolchain/p                
               dk/ihp-sg13cmos5l/libs.ref/sg13cmos5l_sram/lib/RM                
               _IHPSG13_1P_256x16_c2_bm_bist_typ_1p20V_25C.lib                  
               line 20, library                                                 
               RM_IHPSG13_1P_256x16_c2_bm_bist_typ_1p20V_25C                    
               already exists.                                                  
[19:19:20] [W] [STA-1140]                                        openroad.py:321
               /home/wayne/devel/jane/hardcaml_asic/.toolchain/p                
               dk/ihp-sg13cmos5l/libs.ref/sg13cmos5l_sram/lib/RM                
               _IHPSG13_1P_256x16_c2_bm_bist_typ_1p20V_25C.lib                  
               line 20, library                                                 
               RM_IHPSG13_1P_256x16_c2_bm_bist_typ_1p20V_25C                    
               already exists.                                                  
[19:19:20] [W] [STA-1140]                                        openroad.py:321
               /home/wayne/devel/jane/hardcaml_asic/.toolchain/p                
               dk/ihp-sg13cmos5l/libs.ref/sg13cmos5l_sram/lib/RM                
               _IHPSG13_1P_256x16_c2_bm_bist_typ_1p20V_25C.lib                  
               line 20, library                                                 
               RM_IHPSG13_1P_256x16_c2_bm_bist_typ_1p20V_25C                    
               already exists.                                                  
[19:19:21] [V] Running 'Odb.ManualGlobalPlacement' at               step.py:1138
               'experiments/sram_flow_feasibility/runs/attempt-004-             
               full/33-odb-manualglobalplacement'…                              
[19:19:21] [I] 'MANUAL_GLOBAL_PLACEMENTS' not set. Skipping          odb.py:1032
               'Odb.ManualGlobalPlacement'…                                     
[19:19:21] [V] Running 'OpenROAD.DetailedPlacement' at              step.py:1138
               'experiments/sram_flow_feasibility/runs/attempt-004-             
               full/34-openroad-detailedplacement'…                             
[19:19:21] [V] OpenROAD will use None threads                    openroad.py:520
[19:19:21] [I] Logging subprocess to                                step.py:1336
               'experiments/sram_flow_feasibility/runs/attempt-004-             
               full/34-openroad-detailedplacement/openroad-detailed             
               placement.log'…                                                  
[19:19:21] [W] [ORD-0032] Invalid thread number specification:   openroad.py:321
               None.                                                            
[19:19:21] [W] [STA-1140]                                        openroad.py:321
               /home/wayne/devel/jane/hardcaml_asic/.toolchain/p                
               dk/ihp-sg13cmos5l/libs.ref/sg13cmos5l_sram/lib/RM                
               _IHPSG13_1P_256x16_c2_bm_bist_typ_1p20V_25C.lib                  
               line 20, library                                                 
               RM_IHPSG13_1P_256x16_c2_bm_bist_typ_1p20V_25C                    
               already exists.                                                  
[19:19:21] [V] Running 'OpenROAD.CTS' at                            step.py:1138
               'experiments/sram_flow_feasibility/runs/attempt-004-             
               full/35-openroad-cts'…                                           
[19:19:21] [V] OpenROAD will use None threads                    openroad.py:520
[19:19:21] [I] Logging subprocess to                                step.py:1336
               'experiments/sram_flow_feasibility/runs/attempt-004-             
               full/35-openroad-cts/openroad-cts.log'…                          
[19:19:22] [W] [ORD-0032] Invalid thread number specification:   openroad.py:321
               None.                                                            
[19:19:22] [W] [STA-1140]                                        openroad.py:321
               /home/wayne/devel/jane/hardcaml_asic/.toolchain/p                
               dk/ihp-sg13cmos5l/libs.ref/sg13cmos5l_sram/lib/RM                
               _IHPSG13_1P_256x16_c2_bm_bist_typ_1p20V_25C.lib                  
               line 20, library                                                 
               RM_IHPSG13_1P_256x16_c2_bm_bist_typ_1p20V_25C                    
               already exists.                                                  
[19:19:22] [W] [STA-1140]                                        openroad.py:321
               /home/wayne/devel/jane/hardcaml_asic/.toolchain/p                
               dk/ihp-sg13cmos5l/libs.ref/sg13cmos5l_sram/lib/RM                
               _IHPSG13_1P_256x16_c2_bm_bist_typ_1p20V_25C.lib                  
               line 20, library                                                 
               RM_IHPSG13_1P_256x16_c2_bm_bist_typ_1p20V_25C                    
               already exists.                                                  
[19:19:22] [W] [STA-1140]                                        openroad.py:321
               /home/wayne/devel/jane/hardcaml_asic/.toolchain/p                
               dk/ihp-sg13cmos5l/libs.ref/sg13cmos5l_sram/lib/RM                
               _IHPSG13_1P_256x16_c2_bm_bist_typ_1p20V_25C.lib                  
               line 20, library                                                 
               RM_IHPSG13_1P_256x16_c2_bm_bist_typ_1p20V_25C                    
               already exists.                                                  
[19:19:22] [W] [STA-1140]                                        openroad.py:321
               /home/wayne/devel/jane/hardcaml_asic/.toolchain/p                
               dk/ihp-sg13cmos5l/libs.ref/sg13cmos5l_sram/lib/RM                
               _IHPSG13_1P_256x16_c2_bm_bist_typ_1p20V_25C.lib                  
               line 20, library                                                 
               RM_IHPSG13_1P_256x16_c2_bm_bist_typ_1p20V_25C                    
               already exists.                                                  
[19:19:22] [W] [STA-1140]                                        openroad.py:321
               /home/wayne/devel/jane/hardcaml_asic/.toolchain/p                
               dk/ihp-sg13cmos5l/libs.ref/sg13cmos5l_sram/lib/RM                
               _IHPSG13_1P_256x16_c2_bm_bist_typ_1p20V_25C.lib                  
               line 20, library                                                 
               RM_IHPSG13_1P_256x16_c2_bm_bist_typ_1p20V_25C                    
               already exists.                                                  
[19:19:28] [W] [CTS-0041] Net "clk" has 1 sinks. Skipping...     openroad.py:321
[19:19:28] [W] [CTS-0083] No clock nets have been found.         openroad.py:321
[19:19:28] [W] [CTS-0082] No valid clock nets in the design.     openroad.py:321
[19:19:28] [V] Running 'OpenROAD.STAMidPNR-1' at                    step.py:1138
               'experiments/sram_flow_feasibility/runs/attempt-004-             
               full/36-openroad-stamidpnr-1'…                                   
[19:19:28] [V] OpenROAD will use None threads                    openroad.py:520
[19:19:28] [I] Logging subprocess to                                step.py:1336
               'experiments/sram_flow_feasibility/runs/attempt-004-             
               full/36-openroad-stamidpnr-1/openroad-stamidpnr-1.lo             
               g'…                                                              
[19:19:28] [W] [ORD-0032] Invalid thread number specification:   openroad.py:321
               None.                                                            
[19:19:28] [W] [STA-1140]                                        openroad.py:321
               /home/wayne/devel/jane/hardcaml_asic/.toolchain/p                
               dk/ihp-sg13cmos5l/libs.ref/sg13cmos5l_sram/lib/RM                
               _IHPSG13_1P_256x16_c2_bm_bist_typ_1p20V_25C.lib                  
               line 20, library                                                 
               RM_IHPSG13_1P_256x16_c2_bm_bist_typ_1p20V_25C                    
               already exists.                                                  
[19:19:28] [V] Running 'OpenROAD.ResizerTimingPostCTS' at           step.py:1138
               'experiments/sram_flow_feasibility/runs/attempt-004-             
               full/37-openroad-resizertimingpostcts'…                          
[19:19:28] [V] OpenROAD will use None threads                    openroad.py:520
[19:19:28] [I] Logging subprocess to                                step.py:1336
               'experiments/sram_flow_feasibility/runs/attempt-004-             
               full/37-openroad-resizertimingpostcts/openroad-resiz             
               ertimingpostcts.log'…                                            
[19:19:29] [W] [ORD-0032] Invalid thread number specification:   openroad.py:321
               None.                                                            
[19:19:29] [W] [STA-1140]                                        openroad.py:321
               /home/wayne/devel/jane/hardcaml_asic/.toolchain/p                
               dk/ihp-sg13cmos5l/libs.ref/sg13cmos5l_sram/lib/RM                
               _IHPSG13_1P_256x16_c2_bm_bist_typ_1p20V_25C.lib                  
               line 20, library                                                 
               RM_IHPSG13_1P_256x16_c2_bm_bist_typ_1p20V_25C                    
               already exists.                                                  
[19:19:29] [W] [STA-1140]                                        openroad.py:321
               /home/wayne/devel/jane/hardcaml_asic/.toolchain/p                
               dk/ihp-sg13cmos5l/libs.ref/sg13cmos5l_sram/lib/RM                
               _IHPSG13_1P_256x16_c2_bm_bist_typ_1p20V_25C.lib                  
               line 20, library                                                 
               RM_IHPSG13_1P_256x16_c2_bm_bist_typ_1p20V_25C                    
               already exists.                                                  
[19:19:29] [W] [STA-1140]                                        openroad.py:321
               /home/wayne/devel/jane/hardcaml_asic/.toolchain/p                
               dk/ihp-sg13cmos5l/libs.ref/sg13cmos5l_sram/lib/RM                
               _IHPSG13_1P_256x16_c2_bm_bist_typ_1p20V_25C.lib                  
               line 20, library                                                 
               RM_IHPSG13_1P_256x16_c2_bm_bist_typ_1p20V_25C                    
               already exists.                                                  
[19:19:29] [W] [STA-1140]                                        openroad.py:321
               /home/wayne/devel/jane/hardcaml_asic/.toolchain/p                
               dk/ihp-sg13cmos5l/libs.ref/sg13cmos5l_sram/lib/RM                
               _IHPSG13_1P_256x16_c2_bm_bist_typ_1p20V_25C.lib                  
               line 20, library                                                 
               RM_IHPSG13_1P_256x16_c2_bm_bist_typ_1p20V_25C                    
               already exists.                                                  
[19:19:29] [W] [STA-1140]                                        openroad.py:321
               /home/wayne/devel/jane/hardcaml_asic/.toolchain/p                
               dk/ihp-sg13cmos5l/libs.ref/sg13cmos5l_sram/lib/RM                
               _IHPSG13_1P_256x16_c2_bm_bist_typ_1p20V_25C.lib                  
               line 20, library                                                 
               RM_IHPSG13_1P_256x16_c2_bm_bist_typ_1p20V_25C                    
               already exists.                                                  
[19:19:29] [V] Running 'OpenROAD.STAMidPNR-2' at                    step.py:1138
               'experiments/sram_flow_feasibility/runs/attempt-004-             
               full/38-openroad-stamidpnr-2'…                                   
[19:19:29] [V] OpenROAD will use None threads                    openroad.py:520
[19:19:29] [I] Logging subprocess to                                step.py:1336
               'experiments/sram_flow_feasibility/runs/attempt-004-             
               full/38-openroad-stamidpnr-2/openroad-stamidpnr-2.lo             
               g'…                                                              
[19:19:29] [W] [ORD-0032] Invalid thread number specification:   openroad.py:321
               None.                                                            
[19:19:29] [W] [STA-1140]                                        openroad.py:321
               /home/wayne/devel/jane/hardcaml_asic/.toolchain/p                
               dk/ihp-sg13cmos5l/libs.ref/sg13cmos5l_sram/lib/RM                
               _IHPSG13_1P_256x16_c2_bm_bist_typ_1p20V_25C.lib                  
               line 20, library                                                 
               RM_IHPSG13_1P_256x16_c2_bm_bist_typ_1p20V_25C                    
               already exists.                                                  
[19:19:30] [V] Running 'OpenROAD.GlobalRouting' at                  step.py:1138
               'experiments/sram_flow_feasibility/runs/attempt-004-             
               full/39-openroad-globalrouting'…                                 
[19:19:30] [V] OpenROAD will use None threads                    openroad.py:520
[19:19:30] [I] Logging subprocess to                                step.py:1336
               'experiments/sram_flow_feasibility/runs/attempt-004-             
               full/39-openroad-globalrouting/openroad-globalroutin             
               g.log'…                                                          
[19:19:30] [W] [ORD-0032] Invalid thread number specification:   openroad.py:321
               None.                                                            
[19:19:30] [W] [STA-1140]                                        openroad.py:321
               /home/wayne/devel/jane/hardcaml_asic/.toolchain/p                
               dk/ihp-sg13cmos5l/libs.ref/sg13cmos5l_sram/lib/RM                
               _IHPSG13_1P_256x16_c2_bm_bist_typ_1p20V_25C.lib                  
               line 20, library                                                 
               RM_IHPSG13_1P_256x16_c2_bm_bist_typ_1p20V_25C                    
               already exists.                                                  
[19:19:30] [V] Running 'OpenROAD.CheckAntennas' at                  step.py:1138
               'experiments/sram_flow_feasibility/runs/attempt-004-             
               full/40-openroad-checkantennas'…                                 
[19:19:30] [V] OpenROAD will use None threads                    openroad.py:520
[19:19:30] [I] Logging subprocess to                                step.py:1336
               'experiments/sram_flow_feasibility/runs/attempt-004-             
               full/40-openroad-checkantennas/openroad-checkantenna             
               s.log'…                                                          
[19:19:30] [W] [ORD-0032] Invalid thread number specification:   openroad.py:321
               None.                                                            
[19:19:30] [W] [STA-1140]                                        openroad.py:321
               /home/wayne/devel/jane/hardcaml_asic/.toolchain/p                
               dk/ihp-sg13cmos5l/libs.ref/sg13cmos5l_sram/lib/RM                
               _IHPSG13_1P_256x16_c2_bm_bist_typ_1p20V_25C.lib                  
               line 20, library                                                 
               RM_IHPSG13_1P_256x16_c2_bm_bist_typ_1p20V_25C                    
               already exists.                                                  
[19:19:30] [I] Gating variable for step                        sequential.py:362
               'OpenROAD.RepairDesignPostGRT' set to 'False'-                   
               the step will be skipped.                                        
[19:19:30] [I] Skipping step 'Repair Design (Post-Global       sequential.py:370
               Routing)'…                                                       
[19:19:30] [V] Running 'Odb.DiodesOnPorts' at                       step.py:1138
               'experiments/sram_flow_feasibility/runs/attempt-004-             
               full/41-odb-diodesonports'…                                      
[19:19:30] [I] 'DIODE_ON_PORTS' is set to 'none': skipping            odb.py:820
               'Odb.DiodesOnPorts'…                                             
[19:19:30] [I] Gating variable for step                        sequential.py:362
               'Odb.HeuristicDiodeInsertion' set to 'False'-                    
               the step will be skipped.                                        
[19:19:30] [I] Skipping step 'Heuristic Diode Insertion'…      sequential.py:370
[19:19:30] [V] Running 'OpenROAD.RepairAntennas' at                 step.py:1138
               'experiments/sram_flow_feasibility/runs/attempt-004-             
               full/42-openroad-repairantennas'…                                
[19:19:30] [V] Running 'OpenROAD.DiodeInsertion' at                 step.py:1138
               'experiments/sram_flow_feasibility/runs/attempt-004-             
               full/42-openroad-repairantennas/1-openroad-diodeinse             
               rtion'…                                                          
[19:19:30] [V] OpenROAD will use None threads                    openroad.py:520
[19:19:30] [I] Logging subprocess to                                step.py:1336
               'experiments/sram_flow_feasibility/runs/attempt-004-             
               full/42-openroad-repairantennas/1-openroad-diodeinse             
               rtion/openroad-diodeinsertion.log'…                              
[19:19:31] [W] [ORD-0032] Invalid thread number specification:   openroad.py:321
               None.                                                            
[19:19:31] [W] [STA-1140]                                        openroad.py:321
               /home/wayne/devel/jane/hardcaml_asic/.toolchain/p                
               dk/ihp-sg13cmos5l/libs.ref/sg13cmos5l_sram/lib/RM                
               _IHPSG13_1P_256x16_c2_bm_bist_typ_1p20V_25C.lib                  
               line 20, library                                                 
               RM_IHPSG13_1P_256x16_c2_bm_bist_typ_1p20V_25C                    
               already exists.                                                  
[19:19:31] [V] Running 'OpenROAD.CheckAntennas' at                  step.py:1138
               'experiments/sram_flow_feasibility/runs/attempt-004-             
               full/42-openroad-repairantennas/2-openroad-checkante             
               nnas'…                                                           
[19:19:31] [V] OpenROAD will use None threads                    openroad.py:520
[19:19:31] [I] Logging subprocess to                                step.py:1336
               'experiments/sram_flow_feasibility/runs/attempt-004-             
               full/42-openroad-repairantennas/2-openroad-checkante             
               nnas/openroad-checkantennas.log'…                                
[19:19:31] [W] [ORD-0032] Invalid thread number specification:   openroad.py:321
               None.                                                            
[19:19:31] [W] [STA-1140]                                        openroad.py:321
               /home/wayne/devel/jane/hardcaml_asic/.toolchain/p                
               dk/ihp-sg13cmos5l/libs.ref/sg13cmos5l_sram/lib/RM                
               _IHPSG13_1P_256x16_c2_bm_bist_typ_1p20V_25C.lib                  
               line 20, library                                                 
               RM_IHPSG13_1P_256x16_c2_bm_bist_typ_1p20V_25C                    
               already exists.                                                  
[19:19:32] [I] Gating variable for step                        sequential.py:362
               'OpenROAD.ResizerTimingPostGRT' set to 'False'-                  
               the step will be skipped.                                        
[19:19:32] [I] Skipping step 'Resizer Timing Optimizations     sequential.py:370
               (Post-Global Routing)'…                                          
[19:19:32] [V] Running 'OpenROAD.STAMidPNR-3' at                    step.py:1138
               'experiments/sram_flow_feasibility/runs/attempt-004-             
               full/43-openroad-stamidpnr-3'…                                   
[19:19:32] [V] OpenROAD will use None threads                    openroad.py:520
[19:19:32] [I] Logging subprocess to                                step.py:1336
               'experiments/sram_flow_feasibility/runs/attempt-004-             
               full/43-openroad-stamidpnr-3/openroad-stamidpnr-3.lo             
               g'…                                                              
[19:19:32] [W] [ORD-0032] Invalid thread number specification:   openroad.py:321
               None.                                                            
[19:19:32] [W] [STA-1140]                                        openroad.py:321
               /home/wayne/devel/jane/hardcaml_asic/.toolchain/p                
               dk/ihp-sg13cmos5l/libs.ref/sg13cmos5l_sram/lib/RM                
               _IHPSG13_1P_256x16_c2_bm_bist_typ_1p20V_25C.lib                  
               line 20, library                                                 
               RM_IHPSG13_1P_256x16_c2_bm_bist_typ_1p20V_25C                    
               already exists.                                                  
[19:19:32] [V] Running 'OpenROAD.DetailedRouting' at                step.py:1138
               'experiments/sram_flow_feasibility/runs/attempt-004-             
               full/44-openroad-detailedrouting'…                               
[19:19:32] [V] OpenROAD will use None threads                    openroad.py:520
[19:19:32] [I] Logging subprocess to                                step.py:1336
               'experiments/sram_flow_feasibility/runs/attempt-004-             
               full/44-openroad-detailedrouting/openroad-detailedro             
               uting.log'…                                                      
[19:19:32] [W] [ORD-0032] Invalid thread number specification:   openroad.py:321
               None.                                                            
[19:19:32] [W] [STA-1140]                                        openroad.py:321
               /home/wayne/devel/jane/hardcaml_asic/.toolchain/p                
               dk/ihp-sg13cmos5l/libs.ref/sg13cmos5l_sram/lib/RM                
               _IHPSG13_1P_256x16_c2_bm_bist_typ_1p20V_25C.lib                  
               line 20, library                                                 
               RM_IHPSG13_1P_256x16_c2_bm_bist_typ_1p20V_25C                    
               already exists.                                                  
[19:19:32] [W] [DRT-0349] LEF58_ENCLOSURE with no CUTCLASS is    openroad.py:321
               not supported. Skipping for layer Cont                           
[19:19:32] [W] [DRT-0349] LEF58_ENCLOSURE with no CUTCLASS is    openroad.py:321
               not supported. Skipping for layer Via1                           
[19:19:32] [W] [DRT-0349] LEF58_ENCLOSURE with no CUTCLASS is    openroad.py:321
               not supported. Skipping for layer Via1                           
[19:19:32] [W] [DRT-0349] LEF58_ENCLOSURE with no CUTCLASS is    openroad.py:321
               not supported. Skipping for layer Via2                           
[19:19:32] [W] [DRT-0349] LEF58_ENCLOSURE with no CUTCLASS is    openroad.py:321
               not supported. Skipping for layer Via3                           
[19:19:32] [W] [DRT-0349] LEF58_ENCLOSURE with no CUTCLASS is    openroad.py:321
               not supported. Skipping for layer TopVia1                        
[19:19:32] [W] [DRT-0349] LEF58_ENCLOSURE with no CUTCLASS is    openroad.py:321
               not supported. Skipping for layer TopVia1                        
[19:19:42] [V] Running 'Odb.RemoveRoutingObstructions' at           step.py:1138
               'experiments/sram_flow_feasibility/runs/attempt-004-             
               full/45-odb-removeroutingobstructions'…                          
[19:19:42] [I] 'ROUTING_OBSTRUCTIONS' is not defined. Skipping        odb.py:589
               'Odb.RemoveRoutingObstructions'…                                 
[19:19:42] [V] Running 'OpenROAD.CheckAntennas-1' at                step.py:1138
               'experiments/sram_flow_feasibility/runs/attempt-004-             
               full/46-openroad-checkantennas-1'…                               
[19:19:42] [V] OpenROAD will use None threads                    openroad.py:520
[19:19:42] [I] Logging subprocess to                                step.py:1336
               'experiments/sram_flow_feasibility/runs/attempt-004-             
               full/46-openroad-checkantennas-1/openroad-checkanten             
               nas-1.log'…                                                      
[19:19:42] [W] [ORD-0032] Invalid thread number specification:   openroad.py:321
               None.                                                            
[19:19:42] [W] [STA-1140]                                        openroad.py:321
               /home/wayne/devel/jane/hardcaml_asic/.toolchain/p                
               dk/ihp-sg13cmos5l/libs.ref/sg13cmos5l_sram/lib/RM                
               _IHPSG13_1P_256x16_c2_bm_bist_typ_1p20V_25C.lib                  
               line 20, library                                                 
               RM_IHPSG13_1P_256x16_c2_bm_bist_typ_1p20V_25C                    
               already exists.                                                  
[19:19:42] [V] Running 'Checker.TrDRC' at                           step.py:1138
               'experiments/sram_flow_feasibility/runs/attempt-004-             
               full/47-checker-trdrc'…                                          
[19:19:42] [I] Check for Routing DRC errors clear.                checker.py:131
[19:19:42] [V] Running 'Odb.ReportDisconnectedPins' at              step.py:1138
               'experiments/sram_flow_feasibility/runs/attempt-004-             
               full/48-odb-reportdisconnectedpins'…                             
[19:19:42] [I] Logging subprocess to                                step.py:1336
               'experiments/sram_flow_feasibility/runs/attempt-004-             
               full/48-odb-reportdisconnectedpins/odb-reportdisconn             
               ectedpins.log'…                                                  
[19:19:43] [V] Running 'Checker.DisconnectedPins' at                step.py:1138
               'experiments/sram_flow_feasibility/runs/attempt-004-             
               full/49-checker-disconnectedpins'…                               
[19:19:43] [I] Check for critical disconnected pins clear.        checker.py:131
[19:19:43] [V] Running 'Odb.ReportWireLength' at                    step.py:1138
               'experiments/sram_flow_feasibility/runs/attempt-004-             
               full/50-odb-reportwirelength'…                                   
[19:19:43] [I] Logging subprocess to                                step.py:1336
               'experiments/sram_flow_feasibility/runs/attempt-004-             
               full/50-odb-reportwirelength/odb-reportwirelength.lo             
               g'…                                                              
[19:19:43] [V] Running 'Checker.WireLength' at                      step.py:1138
               'experiments/sram_flow_feasibility/runs/attempt-004-             
               full/51-checker-wirelength'…                                     
[19:19:43] [W] Threshold for Threshold-surpassing long wires is   checker.py:108
               not set. The checker will be skipped.                            
[19:19:43] [V] Running 'OpenROAD.FillInsertion' at                  step.py:1138
               'experiments/sram_flow_feasibility/runs/attempt-004-             
               full/52-openroad-fillinsertion'…                                 
[19:19:43] [V] OpenROAD will use None threads                    openroad.py:520
[19:19:43] [I] Logging subprocess to                                step.py:1336
               'experiments/sram_flow_feasibility/runs/attempt-004-             
               full/52-openroad-fillinsertion/openroad-fillinsertio             
               n.log'…                                                          
[19:19:44] [W] [ORD-0032] Invalid thread number specification:   openroad.py:321
               None.                                                            
[19:19:44] [W] [STA-1140]                                        openroad.py:321
               /home/wayne/devel/jane/hardcaml_asic/.toolchain/p                
               dk/ihp-sg13cmos5l/libs.ref/sg13cmos5l_sram/lib/RM                
               _IHPSG13_1P_256x16_c2_bm_bist_typ_1p20V_25C.lib                  
               line 20, library                                                 
               RM_IHPSG13_1P_256x16_c2_bm_bist_typ_1p20V_25C                    
               already exists.                                                  
[19:19:45] [V] Running 'Odb.CellFrequencyTables' at                 step.py:1138
               'experiments/sram_flow_feasibility/runs/attempt-004-             
               full/53-odb-cellfrequencytables'…                                
[19:19:45] [I] Logging subprocess to                                step.py:1336
               'experiments/sram_flow_feasibility/runs/attempt-004-             
               full/53-odb-cellfrequencytables/buffer_list.txt'…                
[19:19:45] [I] Logging subprocess to                                step.py:1336
               'experiments/sram_flow_feasibility/runs/attempt-004-             
               full/53-odb-cellfrequencytables/odb-cellfrequencytab             
               les.log'…                                                        
[19:19:46] [V] Running 'OpenROAD.RCX' at                            step.py:1138
               'experiments/sram_flow_feasibility/runs/attempt-004-             
               full/54-openroad-rcx'…                                           
[19:19:46] [I] Running RCX for corners matching nom_*           openroad.py:2190
               (/home/wayne/devel/jane/hardcaml_asic/experiment                 
               s/sram_flow_feasibility/runs/attempt-004-full/54                 
               -openroad-rcx/nom/rcx.log)…                                      
[19:19:46] [V] OpenROAD will use None threads                    openroad.py:520
[19:19:46] [I] Logging subprocess to                                step.py:1336
               'experiments/sram_flow_feasibility/runs/attempt-004-             
               full/54-openroad-rcx/nom/rcx.log'…                               
[19:19:46] [W] [ORD-0032] Invalid thread number specification:   openroad.py:321
               None.                                                            
[19:19:47] [I] Finished RCX for corners matching nom_*.         openroad.py:2199
[19:19:47] [V] Running 'OpenROAD.STAPostPNR' at                     step.py:1138
               'experiments/sram_flow_feasibility/runs/attempt-004-             
               full/55-openroad-stapostpnr'…                                    
[19:19:47] [W] Netlists found for macro                           toolbox.py:268
               RM_IHPSG13_1P_256x16_c2_bm_bist, but no parasitics               
               extraction found at corner nom_fast_1p32V_m40C.                  
               The netlist cannot be used for timing on this                    
               module.                                                          
[19:19:47] [I] Starting STA for the nom_fast_1p32V_m40C timing   openroad.py:759
               corner…                                                          
[19:19:47] [W] Netlists found for macro                           toolbox.py:268
               RM_IHPSG13_1P_256x16_c2_bm_bist, but no parasitics               
               extraction found at corner nom_slow_1p08V_125C.                  
               The netlist cannot be used for timing on this                    
               module.                                                          
[19:19:47] [I] Starting STA for the nom_slow_1p08V_125C timing   openroad.py:759
               corner…                                                          
[19:19:47] [W] Netlists found for macro                           toolbox.py:268
               RM_IHPSG13_1P_256x16_c2_bm_bist, but no parasitics               
               extraction found at corner nom_typ_1p20V_25C. The                
               netlist cannot be used for timing on this module.                
[19:19:47] [I] Logging subprocess to                                step.py:1336
               'experiments/sram_flow_feasibility/runs/attempt-004-             
               full/55-openroad-stapostpnr/nom_fast_1p32V_m40C/sta.             
               log'…                                                            
[19:19:47] [I] Starting STA for the nom_typ_1p20V_25C timing     openroad.py:759
               corner…                                                          
[19:19:47] [I] Logging subprocess to                                step.py:1336
               'experiments/sram_flow_feasibility/runs/attempt-004-             
               full/55-openroad-stapostpnr/nom_slow_1p08V_125C/sta.             
               log'…                                                            
[19:19:47] [I] Logging subprocess to                                step.py:1336
               'experiments/sram_flow_feasibility/runs/attempt-004-             
               full/55-openroad-stapostpnr/nom_typ_1p20V_25C/sta.lo             
               g'…                                                              
[19:19:47] [I] Finished STA for the nom_fast_1p32V_m40C timing   openroad.py:774
               corner.                                                          
[19:19:47] [I] Finished STA for the nom_slow_1p08V_125C timing   openroad.py:774
               corner.                                                          
[19:19:47] [I] Finished STA for the nom_typ_1p20V_25C timing     openroad.py:774
               corner.                                                          
[19:19:47] [I] Logging subprocess to                                step.py:1336
               'experiments/sram_flow_feasibility/runs/attempt-004-             
               full/55-openroad-stapostpnr/nom_fast_1p32V_m40C/filt             
               er_unannotated.log'…                                             
[19:19:47] [I] Logging subprocess to                                step.py:1336
               'experiments/sram_flow_feasibility/runs/attempt-004-             
               full/55-openroad-stapostpnr/nom_typ_1p20V_25C/filter             
               _unannotated.log'…                                               
[19:19:47] [I] Logging subprocess to                                step.py:1336
               'experiments/sram_flow_feasibility/runs/attempt-004-             
               full/55-openroad-stapostpnr/nom_slow_1p08V_125C/filt             
               er_unannotated.log'…                                             
[19:19:48] [V] Running 'OpenROAD.IRDropReport' at                   step.py:1138
               'experiments/sram_flow_feasibility/runs/attempt-004-             
               full/56-openroad-irdropreport'…                                  
[19:19:48] [W] 'VSRC_LOC_FILES' was not given a value, which    openroad.py:2291
               may make the results of IR drop analysis                         
               inaccurate. If you are not integrating a                         
               top-level chip for manufacture, you may ignore                   
               this warning, otherwise, see the documentation                   
               for 'VSRC_LOC_FILES'.                                            
[19:19:48] [V] OpenROAD will use None threads                    openroad.py:520
[19:19:48] [I] Logging subprocess to                                step.py:1336
               'experiments/sram_flow_feasibility/runs/attempt-004-             
               full/56-openroad-irdropreport/openroad-irdropreport.             
               log'…                                                            
[19:19:48] [W] [ORD-0032] Invalid thread number specification:   openroad.py:321
               None.                                                            
[19:19:48] [W] [STA-1140]                                        openroad.py:321
               /home/wayne/devel/jane/hardcaml_asic/.toolchain/p                
               dk/ihp-sg13cmos5l/libs.ref/sg13cmos5l_sram/lib/RM                
               _IHPSG13_1P_256x16_c2_bm_bist_typ_1p20V_25C.lib                  
               line 20, library                                                 
               RM_IHPSG13_1P_256x16_c2_bm_bist_typ_1p20V_25C                    
               already exists.                                                  
[19:20:26] [V] + analyze_power_grid -net VPWR -voltage_file     openroad.py:2303
               /home/wayne/devel/jane/hardcaml_asic/experiments                 
               /sram_flow_feasibility/runs/attempt-004-full/56-                 
               openroad-irdropreport/net-VPWR.csv                               
               [INFO PSM-0040] All shapes on net VPWR are                       
               connected.                                                       
               ########## IR report #################                           
               Net              : VPWR                                          
               Corner           : nom_typ_1p20V_25C                             
               Total power      : 1.28e-04 W                                    
               Supply voltage   : 1.20e+00 V                                    
               Worstcase voltage: 1.20e+00 V                                    
               Average voltage  : 1.20e+00 V                                    
               Average IR drop  : 3.82e-07 V                                    
               Worstcase IR drop: 3.81e-05 V                                    
               Percentage drop  : 0.00 %                                        
               ######################################                           
               + analyze_power_grid -net VGND -voltage_file                     
               /home/wayne/devel/jane/hardcaml_asic/experiments                 
               /sram_flow_feasibility/runs/attempt-004-full/56-                 
               openroad-irdropreport/net-VGND.csv                               
               [INFO PSM-0040] All shapes on net VGND are                       
               connected.                                                       
               ########## IR report #################                           
               Net              : VGND                                          
               Corner           : nom_typ_1p20V_25C                             
               Total power      : 1.28e-04 W                                    
               Supply voltage   : 0.00e+00 V                                    
               Worstcase voltage: 3.08e-04 V                                    
               Average voltage  : 7.61e-07 V                                    
               Average IR drop  : 7.61e-07 V                                    
               Worstcase IR drop: 3.08e-04 V                                    
               Percentage drop  : 0.03 %                                        
               ######################################                           
                                                                                
[19:20:26] [V] Running 'Magic.StreamOut' at                         step.py:1138
               'experiments/sram_flow_feasibility/runs/attempt-004-             
               full/57-magic-streamout'…                                        
[19:20:26] [I] Logging subprocess to                                step.py:1336
               'experiments/sram_flow_feasibility/runs/attempt-004-             
               full/57-magic-streamout/magic-streamout.log'…                    
[19:20:37] [V] Running 'KLayout.StreamOut' at                       step.py:1138
               'experiments/sram_flow_feasibility/runs/attempt-004-             
               full/58-klayout-streamout'…                                      
[19:20:37] [I] Logging subprocess to                                step.py:1336
               'experiments/sram_flow_feasibility/runs/attempt-004-             
               full/58-klayout-streamout/klayout-streamout.log'…                
[19:20:38] [V] Running 'KLayout.Render' at                          step.py:1138
               'experiments/sram_flow_feasibility/runs/attempt-004-             
               full/59-klayout-render'…                                         
[19:20:38] [I] Logging subprocess to                                step.py:1336
               'experiments/sram_flow_feasibility/runs/attempt-004-             
               full/59-klayout-render/klayout-render.log'…                      
[19:20:40] [V] Running 'Magic.WriteLEF' at                          step.py:1138
               'experiments/sram_flow_feasibility/runs/attempt-004-             
               full/60-magic-writelef'…                                         
[19:20:40] [I] Logging subprocess to                                step.py:1336
               'experiments/sram_flow_feasibility/runs/attempt-004-             
               full/60-magic-writelef/magic-writelef.log'…                      
[19:21:14] [V] Running 'Odb.CheckDesignAntennaProperties' at        step.py:1138
               'experiments/sram_flow_feasibility/runs/attempt-004-             
               full/61-odb-checkdesignantennaproperties'…                       
[19:21:14] [I] Logging subprocess to                                step.py:1336
               'experiments/sram_flow_feasibility/runs/attempt-004-             
               full/61-odb-checkdesignantennaproperties/odb-checkde             
               signantennaproperties.log'…                                      
[19:21:15] [I] Gating variable for step 'KLayout.XOR' set to   sequential.py:362
               'False'- the step will be skipped.                               
[19:21:15] [I] Skipping step 'KLayout vs. Magic XOR'…          sequential.py:370
[19:21:15] [I] Gating variable for step 'Checker.XOR' set to   sequential.py:362
               'False'- the step will be skipped.                               
[19:21:15] [I] Skipping step 'XOR Difference Checker'…         sequential.py:370
[19:21:15] [V] Running 'Magic.DRC' at                               step.py:1138
               'experiments/sram_flow_feasibility/runs/attempt-004-             
               full/62-magic-drc'…                                              
[19:21:15] [I] Logging subprocess to                                step.py:1336
               'experiments/sram_flow_feasibility/runs/attempt-004-             
               full/62-magic-drc/magic-drc.log'…                                
[19:24:14] [I] Gating variable for step 'KLayout.DRC' set to   sequential.py:362
               'False'- the step will be skipped.                               
[19:24:14] [I] Skipping step 'Design Rule Check (KLayout)'…    sequential.py:370
[19:24:14] [V] Running 'Checker.MagicDRC' at                        step.py:1138
               'experiments/sram_flow_feasibility/runs/attempt-004-             
               full/63-checker-magicdrc'…                                       
[19:24:15] [E] 253 Magic DRC errors found. - deferred             checker.py:124
[19:24:15] [I] Gating variable for step 'Checker.KLayoutDRC'   sequential.py:362
               set to 'False'- the step will be skipped.                        
[19:24:15] [I] Skipping step 'KLayout DRC Checker'…            sequential.py:370
[19:24:15] [V] Running 'Magic.SpiceExtraction' at                   step.py:1138
               'experiments/sram_flow_feasibility/runs/attempt-004-             
               full/64-magic-spiceextraction'…                                  
[19:24:15] [I] Logging subprocess to                                step.py:1336
               'experiments/sram_flow_feasibility/runs/attempt-004-             
               full/64-magic-spiceextraction/magic-spiceextraction.             
               log'…                                                            
[19:24:20] [V] Running 'Checker.IllegalOverlap' at                  step.py:1138
               'experiments/sram_flow_feasibility/runs/attempt-004-             
               full/65-checker-illegaloverlap'…                                 
[19:24:20] [E] 2 Magic Illegal Overlap errors found. - deferred   checker.py:124
[19:24:20] [V] Running 'Netgen.LVS' at                              step.py:1138
               'experiments/sram_flow_feasibility/runs/attempt-004-             
               full/66-netgen-lvs'…                                             
[19:24:20] [I] Logging subprocess to                                step.py:1336
               'experiments/sram_flow_feasibility/runs/attempt-004-             
               full/66-netgen-lvs/netgen-lvs.log'…                              
[19:24:21] [V] Running 'Checker.LVS' at                             step.py:1138
               'experiments/sram_flow_feasibility/runs/attempt-004-             
               full/67-checker-lvs'…                                            
[19:24:21] [I] Check for LVS errors clear.                        checker.py:131
[19:24:21] [I] Gating variable for step 'Yosys.EQY' set to     sequential.py:362
               'False'- the step will be skipped.                               
[19:24:21] [I] Skipping step 'Equivalence Check'…              sequential.py:370
[19:24:22] [V] Running 'Checker.SetupViolations' at                 step.py:1138
               'experiments/sram_flow_feasibility/runs/attempt-004-             
               full/68-checker-setupviolations'…                                
[19:24:22] [V] No setup violations found                          checker.py:628
[19:24:22] [V] Running 'Checker.HoldViolations' at                  step.py:1138
               'experiments/sram_flow_feasibility/runs/attempt-004-             
               full/69-checker-holdviolations'…                                 
[19:24:22] [V] No hold violations found                           checker.py:628
[19:24:22] [V] Running 'Checker.MaxSlewViolations' at               step.py:1138
               'experiments/sram_flow_feasibility/runs/attempt-004-             
               full/70-checker-maxslewviolations'…                              
[19:24:22] [W] Max Slew violations found in the following         checker.py:626
               corners:                                                         
               * nom_slow_1p08V_125C                                            
               * nom_typ_1p20V_25C                                              
[19:24:22] [V] No max slew violations found                       checker.py:628
[19:24:22] [V] Running 'Checker.MaxCapViolations' at                step.py:1138
               'experiments/sram_flow_feasibility/runs/attempt-004-             
               full/71-checker-maxcapviolations'…                               
[19:24:22] [W] Max Cap violations found in the following corners: checker.py:626
               * nom_fast_1p32V_m40C                                            
               * nom_slow_1p08V_125C                                            
               * nom_typ_1p20V_25C                                              
[19:24:22] [V] No max cap violations found                        checker.py:628
[19:24:22] [V] Running 'Misc.ReportManufacturability' at            step.py:1138
               'experiments/sram_flow_feasibility/runs/attempt-004-             
               full/72-misc-reportmanufacturability'…                           
[19:24:22] [W] klayout__drc_error__count not reported. KLayout.DRC   misc.py:102
               may have been skipped.                                           
[19:24:22] [I] Saving views to                                      state.py:209
               '/home/wayne/devel/jane/hardcaml_asic/experiments/sr             
               am_flow_feasibility/runs/attempt-004-full/final'…                
[19:24:22] [W] The following warnings were generated by the flow:    flow.py:699
[19:24:22] [W] Netlists found for macro                              flow.py:701
               RM_IHPSG13_1P_256x16_c2_bm_bist, but no parasitics               
               extraction found at corner nom_typ_1p20V_25C. The                
               netlist cannot be used for timing on this module.                
               (and 2 similar warnings)                                         
[19:24:22] [W] Netlists found for macro                              flow.py:701
               RM_IHPSG13_1P_256x16_c2_bm_bist, but no parasitics               
               extraction found at corner nom_fast_1p32V_m40C. The              
               netlist cannot be used for timing on this module.                
               (and 1 similar warnings)                                         
[19:24:22] [W] Netlists found for macro                              flow.py:701
               RM_IHPSG13_1P_256x16_c2_bm_bist, but no parasitics               
               extraction found at corner nom_slow_1p08V_125C. The              
               netlist cannot be used for timing on this module.                
               (and 1 similar warnings)                                         
[19:24:22] [W] [OpenROAD.Floorplan] [ORD-0032] Invalid thread number flow.py:701
               specification: None. (and 22 similar warnings)                   
[19:24:22] [W] [OpenROAD.Floorplan] [STA-1140]                       flow.py:701
               /home/wayne/devel/jane/hardcaml_asic/.toolchain/pdk/i            
               hp-sg13cmos5l/libs.ref/sg13cmos5l_sram/lib/RM_IHPSG13            
               _1P_256x16_c2_bm_bist_typ_1p20V_25C.lib line 20,                 
               library RM_IHPSG13_1P_256x16_c2_bm_bist_typ_1p20V_25C            
               already exists. (and 33 similar warnings)                        
[19:24:22] [W] [Odb.ApplyDEFTemplate] Bterm VPWR is declared as a    flow.py:701
               'POWER' pin. It will be ignored. (and 1 similar                  
               warnings)                                                        
[19:24:22] [W] [OpenROAD.CTS] [CTS-0041] Net "clk" has 1 sinks.      flow.py:701
               Skipping...                                                      
[19:24:22] [W] [OpenROAD.CTS] [CTS-0083] No clock nets have been     flow.py:701
               found.                                                           
[19:24:22] [W] [OpenROAD.CTS] [CTS-0082] No valid clock nets in the  flow.py:701
               design.                                                          
[19:24:22] [W] [OpenROAD.DetailedRouting] [DRT-0349] LEF58_ENCLOSURE flow.py:701
               with no CUTCLASS is not supported. Skipping for layer            
               Cont (and 6 similar warnings)                                    
[19:24:22] [W] [Checker.WireLength] Threshold for                    flow.py:701
               Threshold-surpassing long wires is not set. The                  
               checker will be skipped.                                         
[19:24:22] [W] [OpenROAD.IRDropReport] 'VSRC_LOC_FILES' was not      flow.py:701
               given a value, which may make the results of IR drop             
               analysis inaccurate. If you are not integrating a                
               top-level chip for manufacture, you may ignore this              
               warning, otherwise, see the documentation for                    
               'VSRC_LOC_FILES'.                                                
[19:24:22] [W] [Checker.MaxSlewViolations] Max Slew violations found flow.py:701
               in the following corners:                                        
               * nom_slow_1p08V_125C                                            
               * nom_typ_1p20V_25C                                              
[19:24:22] [W] [Checker.MaxCapViolations] Max Cap violations found   flow.py:701
               in the following corners:                                        
               * nom_fast_1p32V_m40C                                            
               * nom_slow_1p08V_125C                                            
               * nom_typ_1p20V_25C                                              
[19:24:22] [W] [Misc.ReportManufacturability]                        flow.py:701
               klayout__drc_error__count not reported. KLayout.DRC              
               may have been skipped.                                           
[19:24:22] [E] The following error was encountered while running __main__.py:189
               the flow:                                                        
               One or more deferred errors were encountered:                    
               253 Magic DRC errors found.                                      
               2 Magic Illegal Overlap errors found.                            
[19:24:22] [E] LibreLane will now quit.                          __main__.py:190
