[19:15:41] WARNING  DISPLAY environment variable not set. GUI    container.py:53
                    features will not be available.                             
[19:15:41] INFO     Running containerized command:              container.py:285
[19:15:41] [W] The following warnings have been generated:       __main__.py:157
[19:15:41] [W] The configuration variable 'FP_IO_VLENGTH' is     __main__.py:159
               deprecated. Please check the docs for the usage                  
               on the replacement variable 'IO_PIN_V_LENGTH'.                   
[19:15:41] [W] The configuration variable 'FP_IO_HLENGTH' is     __main__.py:159
               deprecated. Please check the docs for the usage                  
               on the replacement variable 'IO_PIN_H_LENGTH'.                   
[19:15:41] [E] Errors have occurred while loading the design     __main__.py:160
               configuration file.                                              
[19:15:41] [E] Path provided for variable                        __main__.py:162
               'MACROS.RM_IHPSG13_1P_256x16_c2_bm_bist.gds[0]'                  
               is invalid:                                                      
               '/home/wayne/devel/jane/hardcaml_asic/.toolchain/                
               pdk/ihp-sg13cmos5l/ihp-sg13cmos5l/libs.ref/sg13cm                
               os5l_sram/gds/RM_IHPSG13_1P_256x16_c2_bm_bist.gds                
               ' does not exist                                                 
[19:15:41] [E] LibreLane will now quit. Please check your        __main__.py:164
               configuration.                                                   
