[19:16:20] WARNING  DISPLAY environment variable not set. GUI    container.py:53
                    features will not be available.                             
[19:16:20] INFO     Running containerized command:              container.py:285
[19:16:20] [I] Starting a new run of the 'Classic' flow with the tag flow.py:654
               'attempt-002-config'.                                            
[19:16:20] [I] Starting…                                       sequential.py:339
[19:16:20] [V] Running 'Verilator.Lint' at                          step.py:1138
               'experiments/sram_flow_feasibility/runs/attempt-002-             
               config/01-verilator-lint'…                                       
[19:16:20] [I] Logging subprocess to                                step.py:1336
               'experiments/sram_flow_feasibility/runs/attempt-002-             
               config/01-verilator-lint/verilator-lint.log'…                    
[19:16:21] [I] Skipping step 'Lint Timing Error Checker'…      sequential.py:370
[19:16:21] [I] Skipping step 'Lint Errors Checker'…            sequential.py:370
[19:16:21] [I] Skipping step 'Lint Warnings Checker'…          sequential.py:370
[19:16:21] [I] Skipping step 'Generate JSON Header'…           sequential.py:370
[19:16:21] [I] Skipping step 'Synthesis'…                      sequential.py:370
[19:16:21] [I] Skipping step 'Unmapped Cells Checker'…         sequential.py:370
[19:16:21] [I] Skipping step 'Yosys Synth Checks'…             sequential.py:370
[19:16:21] [I] Skipping step 'Netlist Assign Statement         sequential.py:370
               Checker'…                                                        
[19:16:21] [I] Skipping step 'Check SDC Files'…                sequential.py:370
[19:16:21] [I] Skipping step 'Check Macro Instances'…          sequential.py:370
[19:16:21] [I] Skipping step 'STA (Pre-PnR)'…                  sequential.py:370
[19:16:21] [I] Skipping step 'Floorplan Init'…                 sequential.py:370
[19:16:21] [I] Skipping step 'Dump RC Values'…                 sequential.py:370
[19:16:21] [I] Skipping step 'Check Antenna Properties of      sequential.py:370
               Macros Pins in Their LEF Views'…                                 
[19:16:21] [I] Skipping step 'Set Power Connections'…          sequential.py:370
[19:16:21] [I] Skipping step 'Manual Macro Placement'…         sequential.py:370
[19:16:21] [I] Skipping step 'Cut Rows'…                       sequential.py:370
[19:16:21] [I] Skipping step 'Tap/Decap Insertion'…            sequential.py:370
[19:16:21] [I] Skipping step 'Add PDN obstructions'…           sequential.py:370
[19:16:21] [I] Skipping step 'Generate PDN'…                   sequential.py:370
[19:16:21] [I] Skipping step 'Remove PDN obstructions'…        sequential.py:370
[19:16:21] [I] Skipping step 'Add Obstructions'…               sequential.py:370
[19:16:21] [I] Skipping step 'Global Placement Skip IO'…       sequential.py:370
[19:16:21] [I] Skipping step 'I/O Placement'…                  sequential.py:370
[19:16:21] [I] Skipping step 'Custom I/O Placement'…           sequential.py:370
[19:16:21] [I] Skipping step 'Apply DEF Template'…             sequential.py:370
[19:16:21] [I] Skipping step 'Global Placement'…               sequential.py:370
[19:16:21] [I] Skipping step 'Write Verilog Header'…           sequential.py:370
[19:16:21] [I] Skipping step 'Power Grid Violation Checker'…   sequential.py:370
[19:16:21] [I] Skipping step 'STA (Mid-PnR)'…                  sequential.py:370
[19:16:21] [I] Skipping step 'Repair Design (Post-Global       sequential.py:370
               Placement)'…                                                     
[19:16:21] [I] Skipping step 'Manual Global Placement'…        sequential.py:370
[19:16:21] [I] Skipping step 'Detailed Placement'…             sequential.py:370
[19:16:21] [I] Skipping step 'Clock Tree Synthesis'…           sequential.py:370
[19:16:21] [I] Skipping step 'STA (Mid-PnR)'…                  sequential.py:370
[19:16:21] [I] Skipping step 'Resizer Timing Optimizations     sequential.py:370
               (Post-Clock Tree Synthesis)'…                                    
[19:16:21] [I] Skipping step 'STA (Mid-PnR)'…                  sequential.py:370
[19:16:21] [I] Skipping step 'Global Routing'…                 sequential.py:370
[19:16:21] [I] Skipping step 'Check Antennas'…                 sequential.py:370
[19:16:21] [I] Gating variable for step                        sequential.py:362
               'OpenROAD.RepairDesignPostGRT' set to 'False'-                   
               the step will be skipped.                                        
[19:16:21] [I] Skipping step 'Repair Design (Post-Global       sequential.py:370
               Routing)'…                                                       
[19:16:21] [I] Skipping step 'Diodes on Ports'…                sequential.py:370
[19:16:21] [I] Gating variable for step                        sequential.py:362
               'Odb.HeuristicDiodeInsertion' set to 'False'-                    
               the step will be skipped.                                        
[19:16:21] [I] Skipping step 'Heuristic Diode Insertion'…      sequential.py:370
[19:16:21] [I] Skipping step 'Antenna Repair'…                 sequential.py:370
[19:16:21] [I] Gating variable for step                        sequential.py:362
               'OpenROAD.ResizerTimingPostGRT' set to 'False'-                  
               the step will be skipped.                                        
[19:16:21] [I] Skipping step 'Resizer Timing Optimizations     sequential.py:370
               (Post-Global Routing)'…                                          
[19:16:21] [I] Skipping step 'STA (Mid-PnR)'…                  sequential.py:370
[19:16:21] [I] Skipping step 'Detailed Routing'…               sequential.py:370
[19:16:21] [I] Skipping step 'Remove Obstructions'…            sequential.py:370
[19:16:21] [I] Skipping step 'Check Antennas'…                 sequential.py:370
[19:16:21] [I] Skipping step 'Routing DRC Checker'…            sequential.py:370
[19:16:21] [I] Skipping step 'Report Disconnected Pins'…       sequential.py:370
[19:16:21] [I] Skipping step 'Disconnected Pins Checker'…      sequential.py:370
[19:16:21] [I] Skipping step 'Report Wire Length'…             sequential.py:370
[19:16:21] [I] Skipping step 'Wire Length Threshold Checker'…  sequential.py:370
[19:16:21] [I] Skipping step 'Fill Insertion'…                 sequential.py:370
[19:16:21] [I] Skipping step 'Generate Cell Frequency Tables'… sequential.py:370
[19:16:21] [I] Skipping step 'Parasitics (RC) Extraction'…     sequential.py:370
[19:16:21] [I] Skipping step 'STA (Post-PnR)'…                 sequential.py:370
[19:16:21] [I] Skipping step 'IR Drop Report'…                 sequential.py:370
[19:16:21] [I] Skipping step 'GDSII Stream Out (Magic)'…       sequential.py:370
[19:16:21] [I] Skipping step 'GDSII Stream Out (KLayout)'…     sequential.py:370
[19:16:21] [I] Skipping step 'Render Image (w/ KLayout)'…      sequential.py:370
[19:16:21] [I] Skipping step 'Write LEF (Magic)'…              sequential.py:370
[19:16:21] [I] Skipping step 'Check Antenna Properties of Pins sequential.py:370
               in The Generated Design LEF view'…                               
[19:16:21] [I] Gating variable for step 'KLayout.XOR' set to   sequential.py:362
               'False'- the step will be skipped.                               
[19:16:21] [I] Skipping step 'KLayout vs. Magic XOR'…          sequential.py:370
[19:16:21] [I] Gating variable for step 'Checker.XOR' set to   sequential.py:362
               'False'- the step will be skipped.                               
[19:16:21] [I] Skipping step 'XOR Difference Checker'…         sequential.py:370
[19:16:21] [I] Skipping step 'DRC'…                            sequential.py:370
[19:16:21] [I] Gating variable for step 'KLayout.DRC' set to   sequential.py:362
               'False'- the step will be skipped.                               
[19:16:21] [I] Skipping step 'Design Rule Check (KLayout)'…    sequential.py:370
[19:16:21] [I] Skipping step 'Magic DRC Checker'…              sequential.py:370
[19:16:21] [I] Gating variable for step 'Checker.KLayoutDRC'   sequential.py:362
               set to 'False'- the step will be skipped.                        
[19:16:21] [I] Skipping step 'KLayout DRC Checker'…            sequential.py:370
[19:16:21] [I] Skipping step 'SPICE Extraction'…               sequential.py:370
[19:16:21] [I] Skipping step 'Illegal Overlap Checker'…        sequential.py:370
[19:16:21] [I] Skipping step 'Netgen LVS'…                     sequential.py:370
[19:16:21] [I] Skipping step 'LVS Error Checker'…              sequential.py:370
[19:16:21] [I] Gating variable for step 'Yosys.EQY' set to     sequential.py:362
               'False'- the step will be skipped.                               
[19:16:21] [I] Skipping step 'Equivalence Check'…              sequential.py:370
[19:16:21] [I] Skipping step 'Setup Timing Violations          sequential.py:370
               Checker'…                                                        
[19:16:21] [I] Skipping step 'Hold Timing Violations Checker'… sequential.py:370
[19:16:21] [I] Skipping step 'Max Slew Violations Checker'…    sequential.py:370
[19:16:21] [I] Skipping step 'Max Cap Violations Checker'…     sequential.py:370
[19:16:21] [I] Skipping step 'Report Manufacturability'…       sequential.py:370
[19:16:21] [I] Saving views to                                      state.py:209
               '/home/wayne/devel/jane/hardcaml_asic/experiments/sr             
               am_flow_feasibility/runs/attempt-002-config/final'…              
[19:16:21] [I] Flow complete.                                  sequential.py:413
