[19:16:52] WARNING  DISPLAY environment variable not set. GUI    container.py:53
                    features will not be available.                             
[19:16:52] INFO     Running containerized command:              container.py:285
[19:16:53] [I] Starting a new run of the 'Classic' flow with the tag flow.py:654
               'attempt-003-full'.                                              
[19:16:53] [I] Starting…                                       sequential.py:339
[19:16:53] [V] Running 'Verilator.Lint' at                          step.py:1138
               'experiments/sram_flow_feasibility/runs/attempt-003-             
               full/01-verilator-lint'…                                         
[19:16:53] [I] Logging subprocess to                                step.py:1336
               'experiments/sram_flow_feasibility/runs/attempt-003-             
               full/01-verilator-lint/verilator-lint.log'…                      
[19:16:53] [V] Running 'Checker.LintTimingConstructs' at            step.py:1138
               'experiments/sram_flow_feasibility/runs/attempt-003-             
               full/02-checker-linttimingconstructs'…                           
[19:16:53] [I] Check for Lint Timing Errors clear.                checker.py:412
[19:16:53] [V] Running 'Checker.LintErrors' at                      step.py:1138
               'experiments/sram_flow_feasibility/runs/attempt-003-             
               full/03-checker-linterrors'…                                     
[19:16:53] [I] Check for Lint errors clear.                       checker.py:131
[19:16:53] [V] Running 'Checker.LintWarnings' at                    step.py:1138
               'experiments/sram_flow_feasibility/runs/attempt-003-             
               full/04-checker-lintwarnings'…                                   
[19:16:53] [I] Check for Lint warnings clear.                     checker.py:131
[19:16:53] [V] Running 'Yosys.JsonHeader' at                        step.py:1138
               'experiments/sram_flow_feasibility/runs/attempt-003-             
               full/05-yosys-jsonheader'…                                       
[19:16:53] [I] Logging subprocess to                                step.py:1336
               'experiments/sram_flow_feasibility/runs/attempt-003-             
               full/05-yosys-jsonheader/yosys-jsonheader.log'…                  
[19:16:53] [V] Running 'Yosys.Synthesis' at                         step.py:1138
               'experiments/sram_flow_feasibility/runs/attempt-003-             
               full/06-yosys-synthesis'…                                        
[19:16:53] [I] Logging subprocess to                                step.py:1336
               'experiments/sram_flow_feasibility/runs/attempt-003-             
               full/06-yosys-synthesis/yosys-synthesis.log'…                    
[19:16:54] [V] Parsing synthesis checks…                            pyosys.py:59
[19:16:54] [V] Running 'Checker.YosysUnmappedCells' at              step.py:1138
               'experiments/sram_flow_feasibility/runs/attempt-003-             
               full/07-checker-yosysunmappedcells'…                             
[19:16:54] [I] Check for Unmapped Yosys instances clear.          checker.py:131
[19:16:54] [V] Running 'Checker.YosysSynthChecks' at                step.py:1138
               'experiments/sram_flow_feasibility/runs/attempt-003-             
               full/08-checker-yosyssynthchecks'…                               
[19:16:54] [I] Check for Yosys check errors clear.                checker.py:131
[19:16:54] [V] Running 'Checker.NetlistAssignStatements' at         step.py:1138
               'experiments/sram_flow_feasibility/runs/attempt-003-             
               full/09-checker-netlistassignstatements'…                        
[19:16:54] [V] Running 'OpenROAD.CheckSDCFiles' at                  step.py:1138
               'experiments/sram_flow_feasibility/runs/attempt-003-             
               full/10-openroad-checksdcfiles'…                                 
[19:16:54] [V] Running 'OpenROAD.CheckMacroInstances' at            step.py:1138
               'experiments/sram_flow_feasibility/runs/attempt-003-             
               full/11-openroad-checkmacroinstances'…                           
[19:16:54] [W] Netlists found for macro                           toolbox.py:268
               RM_IHPSG13_1P_256x16_c2_bm_bist, but no parasitics               
               extraction found at corner nom_typ_1p20V_25C. The                
               netlist cannot be used for timing on this module.                
[19:16:54] [I] Logging subprocess to                                step.py:1336
               'experiments/sram_flow_feasibility/runs/attempt-003-             
               full/11-openroad-checkmacroinstances/openroad-checkm             
               acroinstances.log'…                                              
[19:16:54] [V] Running 'OpenROAD.STAPrePNR' at                      step.py:1138
               'experiments/sram_flow_feasibility/runs/attempt-003-             
               full/12-openroad-staprepnr'…                                     
[19:16:54] [W] Netlists found for macro                           toolbox.py:268
               RM_IHPSG13_1P_256x16_c2_bm_bist, but no parasitics               
               extraction found at corner nom_fast_1p32V_m40C.                  
               The netlist cannot be used for timing on this                    
               module.                                                          
[19:16:54] [I] Starting STA for the nom_fast_1p32V_m40C timing   openroad.py:759
               corner…                                                          
[19:16:54] [W] Netlists found for macro                           toolbox.py:268
               RM_IHPSG13_1P_256x16_c2_bm_bist, but no parasitics               
               extraction found at corner nom_slow_1p08V_125C.                  
               The netlist cannot be used for timing on this                    
               module.                                                          
[19:16:54] [I] Starting STA for the nom_slow_1p08V_125C timing   openroad.py:759
               corner…                                                          
[19:16:54] [W] Netlists found for macro                           toolbox.py:268
               RM_IHPSG13_1P_256x16_c2_bm_bist, but no parasitics               
               extraction found at corner nom_typ_1p20V_25C. The                
               netlist cannot be used for timing on this module.                
[19:16:54] [I] Starting STA for the nom_typ_1p20V_25C timing     openroad.py:759
               corner…                                                          
[19:16:54] [I] Logging subprocess to                                step.py:1336
               'experiments/sram_flow_feasibility/runs/attempt-003-             
               full/12-openroad-staprepnr/nom_fast_1p32V_m40C/sta.l             
               og'…                                                             
[19:16:54] [I] Logging subprocess to                                step.py:1336
               'experiments/sram_flow_feasibility/runs/attempt-003-             
               full/12-openroad-staprepnr/nom_slow_1p08V_125C/sta.l             
               og'…                                                             
[19:16:54] [I] Logging subprocess to                                step.py:1336
               'experiments/sram_flow_feasibility/runs/attempt-003-             
               full/12-openroad-staprepnr/nom_typ_1p20V_25C/sta.log             
               '…                                                               
[19:16:54] [I] Finished STA for the nom_slow_1p08V_125C timing   openroad.py:774
               corner.                                                          
[19:16:54] [I] Finished STA for the nom_fast_1p32V_m40C timing   openroad.py:774
               corner.                                                          
[19:16:54] [I] Finished STA for the nom_typ_1p20V_25C timing     openroad.py:774
               corner.                                                          
[19:16:54] [V] Running 'OpenROAD.Floorplan' at                      step.py:1138
               'experiments/sram_flow_feasibility/runs/attempt-003-             
               full/13-openroad-floorplan'…                                     
[19:16:54] [V] OpenROAD will use None threads                    openroad.py:520
[19:16:54] [I] Logging subprocess to                                step.py:1336
               'experiments/sram_flow_feasibility/runs/attempt-003-             
               full/13-openroad-floorplan/openroad-floorplan.log'…              
[19:16:54] [W] [ORD-0032] Invalid thread number specification:   openroad.py:321
               None.                                                            
[19:16:54] [W] [STA-1140]                                        openroad.py:321
               /home/wayne/devel/jane/hardcaml_asic/.toolchain/p                
               dk/ihp-sg13cmos5l/libs.ref/sg13cmos5l_sram/lib/RM                
               _IHPSG13_1P_256x16_c2_bm_bist_typ_1p20V_25C.lib                  
               line 20, library                                                 
               RM_IHPSG13_1P_256x16_c2_bm_bist_typ_1p20V_25C                    
               already exists.                                                  
[19:16:55] [V] Running 'OpenROAD.DumpRCValues' at                   step.py:1138
               'experiments/sram_flow_feasibility/runs/attempt-003-             
               full/14-openroad-dumprcvalues'…                                  
[19:16:55] [V] OpenROAD will use None threads                    openroad.py:520
[19:16:55] [I] Logging subprocess to                                step.py:1336
               'experiments/sram_flow_feasibility/runs/attempt-003-             
               full/14-openroad-dumprcvalues/openroad-dumprcvalues.             
               log'…                                                            
[19:16:55] [W] [ORD-0032] Invalid thread number specification:   openroad.py:321
               None.                                                            
[19:16:55] [W] [STA-1140]                                        openroad.py:321
               /home/wayne/devel/jane/hardcaml_asic/.toolchain/p                
               dk/ihp-sg13cmos5l/libs.ref/sg13cmos5l_sram/lib/RM                
               _IHPSG13_1P_256x16_c2_bm_bist_typ_1p20V_25C.lib                  
               line 20, library                                                 
               RM_IHPSG13_1P_256x16_c2_bm_bist_typ_1p20V_25C                    
               already exists.                                                  
[19:16:55] [V] Running 'Odb.CheckMacroAntennaProperties' at         step.py:1138
               'experiments/sram_flow_feasibility/runs/attempt-003-             
               full/15-odb-checkmacroantennaproperties'…                        
[19:16:55] [I] Logging subprocess to                                step.py:1336
               'experiments/sram_flow_feasibility/runs/attempt-003-             
               full/15-odb-checkmacroantennaproperties/odb-checkmac             
               roantennaproperties.log'…                                        
[19:16:55] [V] Running 'Odb.SetPowerConnections' at                 step.py:1138
               'experiments/sram_flow_feasibility/runs/attempt-003-             
               full/16-odb-setpowerconnections'…                                
[19:16:55] [I] Logging subprocess to                                step.py:1336
               'experiments/sram_flow_feasibility/runs/attempt-003-             
               full/16-odb-setpowerconnections/odb-setpowerconnecti             
               ons.log'…                                                        
[19:16:56] [V] Running 'Odb.ManualMacroPlacement' at                step.py:1138
               'experiments/sram_flow_feasibility/runs/attempt-003-             
               full/17-odb-manualmacroplacement'…                               
[19:16:56] [I] Logging subprocess to                                step.py:1336
               'experiments/sram_flow_feasibility/runs/attempt-003-             
               full/17-odb-manualmacroplacement/odb-manualmacroplac             
               ement.log'…                                                      
[19:16:57] [V] Running 'OpenROAD.CutRows' at                        step.py:1138
               'experiments/sram_flow_feasibility/runs/attempt-003-             
               full/18-openroad-cutrows'…                                       
[19:16:57] [V] OpenROAD will use None threads                    openroad.py:520
[19:16:57] [I] Logging subprocess to                                step.py:1336
               'experiments/sram_flow_feasibility/runs/attempt-003-             
               full/18-openroad-cutrows/openroad-cutrows.log'…                  
[19:16:57] [W] [ORD-0032] Invalid thread number specification:   openroad.py:321
               None.                                                            
[19:16:57] [W] [STA-1140]                                        openroad.py:321
               /home/wayne/devel/jane/hardcaml_asic/.toolchain/p                
               dk/ihp-sg13cmos5l/libs.ref/sg13cmos5l_sram/lib/RM                
               _IHPSG13_1P_256x16_c2_bm_bist_typ_1p20V_25C.lib                  
               line 20, library                                                 
               RM_IHPSG13_1P_256x16_c2_bm_bist_typ_1p20V_25C                    
               already exists.                                                  
[19:16:57] [V] Running 'OpenROAD.TapEndcapInsertion' at             step.py:1138
               'experiments/sram_flow_feasibility/runs/attempt-003-             
               full/19-openroad-tapendcapinsertion'…                            
[19:16:57] [V] OpenROAD will use None threads                    openroad.py:520
[19:16:57] [I] Logging subprocess to                                step.py:1336
               'experiments/sram_flow_feasibility/runs/attempt-003-             
               full/19-openroad-tapendcapinsertion/openroad-tapendc             
               apinsertion.log'…                                                
[19:16:57] [W] [ORD-0032] Invalid thread number specification:   openroad.py:321
               None.                                                            
[19:16:57] [W] [STA-1140]                                        openroad.py:321
               /home/wayne/devel/jane/hardcaml_asic/.toolchain/p                
               dk/ihp-sg13cmos5l/libs.ref/sg13cmos5l_sram/lib/RM                
               _IHPSG13_1P_256x16_c2_bm_bist_typ_1p20V_25C.lib                  
               line 20, library                                                 
               RM_IHPSG13_1P_256x16_c2_bm_bist_typ_1p20V_25C                    
               already exists.                                                  
[19:16:57] [V] Running 'Odb.AddPDNObstructions' at                  step.py:1138
               'experiments/sram_flow_feasibility/runs/attempt-003-             
               full/20-odb-addpdnobstructions'…                                 
[19:16:57] [I] 'PDN_OBSTRUCTIONS' is not defined. Skipping            odb.py:589
               'Odb.AddPDNObstructions'…                                        
[19:16:57] [V] Running 'OpenROAD.GeneratePDN' at                    step.py:1138
               'experiments/sram_flow_feasibility/runs/attempt-003-             
               full/21-openroad-generatepdn'…                                   
[19:16:57] [V] OpenROAD will use None threads                    openroad.py:520
[19:16:57] [I] Logging subprocess to                                step.py:1336
               'experiments/sram_flow_feasibility/runs/attempt-003-             
               full/21-openroad-generatepdn/openroad-generatepdn.lo             
               g'…                                                              
[19:16:57] [W] [ORD-0032] Invalid thread number specification:   openroad.py:321
               None.                                                            
[19:16:57] [W] [STA-1140]                                        openroad.py:321
               /home/wayne/devel/jane/hardcaml_asic/.toolchain/p                
               dk/ihp-sg13cmos5l/libs.ref/sg13cmos5l_sram/lib/RM                
               _IHPSG13_1P_256x16_c2_bm_bist_typ_1p20V_25C.lib                  
               line 20, library                                                 
               RM_IHPSG13_1P_256x16_c2_bm_bist_typ_1p20V_25C                    
               already exists.                                                  
[19:16:57] [W] [PSM-0038] Unconnected shape on net VPWR at       openroad.py:321
               (46.260um, 126.465um) - (49.070um, 199.780um),                   
               layer: Metal4.                                                   
[19:16:57] [W] [PSM-0038] Unconnected shape on net VPWR at       openroad.py:321
               (57.500um, 126.465um) - (60.310um, 199.780um),                   
               layer: Metal4.                                                   
[19:16:57] [W] [PSM-0038] Unconnected shape on net VPWR at       openroad.py:321
               (68.740um, 126.465um) - (71.550um, 199.780um),                   
               layer: Metal4.                                                   
[19:16:57] [W] [PSM-0038] Unconnected shape on net VPWR at       openroad.py:321
               (79.980um, 126.465um) - (82.790um, 199.780um),                   
               layer: Metal4.                                                   
[19:16:57] [W] [PSM-0038] Unconnected shape on net VPWR at       openroad.py:321
               (91.220um, 126.465um) - (94.030um, 199.780um),                   
               layer: Metal4.                                                   
[19:16:57] [W] [PSM-0038] Unconnected shape on net VPWR at       openroad.py:321
               (102.460um, 126.465um) - (105.270um, 199.780um),                 
               layer: Metal4.                                                   
[19:16:57] [W] [PSM-0038] Unconnected shape on net VPWR at       openroad.py:321
               (113.700um, 126.465um) - (116.510um, 197.660um),                 
               layer: Metal4.                                                   
[19:16:57] [W] [PSM-0038] Unconnected shape on net VPWR at       openroad.py:321
               (111.830um, 197.660um) - (116.510um, 199.780um),                 
               layer: Metal4.                                                   
[19:16:57] [W] [PSM-0038] Unconnected shape on net VPWR at       openroad.py:321
               (124.940um, 126.465um) - (127.750um, 199.780um),                 
               layer: Metal4.                                                   
[19:16:57] [W] [PSM-0038] Unconnected shape on net VPWR at       openroad.py:321
               (193.050um, 126.465um) - (195.860um, 199.780um),                 
               layer: Metal4.                                                   
[19:16:57] [W] [PSM-0038] Unconnected shape on net VPWR at       openroad.py:321
               (204.290um, 126.465um) - (207.100um, 199.780um),                 
               layer: Metal4.                                                   
[19:16:57] [W] [PSM-0038] Unconnected shape on net VPWR at       openroad.py:321
               (215.530um, 126.465um) - (218.340um, 199.780um),                 
               layer: Metal4.                                                   
[19:16:57] [W] [PSM-0038] Unconnected shape on net VPWR at       openroad.py:321
               (226.770um, 126.465um) - (229.580um, 199.780um),                 
               layer: Metal4.                                                   
[19:16:57] [W] [PSM-0038] Unconnected shape on net VPWR at       openroad.py:321
               (238.010um, 126.465um) - (240.820um, 199.780um),                 
               layer: Metal4.                                                   
[19:16:57] [W] [PSM-0038] Unconnected shape on net VPWR at       openroad.py:321
               (249.250um, 126.465um) - (252.060um, 199.780um),                 
               layer: Metal4.                                                   
[19:16:57] [W] [PSM-0038] Unconnected shape on net VPWR at       openroad.py:321
               (260.490um, 126.465um) - (263.300um, 199.780um),                 
               layer: Metal4.                                                   
[19:16:57] [W] [PSM-0038] Unconnected shape on net VPWR at       openroad.py:321
               (271.730um, 126.465um) - (274.540um, 199.780um),                 
               layer: Metal4.                                                   
[19:16:57] [W] [PSM-0039] Unconnected instance                   openroad.py:321
               memory.sram/VDDARRAY! at location (160.400um,                    
               163.122um).                                                      
[19:16:57] [E] [PSM-0069] Check connectivity failed on VPWR.     openroad.py:319
[19:16:57] [W] Grid check for VPWR failed: PSM-0069              openroad.py:321
[19:16:58] [V] Running 'Odb.RemovePDNObstructions' at               step.py:1138
               'experiments/sram_flow_feasibility/runs/attempt-003-             
               full/22-odb-removepdnobstructions'…                              
[19:16:58] [I] 'PDN_OBSTRUCTIONS' is not defined. Skipping            odb.py:589
               'Odb.RemovePDNObstructions'…                                     
[19:16:58] [V] Running 'Odb.AddRoutingObstructions' at              step.py:1138
               'experiments/sram_flow_feasibility/runs/attempt-003-             
               full/23-odb-addroutingobstructions'…                             
[19:16:58] [I] 'ROUTING_OBSTRUCTIONS' is not defined. Skipping        odb.py:589
               'Odb.AddRoutingObstructions'…                                    
[19:16:58] [V] Running 'OpenROAD.GlobalPlacementSkipIO' at          step.py:1138
               'experiments/sram_flow_feasibility/runs/attempt-003-             
               full/24-openroad-globalplacementskipio'…                         
[19:16:58] [I] I/O pins were loaded from                        openroad.py:1708
               /home/wayne/devel/jane/hardcaml_asic/.toolchain/                 
               tt-sram-s3-cfa06bae/tech/ihp-sg13cmos5l/def/tt_b                 
               lock_6x4_pgvdd.def. Returning state unaltered…                   
[19:16:58] [V] Running 'OpenROAD.IOPlacement' at                    step.py:1138
               'experiments/sram_flow_feasibility/runs/attempt-003-             
               full/25-openroad-ioplacement'…                                   
[19:16:58] [I] I/O pins were loaded from                        openroad.py:1383
               /home/wayne/devel/jane/hardcaml_asic/.toolchain/                 
               tt-sram-s3-cfa06bae/tech/ihp-sg13cmos5l/def/tt_b                 
               lock_6x4_pgvdd.def. Skipping                                     
               OpenROAD.IOPlacement…                                            
[19:16:58] [V] Running 'Odb.CustomIOPlacement' at                   step.py:1138
               'experiments/sram_flow_feasibility/runs/attempt-003-             
               full/26-odb-customioplacement'…                                  
[19:16:58] [I] No custom I/O placement file configured, skipping      odb.py:718
               'Odb.CustomIOPlacement'…                                         
[19:16:58] [V] Running 'Odb.ApplyDEFTemplate' at                    step.py:1138
               'experiments/sram_flow_feasibility/runs/attempt-003-             
               full/27-odb-applydeftemplate'…                                   
[19:16:58] [I] Logging subprocess to                                step.py:1336
               'experiments/sram_flow_feasibility/runs/attempt-003-             
               full/27-odb-applydeftemplate/odb-applydeftemplate.lo             
               g'…                                                              
[19:16:58] [W] Bterm VPWR is declared as a 'POWER' pin. It will be     odb.py:71
               ignored.                                                         
[19:16:58] [W] Bterm VGND is declared as a 'GROUND' pin. It will be    odb.py:71
               ignored.                                                         
[19:16:58] [V] Running 'OpenROAD.GlobalPlacement' at                step.py:1138
               'experiments/sram_flow_feasibility/runs/attempt-003-             
               full/28-openroad-globalplacement'…                               
[19:16:58] [V] OpenROAD will use None threads                    openroad.py:520
[19:16:58] [I] Logging subprocess to                                step.py:1336
               'experiments/sram_flow_feasibility/runs/attempt-003-             
               full/28-openroad-globalplacement/openroad-globalplac             
               ement.log'…                                                      
[19:16:58] [W] [ORD-0032] Invalid thread number specification:   openroad.py:321
               None.                                                            
[19:16:59] [W] [STA-1140]                                        openroad.py:321
               /home/wayne/devel/jane/hardcaml_asic/.toolchain/p                
               dk/ihp-sg13cmos5l/libs.ref/sg13cmos5l_sram/lib/RM                
               _IHPSG13_1P_256x16_c2_bm_bist_typ_1p20V_25C.lib                  
               line 20, library                                                 
               RM_IHPSG13_1P_256x16_c2_bm_bist_typ_1p20V_25C                    
               already exists.                                                  
[19:17:17] [V] Running 'Odb.WriteVerilogHeader' at                  step.py:1138
               'experiments/sram_flow_feasibility/runs/attempt-003-             
               full/29-odb-writeverilogheader'…                                 
[19:17:17] [I] Logging subprocess to                                step.py:1336
               'experiments/sram_flow_feasibility/runs/attempt-003-             
               full/29-odb-writeverilogheader/odb-writeverilogheade             
               r.log'…                                                          
[19:17:18] [V] Running 'Checker.PowerGridViolations' at             step.py:1138
               'experiments/sram_flow_feasibility/runs/attempt-003-             
               full/30-checker-powergridviolations'…                            
[19:17:18] [E] 1359 power grid violations (as reported by         checker.py:124
               OpenROAD PSM- you may ignore these if LVS passes)                
               found. - deferred                                                
[19:17:18] [V] Running 'OpenROAD.STAMidPNR' at                      step.py:1138
               'experiments/sram_flow_feasibility/runs/attempt-003-             
               full/31-openroad-stamidpnr'…                                     
[19:17:18] [V] OpenROAD will use None threads                    openroad.py:520
[19:17:18] [I] Logging subprocess to                                step.py:1336
               'experiments/sram_flow_feasibility/runs/attempt-003-             
               full/31-openroad-stamidpnr/openroad-stamidpnr.log'…              
[19:17:18] [W] [ORD-0032] Invalid thread number specification:   openroad.py:321
               None.                                                            
[19:17:18] [W] [STA-1140]                                        openroad.py:321
               /home/wayne/devel/jane/hardcaml_asic/.toolchain/p                
               dk/ihp-sg13cmos5l/libs.ref/sg13cmos5l_sram/lib/RM                
               _IHPSG13_1P_256x16_c2_bm_bist_typ_1p20V_25C.lib                  
               line 20, library                                                 
               RM_IHPSG13_1P_256x16_c2_bm_bist_typ_1p20V_25C                    
               already exists.                                                  
[19:17:18] [V] Running 'OpenROAD.RepairDesignPostGPL' at            step.py:1138
               'experiments/sram_flow_feasibility/runs/attempt-003-             
               full/32-openroad-repairdesignpostgpl'…                           
[19:17:18] [V] OpenROAD will use None threads                    openroad.py:520
[19:17:18] [I] Logging subprocess to                                step.py:1336
               'experiments/sram_flow_feasibility/runs/attempt-003-             
               full/32-openroad-repairdesignpostgpl/openroad-repair             
               designpostgpl.log'…                                              
[19:17:18] [W] [ORD-0032] Invalid thread number specification:   openroad.py:321
               None.                                                            
[19:17:18] [W] [STA-1140]                                        openroad.py:321
               /home/wayne/devel/jane/hardcaml_asic/.toolchain/p                
               dk/ihp-sg13cmos5l/libs.ref/sg13cmos5l_sram/lib/RM                
               _IHPSG13_1P_256x16_c2_bm_bist_typ_1p20V_25C.lib                  
               line 20, library                                                 
               RM_IHPSG13_1P_256x16_c2_bm_bist_typ_1p20V_25C                    
               already exists.                                                  
[19:17:18] [W] [STA-1140]                                        openroad.py:321
               /home/wayne/devel/jane/hardcaml_asic/.toolchain/p                
               dk/ihp-sg13cmos5l/libs.ref/sg13cmos5l_sram/lib/RM                
               _IHPSG13_1P_256x16_c2_bm_bist_typ_1p20V_25C.lib                  
               line 20, library                                                 
               RM_IHPSG13_1P_256x16_c2_bm_bist_typ_1p20V_25C                    
               already exists.                                                  
[19:17:18] [W] [STA-1140]                                        openroad.py:321
               /home/wayne/devel/jane/hardcaml_asic/.toolchain/p                
               dk/ihp-sg13cmos5l/libs.ref/sg13cmos5l_sram/lib/RM                
               _IHPSG13_1P_256x16_c2_bm_bist_typ_1p20V_25C.lib                  
               line 20, library                                                 
               RM_IHPSG13_1P_256x16_c2_bm_bist_typ_1p20V_25C                    
               already exists.                                                  
[19:17:18] [W] [STA-1140]                                        openroad.py:321
               /home/wayne/devel/jane/hardcaml_asic/.toolchain/p                
               dk/ihp-sg13cmos5l/libs.ref/sg13cmos5l_sram/lib/RM                
               _IHPSG13_1P_256x16_c2_bm_bist_typ_1p20V_25C.lib                  
               line 20, library                                                 
               RM_IHPSG13_1P_256x16_c2_bm_bist_typ_1p20V_25C                    
               already exists.                                                  
[19:17:18] [W] [STA-1140]                                        openroad.py:321
               /home/wayne/devel/jane/hardcaml_asic/.toolchain/p                
               dk/ihp-sg13cmos5l/libs.ref/sg13cmos5l_sram/lib/RM                
               _IHPSG13_1P_256x16_c2_bm_bist_typ_1p20V_25C.lib                  
               line 20, library                                                 
               RM_IHPSG13_1P_256x16_c2_bm_bist_typ_1p20V_25C                    
               already exists.                                                  
[19:17:19] [V] Running 'Odb.ManualGlobalPlacement' at               step.py:1138
               'experiments/sram_flow_feasibility/runs/attempt-003-             
               full/33-odb-manualglobalplacement'…                              
[19:17:19] [I] 'MANUAL_GLOBAL_PLACEMENTS' not set. Skipping          odb.py:1032
               'Odb.ManualGlobalPlacement'…                                     
[19:17:19] [V] Running 'OpenROAD.DetailedPlacement' at              step.py:1138
               'experiments/sram_flow_feasibility/runs/attempt-003-             
               full/34-openroad-detailedplacement'…                             
[19:17:19] [V] OpenROAD will use None threads                    openroad.py:520
[19:17:19] [I] Logging subprocess to                                step.py:1336
               'experiments/sram_flow_feasibility/runs/attempt-003-             
               full/34-openroad-detailedplacement/openroad-detailed             
               placement.log'…                                                  
[19:17:19] [W] [ORD-0032] Invalid thread number specification:   openroad.py:321
               None.                                                            
[19:17:19] [W] [STA-1140]                                        openroad.py:321
               /home/wayne/devel/jane/hardcaml_asic/.toolchain/p                
               dk/ihp-sg13cmos5l/libs.ref/sg13cmos5l_sram/lib/RM                
               _IHPSG13_1P_256x16_c2_bm_bist_typ_1p20V_25C.lib                  
               line 20, library                                                 
               RM_IHPSG13_1P_256x16_c2_bm_bist_typ_1p20V_25C                    
               already exists.                                                  
[19:17:19] [V] Running 'OpenROAD.CTS' at                            step.py:1138
               'experiments/sram_flow_feasibility/runs/attempt-003-             
               full/35-openroad-cts'…                                           
[19:17:19] [V] OpenROAD will use None threads                    openroad.py:520
[19:17:19] [I] Logging subprocess to                                step.py:1336
               'experiments/sram_flow_feasibility/runs/attempt-003-             
               full/35-openroad-cts/openroad-cts.log'…                          
[19:17:19] [W] [ORD-0032] Invalid thread number specification:   openroad.py:321
               None.                                                            
[19:17:19] [W] [STA-1140]                                        openroad.py:321
               /home/wayne/devel/jane/hardcaml_asic/.toolchain/p                
               dk/ihp-sg13cmos5l/libs.ref/sg13cmos5l_sram/lib/RM                
               _IHPSG13_1P_256x16_c2_bm_bist_typ_1p20V_25C.lib                  
               line 20, library                                                 
               RM_IHPSG13_1P_256x16_c2_bm_bist_typ_1p20V_25C                    
               already exists.                                                  
[19:17:19] [W] [STA-1140]                                        openroad.py:321
               /home/wayne/devel/jane/hardcaml_asic/.toolchain/p                
               dk/ihp-sg13cmos5l/libs.ref/sg13cmos5l_sram/lib/RM                
               _IHPSG13_1P_256x16_c2_bm_bist_typ_1p20V_25C.lib                  
               line 20, library                                                 
               RM_IHPSG13_1P_256x16_c2_bm_bist_typ_1p20V_25C                    
               already exists.                                                  
[19:17:19] [W] [STA-1140]                                        openroad.py:321
               /home/wayne/devel/jane/hardcaml_asic/.toolchain/p                
               dk/ihp-sg13cmos5l/libs.ref/sg13cmos5l_sram/lib/RM                
               _IHPSG13_1P_256x16_c2_bm_bist_typ_1p20V_25C.lib                  
               line 20, library                                                 
               RM_IHPSG13_1P_256x16_c2_bm_bist_typ_1p20V_25C                    
               already exists.                                                  
[19:17:19] [W] [STA-1140]                                        openroad.py:321
               /home/wayne/devel/jane/hardcaml_asic/.toolchain/p                
               dk/ihp-sg13cmos5l/libs.ref/sg13cmos5l_sram/lib/RM                
               _IHPSG13_1P_256x16_c2_bm_bist_typ_1p20V_25C.lib                  
               line 20, library                                                 
               RM_IHPSG13_1P_256x16_c2_bm_bist_typ_1p20V_25C                    
               already exists.                                                  
[19:17:19] [W] [STA-1140]                                        openroad.py:321
               /home/wayne/devel/jane/hardcaml_asic/.toolchain/p                
               dk/ihp-sg13cmos5l/libs.ref/sg13cmos5l_sram/lib/RM                
               _IHPSG13_1P_256x16_c2_bm_bist_typ_1p20V_25C.lib                  
               line 20, library                                                 
               RM_IHPSG13_1P_256x16_c2_bm_bist_typ_1p20V_25C                    
               already exists.                                                  
[19:17:25] [W] [CTS-0041] Net "clk" has 1 sinks. Skipping...     openroad.py:321
[19:17:25] [W] [CTS-0083] No clock nets have been found.         openroad.py:321
[19:17:25] [W] [CTS-0082] No valid clock nets in the design.     openroad.py:321
[19:17:26] [V] Running 'OpenROAD.STAMidPNR-1' at                    step.py:1138
               'experiments/sram_flow_feasibility/runs/attempt-003-             
               full/36-openroad-stamidpnr-1'…                                   
[19:17:26] [V] OpenROAD will use None threads                    openroad.py:520
[19:17:26] [I] Logging subprocess to                                step.py:1336
               'experiments/sram_flow_feasibility/runs/attempt-003-             
               full/36-openroad-stamidpnr-1/openroad-stamidpnr-1.lo             
               g'…                                                              
[19:17:26] [W] [ORD-0032] Invalid thread number specification:   openroad.py:321
               None.                                                            
[19:17:26] [W] [STA-1140]                                        openroad.py:321
               /home/wayne/devel/jane/hardcaml_asic/.toolchain/p                
               dk/ihp-sg13cmos5l/libs.ref/sg13cmos5l_sram/lib/RM                
               _IHPSG13_1P_256x16_c2_bm_bist_typ_1p20V_25C.lib                  
               line 20, library                                                 
               RM_IHPSG13_1P_256x16_c2_bm_bist_typ_1p20V_25C                    
               already exists.                                                  
[19:17:26] [V] Running 'OpenROAD.ResizerTimingPostCTS' at           step.py:1138
               'experiments/sram_flow_feasibility/runs/attempt-003-             
               full/37-openroad-resizertimingpostcts'…                          
[19:17:26] [V] OpenROAD will use None threads                    openroad.py:520
[19:17:26] [I] Logging subprocess to                                step.py:1336
               'experiments/sram_flow_feasibility/runs/attempt-003-             
               full/37-openroad-resizertimingpostcts/openroad-resiz             
               ertimingpostcts.log'…                                            
[19:17:26] [W] [ORD-0032] Invalid thread number specification:   openroad.py:321
               None.                                                            
[19:17:26] [W] [STA-1140]                                        openroad.py:321
               /home/wayne/devel/jane/hardcaml_asic/.toolchain/p                
               dk/ihp-sg13cmos5l/libs.ref/sg13cmos5l_sram/lib/RM                
               _IHPSG13_1P_256x16_c2_bm_bist_typ_1p20V_25C.lib                  
               line 20, library                                                 
               RM_IHPSG13_1P_256x16_c2_bm_bist_typ_1p20V_25C                    
               already exists.                                                  
[19:17:26] [W] [STA-1140]                                        openroad.py:321
               /home/wayne/devel/jane/hardcaml_asic/.toolchain/p                
               dk/ihp-sg13cmos5l/libs.ref/sg13cmos5l_sram/lib/RM                
               _IHPSG13_1P_256x16_c2_bm_bist_typ_1p20V_25C.lib                  
               line 20, library                                                 
               RM_IHPSG13_1P_256x16_c2_bm_bist_typ_1p20V_25C                    
               already exists.                                                  
[19:17:26] [W] [STA-1140]                                        openroad.py:321
               /home/wayne/devel/jane/hardcaml_asic/.toolchain/p                
               dk/ihp-sg13cmos5l/libs.ref/sg13cmos5l_sram/lib/RM                
               _IHPSG13_1P_256x16_c2_bm_bist_typ_1p20V_25C.lib                  
               line 20, library                                                 
               RM_IHPSG13_1P_256x16_c2_bm_bist_typ_1p20V_25C                    
               already exists.                                                  
[19:17:26] [W] [STA-1140]                                        openroad.py:321
               /home/wayne/devel/jane/hardcaml_asic/.toolchain/p                
               dk/ihp-sg13cmos5l/libs.ref/sg13cmos5l_sram/lib/RM                
               _IHPSG13_1P_256x16_c2_bm_bist_typ_1p20V_25C.lib                  
               line 20, library                                                 
               RM_IHPSG13_1P_256x16_c2_bm_bist_typ_1p20V_25C                    
               already exists.                                                  
[19:17:26] [W] [STA-1140]                                        openroad.py:321
               /home/wayne/devel/jane/hardcaml_asic/.toolchain/p                
               dk/ihp-sg13cmos5l/libs.ref/sg13cmos5l_sram/lib/RM                
               _IHPSG13_1P_256x16_c2_bm_bist_typ_1p20V_25C.lib                  
               line 20, library                                                 
               RM_IHPSG13_1P_256x16_c2_bm_bist_typ_1p20V_25C                    
               already exists.                                                  
[19:17:27] [V] Running 'OpenROAD.STAMidPNR-2' at                    step.py:1138
               'experiments/sram_flow_feasibility/runs/attempt-003-             
               full/38-openroad-stamidpnr-2'…                                   
[19:17:27] [V] OpenROAD will use None threads                    openroad.py:520
[19:17:27] [I] Logging subprocess to                                step.py:1336
               'experiments/sram_flow_feasibility/runs/attempt-003-             
               full/38-openroad-stamidpnr-2/openroad-stamidpnr-2.lo             
               g'…                                                              
[19:17:27] [W] [ORD-0032] Invalid thread number specification:   openroad.py:321
               None.                                                            
[19:17:27] [W] [STA-1140]                                        openroad.py:321
               /home/wayne/devel/jane/hardcaml_asic/.toolchain/p                
               dk/ihp-sg13cmos5l/libs.ref/sg13cmos5l_sram/lib/RM                
               _IHPSG13_1P_256x16_c2_bm_bist_typ_1p20V_25C.lib                  
               line 20, library                                                 
               RM_IHPSG13_1P_256x16_c2_bm_bist_typ_1p20V_25C                    
               already exists.                                                  
[19:17:27] [V] Running 'OpenROAD.GlobalRouting' at                  step.py:1138
               'experiments/sram_flow_feasibility/runs/attempt-003-             
               full/39-openroad-globalrouting'…                                 
[19:17:27] [V] OpenROAD will use None threads                    openroad.py:520
[19:17:27] [I] Logging subprocess to                                step.py:1336
               'experiments/sram_flow_feasibility/runs/attempt-003-             
               full/39-openroad-globalrouting/openroad-globalroutin             
               g.log'…                                                          
[19:17:27] [W] [ORD-0032] Invalid thread number specification:   openroad.py:321
               None.                                                            
[19:17:27] [W] [STA-1140]                                        openroad.py:321
               /home/wayne/devel/jane/hardcaml_asic/.toolchain/p                
               dk/ihp-sg13cmos5l/libs.ref/sg13cmos5l_sram/lib/RM                
               _IHPSG13_1P_256x16_c2_bm_bist_typ_1p20V_25C.lib                  
               line 20, library                                                 
               RM_IHPSG13_1P_256x16_c2_bm_bist_typ_1p20V_25C                    
               already exists.                                                  
[19:17:28] [V] Running 'OpenROAD.CheckAntennas' at                  step.py:1138
               'experiments/sram_flow_feasibility/runs/attempt-003-             
               full/40-openroad-checkantennas'…                                 
[19:17:28] [V] OpenROAD will use None threads                    openroad.py:520
[19:17:28] [I] Logging subprocess to                                step.py:1336
               'experiments/sram_flow_feasibility/runs/attempt-003-             
               full/40-openroad-checkantennas/openroad-checkantenna             
               s.log'…                                                          
[19:17:28] [W] [ORD-0032] Invalid thread number specification:   openroad.py:321
               None.                                                            
[19:17:28] [W] [STA-1140]                                        openroad.py:321
               /home/wayne/devel/jane/hardcaml_asic/.toolchain/p                
               dk/ihp-sg13cmos5l/libs.ref/sg13cmos5l_sram/lib/RM                
               _IHPSG13_1P_256x16_c2_bm_bist_typ_1p20V_25C.lib                  
               line 20, library                                                 
               RM_IHPSG13_1P_256x16_c2_bm_bist_typ_1p20V_25C                    
               already exists.                                                  
[19:17:28] [I] Gating variable for step                        sequential.py:362
               'OpenROAD.RepairDesignPostGRT' set to 'False'-                   
               the step will be skipped.                                        
[19:17:28] [I] Skipping step 'Repair Design (Post-Global       sequential.py:370
               Routing)'…                                                       
[19:17:28] [V] Running 'Odb.DiodesOnPorts' at                       step.py:1138
               'experiments/sram_flow_feasibility/runs/attempt-003-             
               full/41-odb-diodesonports'…                                      
[19:17:28] [I] 'DIODE_ON_PORTS' is set to 'none': skipping            odb.py:820
               'Odb.DiodesOnPorts'…                                             
[19:17:28] [I] Gating variable for step                        sequential.py:362
               'Odb.HeuristicDiodeInsertion' set to 'False'-                    
               the step will be skipped.                                        
[19:17:28] [I] Skipping step 'Heuristic Diode Insertion'…      sequential.py:370
[19:17:28] [V] Running 'OpenROAD.RepairAntennas' at                 step.py:1138
               'experiments/sram_flow_feasibility/runs/attempt-003-             
               full/42-openroad-repairantennas'…                                
[19:17:28] [V] Running 'OpenROAD.DiodeInsertion' at                 step.py:1138
               'experiments/sram_flow_feasibility/runs/attempt-003-             
               full/42-openroad-repairantennas/1-openroad-diodeinse             
               rtion'…                                                          
[19:17:28] [V] OpenROAD will use None threads                    openroad.py:520
[19:17:28] [I] Logging subprocess to                                step.py:1336
               'experiments/sram_flow_feasibility/runs/attempt-003-             
               full/42-openroad-repairantennas/1-openroad-diodeinse             
               rtion/openroad-diodeinsertion.log'…                              
[19:17:28] [W] [ORD-0032] Invalid thread number specification:   openroad.py:321
               None.                                                            
[19:17:28] [W] [STA-1140]                                        openroad.py:321
               /home/wayne/devel/jane/hardcaml_asic/.toolchain/p                
               dk/ihp-sg13cmos5l/libs.ref/sg13cmos5l_sram/lib/RM                
               _IHPSG13_1P_256x16_c2_bm_bist_typ_1p20V_25C.lib                  
               line 20, library                                                 
               RM_IHPSG13_1P_256x16_c2_bm_bist_typ_1p20V_25C                    
               already exists.                                                  
[19:17:29] [V] Running 'OpenROAD.CheckAntennas' at                  step.py:1138
               'experiments/sram_flow_feasibility/runs/attempt-003-             
               full/42-openroad-repairantennas/2-openroad-checkante             
               nnas'…                                                           
[19:17:29] [V] OpenROAD will use None threads                    openroad.py:520
[19:17:29] [I] Logging subprocess to                                step.py:1336
               'experiments/sram_flow_feasibility/runs/attempt-003-             
               full/42-openroad-repairantennas/2-openroad-checkante             
               nnas/openroad-checkantennas.log'…                                
[19:17:29] [W] [ORD-0032] Invalid thread number specification:   openroad.py:321
               None.                                                            
[19:17:29] [W] [STA-1140]                                        openroad.py:321
               /home/wayne/devel/jane/hardcaml_asic/.toolchain/p                
               dk/ihp-sg13cmos5l/libs.ref/sg13cmos5l_sram/lib/RM                
               _IHPSG13_1P_256x16_c2_bm_bist_typ_1p20V_25C.lib                  
               line 20, library                                                 
               RM_IHPSG13_1P_256x16_c2_bm_bist_typ_1p20V_25C                    
               already exists.                                                  
[19:17:29] [I] Gating variable for step                        sequential.py:362
               'OpenROAD.ResizerTimingPostGRT' set to 'False'-                  
               the step will be skipped.                                        
[19:17:29] [I] Skipping step 'Resizer Timing Optimizations     sequential.py:370
               (Post-Global Routing)'…                                          
[19:17:29] [V] Running 'OpenROAD.STAMidPNR-3' at                    step.py:1138
               'experiments/sram_flow_feasibility/runs/attempt-003-             
               full/43-openroad-stamidpnr-3'…                                   
[19:17:29] [V] OpenROAD will use None threads                    openroad.py:520
[19:17:29] [I] Logging subprocess to                                step.py:1336
               'experiments/sram_flow_feasibility/runs/attempt-003-             
               full/43-openroad-stamidpnr-3/openroad-stamidpnr-3.lo             
               g'…                                                              
[19:17:29] [W] [ORD-0032] Invalid thread number specification:   openroad.py:321
               None.                                                            
[19:17:29] [W] [STA-1140]                                        openroad.py:321
               /home/wayne/devel/jane/hardcaml_asic/.toolchain/p                
               dk/ihp-sg13cmos5l/libs.ref/sg13cmos5l_sram/lib/RM                
               _IHPSG13_1P_256x16_c2_bm_bist_typ_1p20V_25C.lib                  
               line 20, library                                                 
               RM_IHPSG13_1P_256x16_c2_bm_bist_typ_1p20V_25C                    
               already exists.                                                  
[19:17:30] [V] Running 'OpenROAD.DetailedRouting' at                step.py:1138
               'experiments/sram_flow_feasibility/runs/attempt-003-             
               full/44-openroad-detailedrouting'…                               
[19:17:30] [V] OpenROAD will use None threads                    openroad.py:520
[19:17:30] [I] Logging subprocess to                                step.py:1336
               'experiments/sram_flow_feasibility/runs/attempt-003-             
               full/44-openroad-detailedrouting/openroad-detailedro             
               uting.log'…                                                      
[19:17:30] [W] [ORD-0032] Invalid thread number specification:   openroad.py:321
               None.                                                            
[19:17:30] [W] [STA-1140]                                        openroad.py:321
               /home/wayne/devel/jane/hardcaml_asic/.toolchain/p                
               dk/ihp-sg13cmos5l/libs.ref/sg13cmos5l_sram/lib/RM                
               _IHPSG13_1P_256x16_c2_bm_bist_typ_1p20V_25C.lib                  
               line 20, library                                                 
               RM_IHPSG13_1P_256x16_c2_bm_bist_typ_1p20V_25C                    
               already exists.                                                  
[19:17:30] [W] [DRT-0349] LEF58_ENCLOSURE with no CUTCLASS is    openroad.py:321
               not supported. Skipping for layer Cont                           
[19:17:30] [W] [DRT-0349] LEF58_ENCLOSURE with no CUTCLASS is    openroad.py:321
               not supported. Skipping for layer Via1                           
[19:17:30] [W] [DRT-0349] LEF58_ENCLOSURE with no CUTCLASS is    openroad.py:321
               not supported. Skipping for layer Via1                           
[19:17:30] [W] [DRT-0349] LEF58_ENCLOSURE with no CUTCLASS is    openroad.py:321
               not supported. Skipping for layer Via2                           
[19:17:30] [W] [DRT-0349] LEF58_ENCLOSURE with no CUTCLASS is    openroad.py:321
               not supported. Skipping for layer Via3                           
[19:17:30] [W] [DRT-0349] LEF58_ENCLOSURE with no CUTCLASS is    openroad.py:321
               not supported. Skipping for layer TopVia1                        
[19:17:30] [W] [DRT-0349] LEF58_ENCLOSURE with no CUTCLASS is    openroad.py:321
               not supported. Skipping for layer TopVia1                        
[19:17:36] [V] Running 'Odb.RemoveRoutingObstructions' at           step.py:1138
               'experiments/sram_flow_feasibility/runs/attempt-003-             
               full/45-odb-removeroutingobstructions'…                          
[19:17:36] [I] 'ROUTING_OBSTRUCTIONS' is not defined. Skipping        odb.py:589
               'Odb.RemoveRoutingObstructions'…                                 
[19:17:36] [V] Running 'OpenROAD.CheckAntennas-1' at                step.py:1138
               'experiments/sram_flow_feasibility/runs/attempt-003-             
               full/46-openroad-checkantennas-1'…                               
[19:17:36] [V] OpenROAD will use None threads                    openroad.py:520
[19:17:36] [I] Logging subprocess to                                step.py:1336
               'experiments/sram_flow_feasibility/runs/attempt-003-             
               full/46-openroad-checkantennas-1/openroad-checkanten             
               nas-1.log'…                                                      
[19:17:37] [W] [ORD-0032] Invalid thread number specification:   openroad.py:321
               None.                                                            
[19:17:37] [W] [STA-1140]                                        openroad.py:321
               /home/wayne/devel/jane/hardcaml_asic/.toolchain/p                
               dk/ihp-sg13cmos5l/libs.ref/sg13cmos5l_sram/lib/RM                
               _IHPSG13_1P_256x16_c2_bm_bist_typ_1p20V_25C.lib                  
               line 20, library                                                 
               RM_IHPSG13_1P_256x16_c2_bm_bist_typ_1p20V_25C                    
               already exists.                                                  
[19:17:37] [V] Running 'Checker.TrDRC' at                           step.py:1138
               'experiments/sram_flow_feasibility/runs/attempt-003-             
               full/47-checker-trdrc'…                                          
[19:17:37] [I] Check for Routing DRC errors clear.                checker.py:131
[19:17:37] [V] Running 'Odb.ReportDisconnectedPins' at              step.py:1138
               'experiments/sram_flow_feasibility/runs/attempt-003-             
               full/48-odb-reportdisconnectedpins'…                             
[19:17:37] [I] Logging subprocess to                                step.py:1336
               'experiments/sram_flow_feasibility/runs/attempt-003-             
               full/48-odb-reportdisconnectedpins/odb-reportdisconn             
               ectedpins.log'…                                                  
[19:17:37] [V] Running 'Checker.DisconnectedPins' at                step.py:1138
               'experiments/sram_flow_feasibility/runs/attempt-003-             
               full/49-checker-disconnectedpins'…                               
[19:17:37] [I] Check for critical disconnected pins clear.        checker.py:131
[19:17:37] [V] Running 'Odb.ReportWireLength' at                    step.py:1138
               'experiments/sram_flow_feasibility/runs/attempt-003-             
               full/50-odb-reportwirelength'…                                   
[19:17:37] [I] Logging subprocess to                                step.py:1336
               'experiments/sram_flow_feasibility/runs/attempt-003-             
               full/50-odb-reportwirelength/odb-reportwirelength.lo             
               g'…                                                              
[19:17:38] [V] Running 'Checker.WireLength' at                      step.py:1138
               'experiments/sram_flow_feasibility/runs/attempt-003-             
               full/51-checker-wirelength'…                                     
[19:17:38] [W] Threshold for Threshold-surpassing long wires is   checker.py:108
               not set. The checker will be skipped.                            
[19:17:38] [V] Running 'OpenROAD.FillInsertion' at                  step.py:1138
               'experiments/sram_flow_feasibility/runs/attempt-003-             
               full/52-openroad-fillinsertion'…                                 
[19:17:38] [V] OpenROAD will use None threads                    openroad.py:520
[19:17:38] [I] Logging subprocess to                                step.py:1336
               'experiments/sram_flow_feasibility/runs/attempt-003-             
               full/52-openroad-fillinsertion/openroad-fillinsertio             
               n.log'…                                                          
[19:17:38] [W] [ORD-0032] Invalid thread number specification:   openroad.py:321
               None.                                                            
[19:17:38] [W] [STA-1140]                                        openroad.py:321
               /home/wayne/devel/jane/hardcaml_asic/.toolchain/p                
               dk/ihp-sg13cmos5l/libs.ref/sg13cmos5l_sram/lib/RM                
               _IHPSG13_1P_256x16_c2_bm_bist_typ_1p20V_25C.lib                  
               line 20, library                                                 
               RM_IHPSG13_1P_256x16_c2_bm_bist_typ_1p20V_25C                    
               already exists.                                                  
[19:17:39] [V] Running 'Odb.CellFrequencyTables' at                 step.py:1138
               'experiments/sram_flow_feasibility/runs/attempt-003-             
               full/53-odb-cellfrequencytables'…                                
[19:17:39] [I] Logging subprocess to                                step.py:1336
               'experiments/sram_flow_feasibility/runs/attempt-003-             
               full/53-odb-cellfrequencytables/buffer_list.txt'…                
[19:17:39] [I] Logging subprocess to                                step.py:1336
               'experiments/sram_flow_feasibility/runs/attempt-003-             
               full/53-odb-cellfrequencytables/odb-cellfrequencytab             
               les.log'…                                                        
[19:17:40] [V] Running 'OpenROAD.RCX' at                            step.py:1138
               'experiments/sram_flow_feasibility/runs/attempt-003-             
               full/54-openroad-rcx'…                                           
[19:17:40] [I] Running RCX for corners matching nom_*           openroad.py:2190
               (/home/wayne/devel/jane/hardcaml_asic/experiment                 
               s/sram_flow_feasibility/runs/attempt-003-full/54                 
               -openroad-rcx/nom/rcx.log)…                                      
[19:17:40] [V] OpenROAD will use None threads                    openroad.py:520
[19:17:40] [I] Logging subprocess to                                step.py:1336
               'experiments/sram_flow_feasibility/runs/attempt-003-             
               full/54-openroad-rcx/nom/rcx.log'…                               
[19:17:40] [W] [ORD-0032] Invalid thread number specification:   openroad.py:321
               None.                                                            
[19:17:41] [I] Finished RCX for corners matching nom_*.         openroad.py:2199
[19:17:41] [V] Running 'OpenROAD.STAPostPNR' at                     step.py:1138
               'experiments/sram_flow_feasibility/runs/attempt-003-             
               full/55-openroad-stapostpnr'…                                    
[19:17:41] [W] Netlists found for macro                           toolbox.py:268
               RM_IHPSG13_1P_256x16_c2_bm_bist, but no parasitics               
               extraction found at corner nom_fast_1p32V_m40C.                  
               The netlist cannot be used for timing on this                    
               module.                                                          
[19:17:41] [I] Starting STA for the nom_fast_1p32V_m40C timing   openroad.py:759
               corner…                                                          
[19:17:41] [W] Netlists found for macro                           toolbox.py:268
               RM_IHPSG13_1P_256x16_c2_bm_bist, but no parasitics               
               extraction found at corner nom_slow_1p08V_125C.                  
               The netlist cannot be used for timing on this                    
               module.                                                          
[19:17:41] [I] Starting STA for the nom_slow_1p08V_125C timing   openroad.py:759
               corner…                                                          
[19:17:41] [W] Netlists found for macro                           toolbox.py:268
               RM_IHPSG13_1P_256x16_c2_bm_bist, but no parasitics               
               extraction found at corner nom_typ_1p20V_25C. The                
               netlist cannot be used for timing on this module.                
[19:17:41] [I] Starting STA for the nom_typ_1p20V_25C timing     openroad.py:759
               corner…                                                          
[19:17:41] [I] Logging subprocess to                                step.py:1336
               'experiments/sram_flow_feasibility/runs/attempt-003-             
               full/55-openroad-stapostpnr/nom_slow_1p08V_125C/sta.             
               log'…                                                            
[19:17:41] [I] Logging subprocess to                                step.py:1336
               'experiments/sram_flow_feasibility/runs/attempt-003-             
               full/55-openroad-stapostpnr/nom_fast_1p32V_m40C/sta.             
               log'…                                                            
[19:17:41] [I] Logging subprocess to                                step.py:1336
               'experiments/sram_flow_feasibility/runs/attempt-003-             
               full/55-openroad-stapostpnr/nom_typ_1p20V_25C/sta.lo             
               g'…                                                              
[19:17:42] [I] Finished STA for the nom_fast_1p32V_m40C timing   openroad.py:774
               corner.                                                          
[19:17:42] [I] Finished STA for the nom_typ_1p20V_25C timing     openroad.py:774
               corner.                                                          
[19:17:42] [I] Finished STA for the nom_slow_1p08V_125C timing   openroad.py:774
               corner.                                                          
[19:17:42] [I] Logging subprocess to                                step.py:1336
               'experiments/sram_flow_feasibility/runs/attempt-003-             
               full/55-openroad-stapostpnr/nom_fast_1p32V_m40C/filt             
               er_unannotated.log'…                                             
[19:17:42] [I] Logging subprocess to                                step.py:1336
               'experiments/sram_flow_feasibility/runs/attempt-003-             
               full/55-openroad-stapostpnr/nom_slow_1p08V_125C/filt             
               er_unannotated.log'…                                             
[19:17:42] [I] Logging subprocess to                                step.py:1336
               'experiments/sram_flow_feasibility/runs/attempt-003-             
               full/55-openroad-stapostpnr/nom_typ_1p20V_25C/filter             
               _unannotated.log'…                                               
[19:17:42] [V] Running 'OpenROAD.IRDropReport' at                   step.py:1138
               'experiments/sram_flow_feasibility/runs/attempt-003-             
               full/56-openroad-irdropreport'…                                  
[19:17:42] [W] 'VSRC_LOC_FILES' was not given a value, which    openroad.py:2291
               may make the results of IR drop analysis                         
               inaccurate. If you are not integrating a                         
               top-level chip for manufacture, you may ignore                   
               this warning, otherwise, see the documentation                   
               for 'VSRC_LOC_FILES'.                                            
[19:17:42] [V] OpenROAD will use None threads                    openroad.py:520
[19:17:42] [I] Logging subprocess to                                step.py:1336
               'experiments/sram_flow_feasibility/runs/attempt-003-             
               full/56-openroad-irdropreport/openroad-irdropreport.             
               log'…                                                            
[19:17:42] [W] [ORD-0032] Invalid thread number specification:   openroad.py:321
               None.                                                            
[19:17:42] [W] [STA-1140]                                        openroad.py:321
               /home/wayne/devel/jane/hardcaml_asic/.toolchain/p                
               dk/ihp-sg13cmos5l/libs.ref/sg13cmos5l_sram/lib/RM                
               _IHPSG13_1P_256x16_c2_bm_bist_typ_1p20V_25C.lib                  
               line 20, library                                                 
               RM_IHPSG13_1P_256x16_c2_bm_bist_typ_1p20V_25C                    
               already exists.                                                  
[19:17:51] [W] [PSM-0038] Unconnected shape on net VPWR at       openroad.py:321
               (46.260um, 126.465um) - (49.070um, 199.780um),                   
               layer: Metal4.                                                   
[19:17:51] [W] [PSM-0038] Unconnected shape on net VPWR at       openroad.py:321
               (57.500um, 126.465um) - (60.310um, 199.780um),                   
               layer: Metal4.                                                   
[19:17:51] [W] [PSM-0038] Unconnected shape on net VPWR at       openroad.py:321
               (68.740um, 126.465um) - (71.550um, 199.780um),                   
               layer: Metal4.                                                   
[19:17:51] [W] [PSM-0038] Unconnected shape on net VPWR at       openroad.py:321
               (79.980um, 126.465um) - (82.790um, 199.780um),                   
               layer: Metal4.                                                   
[19:17:51] [W] [PSM-0038] Unconnected shape on net VPWR at       openroad.py:321
               (91.220um, 126.465um) - (94.030um, 199.780um),                   
               layer: Metal4.                                                   
[19:17:51] [W] [PSM-0038] Unconnected shape on net VPWR at       openroad.py:321
               (102.460um, 126.465um) - (105.270um, 199.780um),                 
               layer: Metal4.                                                   
[19:17:51] [W] [PSM-0038] Unconnected shape on net VPWR at       openroad.py:321
               (113.700um, 126.465um) - (116.510um, 197.660um),                 
               layer: Metal4.                                                   
[19:17:51] [W] [PSM-0038] Unconnected shape on net VPWR at       openroad.py:321
               (111.830um, 197.660um) - (116.510um, 199.780um),                 
               layer: Metal4.                                                   
[19:17:51] [W] [PSM-0038] Unconnected shape on net VPWR at       openroad.py:321
               (124.940um, 126.465um) - (127.750um, 199.780um),                 
               layer: Metal4.                                                   
[19:17:51] [W] [PSM-0038] Unconnected shape on net VPWR at       openroad.py:321
               (193.050um, 126.465um) - (195.860um, 199.780um),                 
               layer: Metal4.                                                   
[19:17:51] [W] [PSM-0038] Unconnected shape on net VPWR at       openroad.py:321
               (204.290um, 126.465um) - (207.100um, 199.780um),                 
               layer: Metal4.                                                   
[19:17:51] [W] [PSM-0038] Unconnected shape on net VPWR at       openroad.py:321
               (215.530um, 126.465um) - (218.340um, 199.780um),                 
               layer: Metal4.                                                   
[19:17:51] [W] [PSM-0038] Unconnected shape on net VPWR at       openroad.py:321
               (226.770um, 126.465um) - (229.580um, 199.780um),                 
               layer: Metal4.                                                   
[19:17:51] [W] [PSM-0038] Unconnected shape on net VPWR at       openroad.py:321
               (238.010um, 126.465um) - (240.820um, 199.780um),                 
               layer: Metal4.                                                   
[19:17:51] [W] [PSM-0038] Unconnected shape on net VPWR at       openroad.py:321
               (249.250um, 126.465um) - (252.060um, 199.780um),                 
               layer: Metal4.                                                   
[19:17:51] [W] [PSM-0038] Unconnected shape on net VPWR at       openroad.py:321
               (260.490um, 126.465um) - (263.300um, 199.780um),                 
               layer: Metal4.                                                   
[19:17:51] [W] [PSM-0038] Unconnected shape on net VPWR at       openroad.py:321
               (271.730um, 126.465um) - (274.540um, 199.780um),                 
               layer: Metal4.                                                   
[19:17:51] [W] [PSM-0039] Unconnected instance                   openroad.py:321
               memory.sram/VDDARRAY! at location (160.400um,                    
               163.122um).                                                      
[19:17:51] [E] [PSM-0069] Check connectivity failed on VPWR.     openroad.py:319
[19:17:51] [W] The following warnings were generated by the flow:    flow.py:699
[19:17:51] [W] Netlists found for macro                              flow.py:701
               RM_IHPSG13_1P_256x16_c2_bm_bist, but no parasitics               
               extraction found at corner nom_typ_1p20V_25C. The                
               netlist cannot be used for timing on this module.                
               (and 2 similar warnings)                                         
[19:17:51] [W] Netlists found for macro                              flow.py:701
               RM_IHPSG13_1P_256x16_c2_bm_bist, but no parasitics               
               extraction found at corner nom_fast_1p32V_m40C. The              
               netlist cannot be used for timing on this module.                
               (and 1 similar warnings)                                         
[19:17:51] [W] Netlists found for macro                              flow.py:701
               RM_IHPSG13_1P_256x16_c2_bm_bist, but no parasitics               
               extraction found at corner nom_slow_1p08V_125C. The              
               netlist cannot be used for timing on this module.                
               (and 1 similar warnings)                                         
[19:17:51] [W] [OpenROAD.Floorplan] [ORD-0032] Invalid thread number flow.py:701
               specification: None. (and 22 similar warnings)                   
[19:17:51] [W] [OpenROAD.Floorplan] [STA-1140]                       flow.py:701
               /home/wayne/devel/jane/hardcaml_asic/.toolchain/pdk/i            
               hp-sg13cmos5l/libs.ref/sg13cmos5l_sram/lib/RM_IHPSG13            
               _1P_256x16_c2_bm_bist_typ_1p20V_25C.lib line 20,                 
               library RM_IHPSG13_1P_256x16_c2_bm_bist_typ_1p20V_25C            
               already exists. (and 33 similar warnings)                        
[19:17:51] [W] [OpenROAD.GeneratePDN] [PSM-0038] Unconnected shape   flow.py:701
               on net VPWR at (46.260um, 126.465um) - (49.070um,                
               199.780um), layer: Metal4. (and 33 similar warnings)             
[19:17:51] [W] [OpenROAD.GeneratePDN] [PSM-0039] Unconnected         flow.py:701
               instance memory.sram/VDDARRAY! at location                       
               (160.400um, 163.122um). (and 1 similar warnings)                 
[19:17:51] [W] [OpenROAD.GeneratePDN] Grid check for VPWR failed:    flow.py:701
               PSM-0069 (and 2 similar warnings)                                
[19:17:51] [W] [OpenROAD.CTS] [CTS-0041] Net "clk" has 1 sinks.      flow.py:701
               Skipping...                                                      
[19:17:51] [W] [OpenROAD.CTS] [CTS-0083] No clock nets have been     flow.py:701
               found.                                                           
[19:17:51] [W] [OpenROAD.CTS] [CTS-0082] No valid clock nets in the  flow.py:701
               design.                                                          
[19:17:51] [W] [OpenROAD.DetailedRouting] [DRT-0349] LEF58_ENCLOSURE flow.py:701
               with no CUTCLASS is not supported. Skipping for layer            
               Cont (and 6 similar warnings)                                    
[19:17:51] [W] [Checker.WireLength] Threshold for                    flow.py:701
               Threshold-surpassing long wires is not set. The                  
               checker will be skipped.                                         
[19:17:51] [W] [OpenROAD.IRDropReport] 'VSRC_LOC_FILES' was not      flow.py:701
               given a value, which may make the results of IR drop             
               analysis inaccurate. If you are not integrating a                
               top-level chip for manufacture, you may ignore this              
               warning, otherwise, see the documentation for                    
               'VSRC_LOC_FILES'.                                                
[19:17:51] [E] The following error was encountered while running __main__.py:189
               the flow:                                                        
               OpenROAD.IRDropReport failed with the following                  
               errors:                                                          
               [PSM-0069] Check connectivity failed on VPWR.                    
[19:17:51] [E] LibreLane will now quit.                          __main__.py:190
