error:
       … while calling the 'import' builtin

         at «string»:1:2:

            1| (import <nixpkgs> {}).bashInteractive
             |  ^

       … while calling the 'findFile' builtin

         at «string»:1:9:

            1| (import <nixpkgs> {}).bashInteractive
             |         ^

       error: file 'nixpkgs' was not found in the Nix search path (add it using $NIX_PATH or -I)

       at «none»:0: (source not available)
will use bash from your environment
INFO: PDK_ROOT: /home/wayne/devel/jane/hardcaml_asic/.toolchain/pdk
INFO: Tech: ihp-sg13cmos5l
INFO: using def template ../tech/ihp-sg13cmos5l/def/tt_block_6x4_pgvdd.def
INFO: Running klayout pin_label_purposes_overlapping_drawing on /home/wayne/devel/jane/hardcaml_asic/experiments/sram_flow_feasibility/runs/attempt-005-full/final/gds/tt_um_sram_probe.gds
Running pin_label_purposes_overlapping_drawing.rb.drc on file=/home/wayne/devel/jane/hardcaml_asic/experiments/sram_flow_feasibility/runs/attempt-005-full/final/gds/tt_um_sram_probe.gds, topcell=, output to /home/wayne/devel/jane/hardcaml_asic/.toolchain/tt-sram-s3-cfa06bae/precheck/reports/drc_pin_label_purposes_overlapping_drawing.xml
  deep:true tiled:false threads:32
--- #err|description, table for cell: 
NO-Check ----        pwell:64/44/EMP   122/16/EMP    64/59/EMP    44/16/EMP     44/5/EMP
         ----        nwell:64/20/EMP    64/16/EMP     64/5/EMP
         ----         diff:65/20/EMP    65/16/EMP     65/6/EMP
         ----          tap:65/44/EMP    65/48/EMP     65/5/EMP
         ----         poly:66/20/EMP    66/16/EMP     66/5/EMP
         ----       licon1:66/44/EMP    66/58/EMP
         ----          li1:67/20/EMP    67/16/EMP     67/5/EMP
         ----         mcon:67/44/EMP    67/48/EMP
         ----         met1:68/20/EMP    68/16/EMP     68/5/EMP
         ----          via:68/44/EMP    68/58/EMP
         ----         met2:69/20/EMP    69/16/EMP     69/5/EMP
         ----         via2:69/44/EMP    69/58/EMP
         ----         met3:70/20/EMP    70/16/EMP     70/5/EMP
         ----         via3:70/44/EMP    70/48/EMP
         ----         met4:71/20/EMP    71/16/EMP     71/5/EMP
         ----         via4:71/44/EMP    71/48/EMP
         ----         met5:72/20/EMP    72/16/EMP     72/5/EMP
         ----          pad:76/20/EMP     76/5/EMP    76/16/EMP
         ----          pnp:82/44/EMP    82/59/EMP
         ----          npn:82/20/EMP     82/5/EMP
         ----          rdl:74/20/EMP    74/16/EMP     74/5/EMP
         ----     inductor:82/24/EMP    82/25/EMP
       0 total error(s) among 0 error type(s), 33 checks, cell: 
Writing report...
VmPeak:	 1023932 kB
VmHWM:	  432084 kB
INFO: Running klayout sg13cmos5l on /home/wayne/devel/jane/hardcaml_asic/experiments/sram_flow_feasibility/runs/attempt-005-full/final/gds/tt_um_sram_probe.gds
2026-09-20 19:39:52 +0000: Memory Usage (426364K) : Starting running IHP-SG13CMOS5L KLayout DRC runset on /home/wayne/devel/jane/hardcaml_asic/experiments/sram_flow_feasibility/runs/attempt-005-full/final/gds/tt_um_sram_probe.gds
2026-09-20 19:39:52 +0000: Memory Usage (426364K) : Ruby Version for klayout: 3.3.9
2026-09-20 19:39:52 +0000: Memory Usage (432764K) : Loading database to memory is complete.
2026-09-20 19:39:52 +0000: Memory Usage (432764K) : IHP-SG13CMOS5L KLayout DRC runset output at: /home/wayne/devel/jane/hardcaml_asic/.toolchain/tt-sram-s3-cfa06bae/precheck/reports/drc_sg13cmos5l.xml
2026-09-20 19:39:52 +0000: Memory Usage (432764K) : Evaluate switches.
2026-09-20 19:39:52 +0000: Memory Usage (432764K) : tables selected: main
2026-09-20 19:39:52 +0000: Memory Usage (432764K) : KLayout will use 32 thread(s) in tiled mode.
2026-09-20 19:39:52 +0000: Memory Usage (432764K) :  mode is enabled.
2026-09-20 19:39:52 +0000: Memory Usage (432764K) : FEOL enabled: true
2026-09-20 19:39:52 +0000: Memory Usage (432764K) : BEOL enabled: true
2026-09-20 19:39:52 +0000: Memory Usage (432764K) : OFFGRID enabled: true
2026-09-20 19:39:52 +0000: Memory Usage (432764K) : ANGLE enabled: true
2026-09-20 19:39:52 +0000: Memory Usage (432764K) : PIN enabled: true
2026-09-20 19:39:52 +0000: Memory Usage (432764K) : FORBIDDEN enabled: true
2026-09-20 19:39:52 +0000: Memory Usage (432764K) : RECOMMENDED enabled: true
2026-09-20 19:39:52 +0000: Memory Usage (432764K) : PreCheck DRC enabled: false
2026-09-20 19:39:52 +0000: Memory Usage (432764K) : CONNECTIVITY_RULES enabled: true.
2026-09-20 19:39:52 +0000: Memory Usage (432764K) : Read in polygons from layers.
2026-09-20 19:39:53 +0000: Memory Usage (487292K) : activ_drw has 145677 polygons
2026-09-20 19:39:53 +0000: Memory Usage (487292K) : activ_pin has 0 polygons
2026-09-20 19:39:53 +0000: Memory Usage (487292K) : activ_mask has 0 polygons
2026-09-20 19:39:53 +0000: Memory Usage (487292K) : activ_filler has 0 polygons
2026-09-20 19:39:53 +0000: Memory Usage (487292K) : activ_nofill has 0 polygons
2026-09-20 19:39:53 +0000: Memory Usage (487292K) : activ_opc has 0 polygons
2026-09-20 19:39:53 +0000: Memory Usage (487292K) : activ_iopc has 0 polygons
2026-09-20 19:39:53 +0000: Memory Usage (487292K) : activ_noqrc has 0 polygons
2026-09-20 19:39:53 +0000: Memory Usage (487292K) : biwind_drw has 0 polygons
2026-09-20 19:39:53 +0000: Memory Usage (487292K) : biwind_opc has 0 polygons
2026-09-20 19:39:53 +0000: Memory Usage (487292K) : pemwind_drw has 0 polygons
2026-09-20 19:39:53 +0000: Memory Usage (488060K) : gatpoly_drw has 221731 polygons
2026-09-20 19:39:53 +0000: Memory Usage (488060K) : gatpoly_pin has 0 polygons
2026-09-20 19:39:53 +0000: Memory Usage (488060K) : gatpoly_filler has 0 polygons
2026-09-20 19:39:53 +0000: Memory Usage (488060K) : gatpoly_nofill has 0 polygons
2026-09-20 19:39:53 +0000: Memory Usage (488060K) : gatpoly_opc has 0 polygons
2026-09-20 19:39:53 +0000: Memory Usage (488060K) : gatpoly_iopc has 0 polygons
2026-09-20 19:39:53 +0000: Memory Usage (488060K) : gatpoly_noqrc has 0 polygons
2026-09-20 19:39:58 +0000: Memory Usage (722216K) : cont_drw has 1650660 polygons
2026-09-20 19:39:58 +0000: Memory Usage (722216K) : cont_opc has 0 polygons
2026-09-20 19:39:58 +0000: Memory Usage (722216K) : nsd_drw has 0 polygons
2026-09-20 19:39:58 +0000: Memory Usage (722216K) : nsd_block has 0 polygons
2026-09-20 19:40:00 +0000: Memory Usage (722216K) : metal1_drw has 29492 polygons
2026-09-20 19:40:01 +0000: Memory Usage (722216K) : metal1_pin has 2908 polygons
2026-09-20 19:40:01 +0000: Memory Usage (722216K) : metal1_mask has 0 polygons
2026-09-20 19:40:01 +0000: Memory Usage (722216K) : metal1_filler has 0 polygons
2026-09-20 19:40:01 +0000: Memory Usage (722216K) : metal1_nofill has 0 polygons
2026-09-20 19:40:01 +0000: Memory Usage (722216K) : metal1_slit has 0 polygons
2026-09-20 19:40:01 +0000: Memory Usage (722216K) : metal1_text has 138132 polygons
2026-09-20 19:40:01 +0000: Memory Usage (722216K) : metal1_opc has 0 polygons
2026-09-20 19:40:01 +0000: Memory Usage (722216K) : metal1_noqrc has 0 polygons
2026-09-20 19:40:01 +0000: Memory Usage (722216K) : metal1_res has 15 polygons
2026-09-20 19:40:01 +0000: Memory Usage (722216K) : metal1_iprobe has 0 polygons
2026-09-20 19:40:01 +0000: Memory Usage (722216K) : metal1_diffprb has 0 polygons
2026-09-20 19:40:01 +0000: Memory Usage (722216K) : passiv_drw has 0 polygons
2026-09-20 19:40:01 +0000: Memory Usage (722216K) : passiv_pin has 0 polygons
2026-09-20 19:40:01 +0000: Memory Usage (722216K) : passiv_sbump has 0 polygons
2026-09-20 19:40:01 +0000: Memory Usage (722216K) : passiv_pillar has 0 polygons
2026-09-20 19:40:01 +0000: Memory Usage (722216K) : passiv_pdl has 0 polygons
2026-09-20 19:40:01 +0000: Memory Usage (722216K) : metal2_drw has 11674 polygons
2026-09-20 19:40:01 +0000: Memory Usage (722216K) : metal2_pin has 10529 polygons
2026-09-20 19:40:01 +0000: Memory Usage (722216K) : metal2_mask has 0 polygons
2026-09-20 19:40:01 +0000: Memory Usage (722216K) : metal2_filler has 0 polygons
2026-09-20 19:40:01 +0000: Memory Usage (722216K) : metal2_nofill has 0 polygons
2026-09-20 19:40:01 +0000: Memory Usage (722216K) : metal2_slit has 0 polygons
2026-09-20 19:40:01 +0000: Memory Usage (722216K) : metal2_text has 30140 polygons
2026-09-20 19:40:01 +0000: Memory Usage (722216K) : metal2_opc has 0 polygons
2026-09-20 19:40:01 +0000: Memory Usage (722216K) : metal2_noqrc has 0 polygons
2026-09-20 19:40:01 +0000: Memory Usage (722216K) : metal2_res has 8200 polygons
2026-09-20 19:40:01 +0000: Memory Usage (722216K) : metal2_iprobe has 0 polygons
2026-09-20 19:40:01 +0000: Memory Usage (722216K) : metal2_diffprb has 0 polygons
2026-09-20 19:40:01 +0000: Memory Usage (722216K) : baspoly_drw has 0 polygons
2026-09-20 19:40:01 +0000: Memory Usage (722216K) : baspoly_pin has 0 polygons
2026-09-20 19:40:02 +0000: Memory Usage (722216K) : psd_drw has 963 polygons
2026-09-20 19:40:02 +0000: Memory Usage (722216K) : nldb_drw has 0 polygons
2026-09-20 19:40:02 +0000: Memory Usage (722216K) : digibnd_drw has 3 polygons
2026-09-20 19:40:02 +0000: Memory Usage (722216K) : via1_drw has 50334 polygons
2026-09-20 19:40:02 +0000: Memory Usage (722216K) : backmetal1_drw has 0 polygons
2026-09-20 19:40:02 +0000: Memory Usage (722216K) : backmetal1_pin has 0 polygons
2026-09-20 19:40:02 +0000: Memory Usage (722216K) : backmetal1_mask has 0 polygons
2026-09-20 19:40:02 +0000: Memory Usage (722216K) : backmetal1_filler has 0 polygons
2026-09-20 19:40:02 +0000: Memory Usage (722216K) : backmetal1_nofill has 0 polygons
2026-09-20 19:40:02 +0000: Memory Usage (722216K) : backmetal1_slit has 0 polygons
2026-09-20 19:40:02 +0000: Memory Usage (722216K) : backmetal1_text has 0 polygons
2026-09-20 19:40:02 +0000: Memory Usage (722216K) : backmetal1_opc has 0 polygons
2026-09-20 19:40:02 +0000: Memory Usage (722216K) : backmetal1_noqrc has 0 polygons
2026-09-20 19:40:02 +0000: Memory Usage (722216K) : backmetal1_res has 0 polygons
2026-09-20 19:40:02 +0000: Memory Usage (722216K) : backmetal1_iprobe has 0 polygons
2026-09-20 19:40:02 +0000: Memory Usage (722216K) : backmetal1_diffprb has 0 polygons
2026-09-20 19:40:02 +0000: Memory Usage (722216K) : backpassiv_drw has 0 polygons
2026-09-20 19:40:02 +0000: Memory Usage (722216K) : res_drw has 0 polygons
2026-09-20 19:40:02 +0000: Memory Usage (722216K) : sram_drw has 2 polygons
2026-09-20 19:40:02 +0000: Memory Usage (722216K) : trans_drw has 0 polygons
2026-09-20 19:40:03 +0000: Memory Usage (722216K) : ind_drw has 0 polygons
2026-09-20 19:40:03 +0000: Memory Usage (722216K) : ind_pin has 0 polygons
2026-09-20 19:40:03 +0000: Memory Usage (722216K) : ind_text has 0 polygons
2026-09-20 19:40:03 +0000: Memory Usage (722216K) : salblock_drw has 0 polygons
2026-09-20 19:40:03 +0000: Memory Usage (722216K) : via2_drw has 40763 polygons
2026-09-20 19:40:03 +0000: Memory Usage (722216K) : metal3_drw has 5582 polygons
2026-09-20 19:40:03 +0000: Memory Usage (722216K) : metal3_pin has 17624 polygons
2026-09-20 19:40:03 +0000: Memory Usage (722216K) : metal3_mask has 0 polygons
2026-09-20 19:40:03 +0000: Memory Usage (722216K) : metal3_filler has 0 polygons
2026-09-20 19:40:03 +0000: Memory Usage (722216K) : metal3_nofill has 0 polygons
2026-09-20 19:40:03 +0000: Memory Usage (722216K) : metal3_slit has 0 polygons
2026-09-20 19:40:03 +0000: Memory Usage (722216K) : metal3_text has 13266 polygons
2026-09-20 19:40:03 +0000: Memory Usage (722216K) : metal3_opc has 0 polygons
2026-09-20 19:40:03 +0000: Memory Usage (722216K) : metal3_noqrc has 0 polygons
2026-09-20 19:40:03 +0000: Memory Usage (722216K) : metal3_res has 4192 polygons
2026-09-20 19:40:03 +0000: Memory Usage (722216K) : metal3_iprobe has 0 polygons
2026-09-20 19:40:03 +0000: Memory Usage (722216K) : metal3_diffprb has 0 polygons
2026-09-20 19:40:03 +0000: Memory Usage (722216K) : nwell_drw has 187 polygons
2026-09-20 19:40:04 +0000: Memory Usage (722216K) : nwell_pin has 0 polygons
2026-09-20 19:40:04 +0000: Memory Usage (722216K) : nbulay_drw has 0 polygons
2026-09-20 19:40:04 +0000: Memory Usage (722216K) : nbulay_pin has 0 polygons
2026-09-20 19:40:04 +0000: Memory Usage (722216K) : nbulay_block has 0 polygons
2026-09-20 19:40:04 +0000: Memory Usage (722216K) : emwind_drw has 0 polygons
2026-09-20 19:40:04 +0000: Memory Usage (722216K) : emwind_opc has 0 polygons
2026-09-20 19:40:04 +0000: Memory Usage (722216K) : deepco_drw has 0 polygons
2026-09-20 19:40:04 +0000: Memory Usage (722216K) : deepco_drw has 0 polygons
2026-09-20 19:40:04 +0000: Memory Usage (722216K) : mim_drw has 0 polygons
2026-09-20 19:40:04 +0000: Memory Usage (722216K) : edgeseal_drw has 0 polygons
2026-09-20 19:40:04 +0000: Memory Usage (722216K) : edgeseal_bound has 0 polygons
2026-09-20 19:40:04 +0000: Memory Usage (722216K) : substrate_drw has 0 polygons
2026-09-20 19:40:04 +0000: Memory Usage (722216K) : substrate_text has 0 polygons
2026-09-20 19:40:04 +0000: Memory Usage (722216K) : dfpad_drw has 0 polygons
2026-09-20 19:40:04 +0000: Memory Usage (722216K) : dfpad_pillar has 0 polygons
2026-09-20 19:40:04 +0000: Memory Usage (722216K) : dfpad_sbump has 0 polygons
2026-09-20 19:40:04 +0000: Memory Usage (722216K) : thickgateox_drw has 0 polygons
2026-09-20 19:40:04 +0000: Memory Usage (722216K) : pldb_drw has 0 polygons
2026-09-20 19:40:04 +0000: Memory Usage (722216K) : pwell_drw has 0 polygons
2026-09-20 19:40:04 +0000: Memory Usage (722216K) : pwell_pin has 0 polygons
2026-09-20 19:40:04 +0000: Memory Usage (722216K) : pwell_block has 0 polygons
2026-09-20 19:40:04 +0000: Memory Usage (722216K) : ic_drw has 0 polygons
2026-09-20 19:40:04 +0000: Memory Usage (722216K) : via3_drw has 37159 polygons
2026-09-20 19:40:04 +0000: Memory Usage (722216K) : metal4_drw has 162 polygons
2026-09-20 19:40:04 +0000: Memory Usage (722216K) : metal4_pin has 101 polygons
2026-09-20 19:40:04 +0000: Memory Usage (722216K) : metal4_mask has 0 polygons
2026-09-20 19:40:04 +0000: Memory Usage (722216K) : metal4_filler has 0 polygons
2026-09-20 19:40:04 +0000: Memory Usage (722216K) : metal4_nofill has 0 polygons
2026-09-20 19:40:04 +0000: Memory Usage (722216K) : metal4_slit has 0 polygons
2026-09-20 19:40:04 +0000: Memory Usage (722216K) : metal4_text has 101 polygons
2026-09-20 19:40:04 +0000: Memory Usage (722216K) : metal4_opc has 0 polygons
2026-09-20 19:40:04 +0000: Memory Usage (722216K) : metal4_noqrc has 0 polygons
2026-09-20 19:40:04 +0000: Memory Usage (722216K) : metal4_res has 0 polygons
2026-09-20 19:40:04 +0000: Memory Usage (722216K) : metal4_iprobe has 0 polygons
2026-09-20 19:40:04 +0000: Memory Usage (722216K) : metal4_diffprb has 0 polygons
2026-09-20 19:40:04 +0000: Memory Usage (722216K) : heattrans_drw has 0 polygons
2026-09-20 19:40:04 +0000: Memory Usage (722216K) : heatres_drw has 0 polygons
2026-09-20 19:40:04 +0000: Memory Usage (722216K) : pempoly_drw has 0 polygons
2026-09-20 19:40:04 +0000: Memory Usage (722216K) : fbe_drw has 0 polygons
2026-09-20 19:40:04 +0000: Memory Usage (722216K) : empoly_drw has 0 polygons
2026-09-20 19:40:04 +0000: Memory Usage (722216K) : ldmos_drw has 0 polygons
2026-09-20 19:40:04 +0000: Memory Usage (722216K) : pbiwind_drw has 0 polygons
2026-09-20 19:40:04 +0000: Memory Usage (722216K) : digisub_drw has 0 polygons
2026-09-20 19:40:04 +0000: Memory Usage (722216K) : nodrc_drw has 0 polygons
2026-09-20 19:40:04 +0000: Memory Usage (722216K) : text_drw has 50562 polygons
2026-09-20 19:40:04 +0000: Memory Usage (722216K) : via4_drw has 0 polygons
2026-09-20 19:40:04 +0000: Memory Usage (722216K) : metal5_drw has 0 polygons
2026-09-20 19:40:04 +0000: Memory Usage (722216K) : metal5_pin has 0 polygons
2026-09-20 19:40:04 +0000: Memory Usage (722216K) : metal5_mask has 0 polygons
2026-09-20 19:40:04 +0000: Memory Usage (722216K) : metal5_filler has 0 polygons
2026-09-20 19:40:04 +0000: Memory Usage (722216K) : metal5_nofill has 0 polygons
2026-09-20 19:40:04 +0000: Memory Usage (722216K) : metal5_slit has 0 polygons
2026-09-20 19:40:04 +0000: Memory Usage (722216K) : metal5_text has 0 polygons
2026-09-20 19:40:04 +0000: Memory Usage (722216K) : metal5_opc has 0 polygons
2026-09-20 19:40:04 +0000: Memory Usage (722216K) : metal5_noqrc has 0 polygons
2026-09-20 19:40:04 +0000: Memory Usage (722216K) : metal5_res has 0 polygons
2026-09-20 19:40:04 +0000: Memory Usage (722216K) : metal5_iprobe has 0 polygons
2026-09-20 19:40:04 +0000: Memory Usage (722216K) : metal5_diffprb has 0 polygons
2026-09-20 19:40:04 +0000: Memory Usage (722216K) : radhard_drw has 0 polygons
2026-09-20 19:40:04 +0000: Memory Usage (722216K) : memcap_drw has 0 polygons
2026-09-20 19:40:04 +0000: Memory Usage (722216K) : varicap_drw has 0 polygons
2026-09-20 19:40:04 +0000: Memory Usage (722216K) : flash_drw has 0 polygons
2026-09-20 19:40:04 +0000: Memory Usage (722216K) : intbondvia_drw has 0 polygons
2026-09-20 19:40:04 +0000: Memory Usage (722216K) : intbondmet_drw has 0 polygons
2026-09-20 19:40:04 +0000: Memory Usage (722216K) : devbondvia_drw has 0 polygons
2026-09-20 19:40:04 +0000: Memory Usage (722216K) : devbondmet_drw has 0 polygons
2026-09-20 19:40:04 +0000: Memory Usage (722216K) : devtrench_drw has 0 polygons
2026-09-20 19:40:04 +0000: Memory Usage (722216K) : redist_drw has 0 polygons
2026-09-20 19:40:04 +0000: Memory Usage (722216K) : graphbot_drw has 0 polygons
2026-09-20 19:40:04 +0000: Memory Usage (722216K) : graphtop_drw has 0 polygons
2026-09-20 19:40:04 +0000: Memory Usage (722216K) : antvia1_drw has 0 polygons
2026-09-20 19:40:04 +0000: Memory Usage (722216K) : antmetal2_drw has 0 polygons
2026-09-20 19:40:04 +0000: Memory Usage (722216K) : graphcont_drw has 0 polygons
2026-09-20 19:40:04 +0000: Memory Usage (722216K) : siwg_drw has 0 polygons
2026-09-20 19:40:04 +0000: Memory Usage (722216K) : siwg_filler has 0 polygons
2026-09-20 19:40:04 +0000: Memory Usage (722216K) : siwg_nofill has 0 polygons
2026-09-20 19:40:04 +0000: Memory Usage (722216K) : sigrating_drw has 0 polygons
2026-09-20 19:40:04 +0000: Memory Usage (722216K) : singrating_drw has 0 polygons
2026-09-20 19:40:05 +0000: Memory Usage (722216K) : graphpas_drw has 0 polygons
2026-09-20 19:40:05 +0000: Memory Usage (722216K) : emwind3_drw has 0 polygons
2026-09-20 19:40:05 +0000: Memory Usage (722216K) : emwihv3_drw has 0 polygons
2026-09-20 19:40:05 +0000: Memory Usage (722216K) : redbulay_drw has 0 polygons
2026-09-20 19:40:05 +0000: Memory Usage (722216K) : smos_drw has 0 polygons
2026-09-20 19:40:05 +0000: Memory Usage (722216K) : graphpad_drw has 0 polygons
2026-09-20 19:40:05 +0000: Memory Usage (722216K) : polimide_drw has 0 polygons
2026-09-20 19:40:05 +0000: Memory Usage (722216K) : polimide_pin has 0 polygons
2026-09-20 19:40:05 +0000: Memory Usage (722216K) : recog_drw has 0 polygons
2026-09-20 19:40:05 +0000: Memory Usage (722216K) : recog_pin has 0 polygons
2026-09-20 19:40:05 +0000: Memory Usage (722216K) : recog_esd has 0 polygons
2026-09-20 19:40:05 +0000: Memory Usage (722216K) : recog_diode has 4 polygons
2026-09-20 19:40:05 +0000: Memory Usage (722216K) : recog_tsv has 0 polygons
2026-09-20 19:40:05 +0000: Memory Usage (722216K) : recog_iprobe has 0 polygons
2026-09-20 19:40:05 +0000: Memory Usage (722216K) : recog_diffprb has 0 polygons
2026-09-20 19:40:05 +0000: Memory Usage (722216K) : recog_pillar has 0 polygons
2026-09-20 19:40:05 +0000: Memory Usage (722216K) : recog_sbump has 0 polygons
2026-09-20 19:40:05 +0000: Memory Usage (722216K) : recog_otp has 0 polygons
2026-09-20 19:40:05 +0000: Memory Usage (722216K) : recog_pdiode has 0 polygons
2026-09-20 19:40:05 +0000: Memory Usage (722216K) : recog_mom has 0 polygons
2026-09-20 19:40:05 +0000: Memory Usage (722216K) : recog_momf has 0 polygons
2026-09-20 19:40:05 +0000: Memory Usage (722216K) : recog_pcm has 0 polygons
2026-09-20 19:40:05 +0000: Memory Usage (722216K) : colopen_drw has 0 polygons
2026-09-20 19:40:05 +0000: Memory Usage (722216K) : graphmetal1_drw has 0 polygons
2026-09-20 19:40:05 +0000: Memory Usage (722216K) : graphmetal1_filler has 0 polygons
2026-09-20 19:40:05 +0000: Memory Usage (722216K) : graphmetal1_nofill has 0 polygons
2026-09-20 19:40:05 +0000: Memory Usage (722216K) : graphmetal1_slit has 0 polygons
2026-09-20 19:40:05 +0000: Memory Usage (722216K) : graphmetal1_opc has 0 polygons
2026-09-20 19:40:05 +0000: Memory Usage (722216K) : graphmet1l_drw has 0 polygons
2026-09-20 19:40:05 +0000: Memory Usage (722216K) : graphmet1l_filler has 0 polygons
2026-09-20 19:40:05 +0000: Memory Usage (722216K) : graphmet1l_nofill has 0 polygons
2026-09-20 19:40:05 +0000: Memory Usage (722216K) : graphmet1l_slit has 0 polygons
2026-09-20 19:40:05 +0000: Memory Usage (722216K) : graphmet1l_opc has 0 polygons
2026-09-20 19:40:05 +0000: Memory Usage (722216K) : extblock_drw has 0 polygons
2026-09-20 19:40:05 +0000: Memory Usage (722216K) : nldd_drw has 0 polygons
2026-09-20 19:40:05 +0000: Memory Usage (722216K) : pldd_drw has 0 polygons
2026-09-20 19:40:05 +0000: Memory Usage (722216K) : next_drw has 0 polygons
2026-09-20 19:40:05 +0000: Memory Usage (722216K) : pext_drw has 0 polygons
2026-09-20 19:40:05 +0000: Memory Usage (722216K) : nexthv_drw has 0 polygons
2026-09-20 19:40:05 +0000: Memory Usage (722216K) : pexthv_drw has 0 polygons
2026-09-20 19:40:05 +0000: Memory Usage (722216K) : graphgate_drw has 0 polygons
2026-09-20 19:40:05 +0000: Memory Usage (722216K) : sinwg_drw has 0 polygons
2026-09-20 19:40:05 +0000: Memory Usage (722216K) : sinwg_filler has 0 polygons
2026-09-20 19:40:05 +0000: Memory Usage (722216K) : sinwg_nofill has 0 polygons
2026-09-20 19:40:05 +0000: Memory Usage (722216K) : mempad_drw has 0 polygons
2026-09-20 19:40:05 +0000: Memory Usage (722216K) : topvia1_drw has 0 polygons
2026-09-20 19:40:05 +0000: Memory Usage (722216K) : topmetal1_drw has 0 polygons
2026-09-20 19:40:05 +0000: Memory Usage (722216K) : topmetal1_pin has 0 polygons
2026-09-20 19:40:05 +0000: Memory Usage (722216K) : topmetal1_mask has 0 polygons
2026-09-20 19:40:05 +0000: Memory Usage (722216K) : topmetal1_filler has 0 polygons
2026-09-20 19:40:05 +0000: Memory Usage (722216K) : topmetal1_nofill has 0 polygons
2026-09-20 19:40:05 +0000: Memory Usage (722216K) : topmetal1_slit has 0 polygons
2026-09-20 19:40:05 +0000: Memory Usage (722216K) : topmetal1_text has 0 polygons
2026-09-20 19:40:05 +0000: Memory Usage (722216K) : topmetal1_noqrc has 0 polygons
2026-09-20 19:40:05 +0000: Memory Usage (722216K) : topmetal1_res has 0 polygons
2026-09-20 19:40:05 +0000: Memory Usage (722216K) : topmetal1_iprobe has 0 polygons
2026-09-20 19:40:05 +0000: Memory Usage (722216K) : topmetal1_diffprb has 0 polygons
2026-09-20 19:40:05 +0000: Memory Usage (722216K) : inldpwl_drw has 0 polygons
2026-09-20 19:40:05 +0000: Memory Usage (722216K) : polyres_drw has 0 polygons
2026-09-20 19:40:05 +0000: Memory Usage (722216K) : polyres_pin has 0 polygons
2026-09-20 19:40:05 +0000: Memory Usage (722216K) : vmim_drw has 0 polygons
2026-09-20 19:40:05 +0000: Memory Usage (722216K) : nbulaycut_drw has 0 polygons
2026-09-20 19:40:05 +0000: Memory Usage (722216K) : antmetal1_drw has 0 polygons
2026-09-20 19:40:05 +0000: Memory Usage (722216K) : topvia2_drw has 0 polygons
2026-09-20 19:40:05 +0000: Memory Usage (722216K) : topmetal2_drw has 0 polygons
2026-09-20 19:40:05 +0000: Memory Usage (722216K) : topmetal2_pin has 0 polygons
2026-09-20 19:40:05 +0000: Memory Usage (722216K) : topmetal2_mask has 0 polygons
2026-09-20 19:40:05 +0000: Memory Usage (722216K) : topmetal2_filler has 0 polygons
2026-09-20 19:40:05 +0000: Memory Usage (722216K) : topmetal2_nofill has 0 polygons
2026-09-20 19:40:05 +0000: Memory Usage (722216K) : topmetal2_slit has 0 polygons
2026-09-20 19:40:05 +0000: Memory Usage (722216K) : topmetal2_text has 0 polygons
2026-09-20 19:40:05 +0000: Memory Usage (722216K) : topmetal2_noqrc has 0 polygons
2026-09-20 19:40:05 +0000: Memory Usage (722216K) : topmetal2_res has 0 polygons
2026-09-20 19:40:05 +0000: Memory Usage (722216K) : topmetal2_iprobe has 0 polygons
2026-09-20 19:40:05 +0000: Memory Usage (722216K) : topmetal2_diffprb has 0 polygons
2026-09-20 19:40:05 +0000: Memory Usage (722216K) : snsring_drw has 0 polygons
2026-09-20 19:40:05 +0000: Memory Usage (722216K) : sensor_drw has 0 polygons
2026-09-20 19:40:05 +0000: Memory Usage (722216K) : snsarms_drw has 0 polygons
2026-09-20 19:40:05 +0000: Memory Usage (722216K) : snscmosvia_drw has 0 polygons
2026-09-20 19:40:05 +0000: Memory Usage (722216K) : colwind_drw has 0 polygons
2026-09-20 19:40:05 +0000: Memory Usage (722216K) : flm_drw has 0 polygons
2026-09-20 19:40:05 +0000: Memory Usage (722216K) : hafniumox_drw has 0 polygons
2026-09-20 19:40:05 +0000: Memory Usage (722216K) : memvia_drw has 0 polygons
2026-09-20 19:40:05 +0000: Memory Usage (722216K) : thinfilmres_drw has 0 polygons
2026-09-20 19:40:05 +0000: Memory Usage (722216K) : rfmem_drw has 0 polygons
2026-09-20 19:40:05 +0000: Memory Usage (722216K) : norcx_drw has 0 polygons
2026-09-20 19:40:05 +0000: Memory Usage (722216K) : norcx_m2m3 has 0 polygons
2026-09-20 19:40:05 +0000: Memory Usage (722216K) : norcx_m2m4 has 0 polygons
2026-09-20 19:40:05 +0000: Memory Usage (722216K) : norcx_m2m5 has 0 polygons
2026-09-20 19:40:05 +0000: Memory Usage (722216K) : norcx_m2tm1 has 0 polygons
2026-09-20 19:40:05 +0000: Memory Usage (722216K) : norcx_m2tm2 has 0 polygons
2026-09-20 19:40:05 +0000: Memory Usage (722216K) : norcx_m3m4 has 0 polygons
2026-09-20 19:40:06 +0000: Memory Usage (722216K) : norcx_m3m5 has 0 polygons
2026-09-20 19:40:06 +0000: Memory Usage (722216K) : norcx_m3tm1 has 0 polygons
2026-09-20 19:40:06 +0000: Memory Usage (722216K) : norcx_m3tm2 has 0 polygons
2026-09-20 19:40:06 +0000: Memory Usage (722216K) : norcx_m4m5 has 0 polygons
2026-09-20 19:40:06 +0000: Memory Usage (722216K) : norcx_m4tm1 has 0 polygons
2026-09-20 19:40:06 +0000: Memory Usage (722216K) : norcx_m4tm2 has 0 polygons
2026-09-20 19:40:06 +0000: Memory Usage (722216K) : norcx_m5tm1 has 0 polygons
2026-09-20 19:40:06 +0000: Memory Usage (722216K) : norcx_m5tm2 has 0 polygons
2026-09-20 19:40:06 +0000: Memory Usage (722216K) : norcx_tm1tm2 has 0 polygons
2026-09-20 19:40:06 +0000: Memory Usage (722216K) : norcx_m1sub has 0 polygons
2026-09-20 19:40:06 +0000: Memory Usage (722216K) : norcx_m2sub has 0 polygons
2026-09-20 19:40:06 +0000: Memory Usage (722216K) : norcx_m3sub has 0 polygons
2026-09-20 19:40:06 +0000: Memory Usage (722216K) : norcx_m4sub has 0 polygons
2026-09-20 19:40:06 +0000: Memory Usage (722216K) : norcx_m5sub has 0 polygons
2026-09-20 19:40:06 +0000: Memory Usage (722216K) : norcx_tm1sub has 0 polygons
2026-09-20 19:40:06 +0000: Memory Usage (722216K) : norcx_tm2sub has 0 polygons
2026-09-20 19:40:06 +0000: Memory Usage (722216K) : snsbotvia_drw has 0 polygons
2026-09-20 19:40:06 +0000: Memory Usage (722216K) : snstopvia_drw has 0 polygons
2026-09-20 19:40:06 +0000: Memory Usage (722216K) : deepvia_drw has 0 polygons
2026-09-20 19:40:06 +0000: Memory Usage (722216K) : fgetch_drw has 0 polygons
2026-09-20 19:40:06 +0000: Memory Usage (722216K) : ctrgat_drw has 0 polygons
2026-09-20 19:40:06 +0000: Memory Usage (722216K) : fgimp_drw has 0 polygons
2026-09-20 19:40:06 +0000: Memory Usage (722216K) : emwihv_drw has 0 polygons
2026-09-20 19:40:06 +0000: Memory Usage (722216K) : lbe_drw has 0 polygons
2026-09-20 19:40:06 +0000: Memory Usage (722216K) : alcustop_drw has 0 polygons
2026-09-20 19:40:06 +0000: Memory Usage (722216K) : nometfiller_drw has 0 polygons
2026-09-20 19:40:06 +0000: Memory Usage (722216K) : prboundary_drw has 0 polygons
2026-09-20 19:40:06 +0000: Memory Usage (722216K) : exchange0_drw has 0 polygons
2026-09-20 19:40:06 +0000: Memory Usage (722216K) : exchange0_pin has 0 polygons
2026-09-20 19:40:06 +0000: Memory Usage (722216K) : exchange0_text has 0 polygons
2026-09-20 19:40:06 +0000: Memory Usage (722216K) : exchange1_drw has 0 polygons
2026-09-20 19:40:06 +0000: Memory Usage (722216K) : exchange1_pin has 0 polygons
2026-09-20 19:40:06 +0000: Memory Usage (722216K) : exchange1_text has 0 polygons
2026-09-20 19:40:06 +0000: Memory Usage (722216K) : exchange2_drw has 0 polygons
2026-09-20 19:40:06 +0000: Memory Usage (722216K) : exchange2_pin has 0 polygons
2026-09-20 19:40:06 +0000: Memory Usage (722216K) : exchange2_text has 0 polygons
2026-09-20 19:40:06 +0000: Memory Usage (722216K) : exchange3_drw has 0 polygons
2026-09-20 19:40:06 +0000: Memory Usage (722216K) : exchange3_pin has 0 polygons
2026-09-20 19:40:06 +0000: Memory Usage (722216K) : exchange3_text has 0 polygons
2026-09-20 19:40:06 +0000: Memory Usage (722216K) : exchange4_drw has 0 polygons
2026-09-20 19:40:06 +0000: Memory Usage (722216K) : exchange4_pin has 0 polygons
2026-09-20 19:40:06 +0000: Memory Usage (722216K) : exchange4_text has 0 polygons
2026-09-20 19:40:06 +0000: Memory Usage (722216K) : isonwell_drw has 0 polygons
2026-09-20 19:40:06 +0000: Memory Usage (722216K) : Total no. of polygons in the design is 2470163
2026-09-20 19:40:06 +0000: Memory Usage (722216K) : Loaded TECH DRC rules values from /home/wayne/devel/jane/hardcaml_asic/.toolchain/pdk/ihp-sg13cmos5l/libs.tech/klayout/tech/drc/../../python/sg13cmos5l_pycell_lib/sg13cmos5l_tech_mod.json
2026-09-20 19:40:06 +0000: Memory Usage (722216K) : Loaded default DRC rules values from /home/wayne/devel/jane/hardcaml_asic/.toolchain/pdk/ihp-sg13cmos5l/libs.tech/klayout/tech/drc/../../../../../ihp-sg13g2/libs.tech/klayout/tech/drc/rule_decks/sg13g2_tech_default.json
2026-09-20 19:40:06 +0000: Memory Usage (722216K) : The following rules values were missing in tech json and default values were used:
2026-09-20 19:40:06 +0000: Memory Usage (722216K) :   - npn_ring
2026-09-20 19:40:06 +0000: Memory Usage (722216K) :   - npn13G2_bR
2026-09-20 19:40:06 +0000: Memory Usage (722216K) :   - npn13G2L_cR
2026-09-20 19:40:06 +0000: Memory Usage (722216K) :   - npn13G2V_cR
2026-09-20 19:40:06 +0000: Memory Usage (722216K) :   - Sdiod_b
2026-09-20 19:40:06 +0000: Memory Usage (722216K) :   - Sdiod_c
2026-09-20 19:40:06 +0000: Memory Usage (722216K) :   - Sdiod_d
2026-09-20 19:40:06 +0000: Memory Usage (722216K) :   - Sdiod_e
2026-09-20 19:40:06 +0000: Memory Usage (722216K) :   - TV2_a
2026-09-20 19:40:06 +0000: Memory Usage (722216K) :   - TV2_b
2026-09-20 19:40:06 +0000: Memory Usage (722216K) :   - TV2_c
2026-09-20 19:40:06 +0000: Memory Usage (722216K) :   - TV2_d
2026-09-20 19:40:06 +0000: Memory Usage (722216K) :   - TM2_a
2026-09-20 19:40:06 +0000: Memory Usage (722216K) :   - TM2_b
2026-09-20 19:40:06 +0000: Memory Usage (722216K) :   - TM2_bR
2026-09-20 19:40:06 +0000: Memory Usage (722216K) :   - TM2_bR_w
2026-09-20 19:40:06 +0000: Memory Usage (722216K) :   - TM2_bR_cr
2026-09-20 19:40:06 +0000: Memory Usage (722216K) :   - TM2_c
2026-09-20 19:40:06 +0000: Memory Usage (722216K) :   - TM2_d
2026-09-20 19:40:06 +0000: Memory Usage (722216K) :   - BM1_a
2026-09-20 19:40:06 +0000: Memory Usage (722216K) :   - BM1_b
2026-09-20 19:40:06 +0000: Memory Usage (722216K) :   - BM1_c
2026-09-20 19:40:06 +0000: Memory Usage (722216K) :   - BM1_d
2026-09-20 19:40:06 +0000: Memory Usage (722216K) :   - BPas_a
2026-09-20 19:40:06 +0000: Memory Usage (722216K) :   - BPas_b
2026-09-20 19:40:06 +0000: Memory Usage (722216K) :   - BPas_c
2026-09-20 19:40:06 +0000: Memory Usage (722216K) :   - TM2Fil_a
2026-09-20 19:40:06 +0000: Memory Usage (722216K) :   - TM2Fil_a1
2026-09-20 19:40:06 +0000: Memory Usage (722216K) :   - TM2Fil_b
2026-09-20 19:40:06 +0000: Memory Usage (722216K) :   - TM2Fil_c
2026-09-20 19:40:06 +0000: Memory Usage (722216K) :   - TM2Fil_d
2026-09-20 19:40:06 +0000: Memory Usage (722216K) :   - TM2Fil_e
2026-09-20 19:40:06 +0000: Memory Usage (722216K) :   - TM2Fil_f
2026-09-20 19:40:06 +0000: Memory Usage (722216K) :   - TM2Fil_g
2026-09-20 19:40:06 +0000: Memory Usage (722216K) :   - TM2Fil_size_x
2026-09-20 19:40:06 +0000: Memory Usage (722216K) :   - TM2Fil_size_y
2026-09-20 19:40:06 +0000: Memory Usage (722216K) :   - TM2Fil_space
2026-09-20 19:40:06 +0000: Memory Usage (722216K) :   - TM2Fil_offset
2026-09-20 19:40:06 +0000: Memory Usage (722216K) :   - BM1Fil_a
2026-09-20 19:40:06 +0000: Memory Usage (722216K) :   - BM1Fil_a1
2026-09-20 19:40:06 +0000: Memory Usage (722216K) :   - BM1Fil_b
2026-09-20 19:40:06 +0000: Memory Usage (722216K) :   - BM1Fil_c
2026-09-20 19:40:06 +0000: Memory Usage (722216K) :   - BM1Fil_d
2026-09-20 19:40:06 +0000: Memory Usage (722216K) :   - BM1Fil_e
2026-09-20 19:40:06 +0000: Memory Usage (722216K) :   - BM1Fil_f
2026-09-20 19:40:06 +0000: Memory Usage (722216K) :   - BM1Fil_g
2026-09-20 19:40:06 +0000: Memory Usage (722216K) :   - BM1Fil_size_x
2026-09-20 19:40:06 +0000: Memory Usage (722216K) :   - BM1Fil_size_y
2026-09-20 19:40:06 +0000: Memory Usage (722216K) :   - BM1Fil_space
2026-09-20 19:40:06 +0000: Memory Usage (722216K) :   - BM1Fil_offset
2026-09-20 19:40:06 +0000: Memory Usage (722216K) :   - Mim_a
2026-09-20 19:40:06 +0000: Memory Usage (722216K) :   - Mim_b
2026-09-20 19:40:06 +0000: Memory Usage (722216K) :   - Mim_c
2026-09-20 19:40:06 +0000: Memory Usage (722216K) :   - Mim_d
2026-09-20 19:40:06 +0000: Memory Usage (722216K) :   - Mim_e
2026-09-20 19:40:06 +0000: Memory Usage (722216K) :   - Mim_f
2026-09-20 19:40:06 +0000: Memory Usage (722216K) :   - Mim_g
2026-09-20 19:40:06 +0000: Memory Usage (722216K) :   - Mim_gR
2026-09-20 19:40:06 +0000: Memory Usage (722472K) : Total area of the design is 916213.9391999999 um^2.
2026-09-20 19:40:06 +0000: Memory Usage (722472K) : The design dimensions are 1289.28 um * 710.64 um.
2026-09-20 19:40:06 +0000: Memory Usage (722472K) : Starting general IHP-SG13CMOS5L derivations.
2026-09-20 19:40:06 +0000: Memory Usage (722472K) : Starting Pwell derivations
2026-09-20 19:40:06 +0000: Memory Usage (724264K) : Starting n-Activ derivations
2026-09-20 19:40:06 +0000: Memory Usage (755752K) : Starting p-Activ derivations
2026-09-20 19:40:07 +0000: Memory Usage (786472K) : Starting ptap derivations
2026-09-20 19:40:07 +0000: Memory Usage (807208K) : Starting ntap derivations
2026-09-20 19:40:07 +0000: Memory Usage (826828K) : Starting pact FET derivations
2026-09-20 19:40:07 +0000: Memory Usage (838020K) : Starting nact FET derivations
2026-09-20 19:40:08 +0000: Memory Usage (839812K) : Starting Gate derivations
2026-09-20 19:40:09 +0000: Memory Usage (803920K) : Starting SVaricap general derivations
2026-09-20 19:40:09 +0000: Memory Usage (825892K) : Starting cont/contbar general derivations
2026-09-20 19:40:10 +0000: Memory Usage (825980K) : Starting pad general derivations (TM1 top)
2026-09-20 19:40:10 +0000: Memory Usage (825980K) : Starting IHP-SG13CMOS5L DRC connectivity related derivations.
2026-09-20 19:40:12 +0000: Memory Usage (849276K) : Starting IHP-SG13CMOS5L DRC connectivity setup
2026-09-20 19:40:37 +0000: Memory Usage (872572K) : Starting IHP-SG13CMOS5L DRC rules.
2026-09-20 19:40:37 +0000: Memory Usage (872572K) : Running all FEOL rules
2026-09-20 19:40:37 +0000: Memory Usage (872572K) : Running all BEOL rules
2026-09-20 19:40:37 +0000: Memory Usage (872572K) : Running all PIN rules
2026-09-20 19:40:37 +0000: Memory Usage (872572K) : Running all FORBIDDEN rules
2026-09-20 19:40:37 +0000: Memory Usage (872572K) : Starting 5.1 NWell table
2026-09-20 19:40:37 +0000: Memory Usage (872572K) : Executing rule NW.b
2026-09-20 19:40:37 +0000: Memory Usage (873340K) : Executing rule NW.b1
2026-09-20 19:40:37 +0000: Memory Usage (873596K) : Executing rule NW.f1
2026-09-20 19:40:37 +0000: Memory Usage (873596K) : Executing rule NW.f1.digibnd
2026-09-20 19:40:37 +0000: Memory Usage (873596K) : Starting 5.2 PWell:block
2026-09-20 19:40:37 +0000: Memory Usage (873596K) : Executing rule PWB.e
2026-09-20 19:40:37 +0000: Memory Usage (873596K) : Executing rule PWB.e1
2026-09-20 19:40:37 +0000: Memory Usage (873596K) : Executing rule PWB.f
2026-09-20 19:40:37 +0000: Memory Usage (873596K) : Executing rule PWB.f1
2026-09-20 19:40:37 +0000: Memory Usage (873596K) : Starting 5.3 nBuLay table
2026-09-20 19:40:37 +0000: Memory Usage (873596K) : nBuLay (32/0) is a FORBIDDEN layer in CMOS5L - skipping NBL rules
2026-09-20 19:40:37 +0000: Memory Usage (873596K) : Starting 5.5. Activ table
2026-09-20 19:40:37 +0000: Memory Usage (873596K) : Executing rule Act.a
2026-09-20 19:40:37 +0000: Memory Usage (873596K) : Executing rule Act.b
2026-09-20 19:40:38 +0000: Memory Usage (903548K) : Starting 5.6 Activ:filler table
2026-09-20 19:40:38 +0000: Memory Usage (903548K) : Executing rule AFil.c1
2026-09-20 19:40:38 +0000: Memory Usage (903548K) : Executing rule AFil.c
2026-09-20 19:40:38 +0000: Memory Usage (903548K) : Executing rule AFil.d
2026-09-20 19:40:38 +0000: Memory Usage (903548K) : Skipping rule AFil.e (TRANS is forbidden in CMOS5L)
2026-09-20 19:40:38 +0000: Memory Usage (903548K) : Executing rule AFil.j
2026-09-20 19:40:38 +0000: Memory Usage (903548K) : Starting 5.7. ThickGateOx table
2026-09-20 19:40:38 +0000: Memory Usage (903548K) : Executing rule TGO.f
2026-09-20 19:40:38 +0000: Memory Usage (903548K) : Starting 5.8. GatPoly table
2026-09-20 19:40:38 +0000: Memory Usage (903548K) : Executing rule Gat.a
2026-09-20 19:40:38 +0000: Memory Usage (903548K) : Executing rule Gat.b
2026-09-20 19:40:39 +0000: Memory Usage (927612K) : Executing rule Gat.d
2026-09-20 19:40:39 +0000: Memory Usage (953468K) : Executing rule Gat.a1
2026-09-20 19:40:41 +0000: Memory Usage (1031292K) : Executing rule Gat.a2
2026-09-20 19:40:43 +0000: Memory Usage (1060988K) : Executing rule Gat.g
2026-09-20 19:40:43 +0000: Memory Usage (1061244K) : Starting 5.9 GatPoly:filler
2026-09-20 19:40:43 +0000: Memory Usage (1083772K) : Executing rule GFil.d
2026-09-20 19:40:43 +0000: Memory Usage (1083772K) : Executing rule GFil.e
2026-09-20 19:40:43 +0000: Memory Usage (1083772K) : Executing rule GFil.i
2026-09-20 19:40:43 +0000: Memory Usage (1083772K) : Starting 5.10 pSD table
2026-09-20 19:40:43 +0000: Memory Usage (1083772K) : Executing rule pSD.c1
2026-09-20 19:40:44 +0000: Memory Usage (1135484K) : Starting 5.14. Cont table
2026-09-20 19:40:44 +0000: Memory Usage (1156988K) : Executing rule Cnt.a
2026-09-20 19:40:46 +0000: Memory Usage (1231852K) : Executing rule Cnt.b
2026-09-20 19:40:48 +0000: Memory Usage (1355500K) : Executing rule Cnt.c
2026-09-20 19:40:52 +0000: Memory Usage (1451080K) : Executing rule Cnt.c.digibnd
2026-09-20 19:40:52 +0000: Memory Usage (1506632K) : Executing rule Cnt.c.SRAM
2026-09-20 19:40:53 +0000: Memory Usage (1521224K) : Executing rule Cnt.d
2026-09-20 19:40:53 +0000: Memory Usage (1537096K) : Executing rule Cnt.e
2026-09-20 19:40:54 +0000: Memory Usage (1544008K) : Executing rule Cnt.g1
2026-09-20 19:40:57 +0000: Memory Usage (1552484K) : Executing rule Cnt.g2
2026-09-20 19:41:01 +0000: Memory Usage (1641232K) : Starting 5.15. ContBar table
2026-09-20 19:41:01 +0000: Memory Usage (1641232K) : Executing rule CntB.b1
2026-09-20 19:41:01 +0000: Memory Usage (1640968K) : Executing rule CntB.h1
2026-09-20 19:41:01 +0000: Memory Usage (1641224K) : Starting 7.2 Latch-up table
2026-09-20 19:41:01 +0000: Memory Usage (1641224K) : Executing rule LU.b
2026-09-20 19:41:04 +0000: Memory Usage (1648416K) : Starting 5.16. Metal1 table
2026-09-20 19:41:04 +0000: Memory Usage (1648416K) : Executing rule M1.a
2026-09-20 19:41:05 +0000: Memory Usage (1648416K) : Executing rule M1.b
2026-09-20 19:41:06 +0000: Memory Usage (1650720K) : Executing rule M1.e
2026-09-20 19:41:14 +0000: Memory Usage (1624896K) : Executing rule M1.f
2026-09-20 19:41:18 +0000: Memory Usage (1624896K) : Executing rule M1.g
2026-09-20 19:41:18 +0000: Memory Usage (1669972K) : Executing rule M1.i
2026-09-20 19:41:19 +0000: Memory Usage (1703696K) : Starting 5.17 Metaln table
2026-09-20 19:41:19 +0000: Memory Usage (1703696K) : Executing rule M2.a
2026-09-20 19:41:19 +0000: Memory Usage (1703696K) : Executing rule M2.b
2026-09-20 19:41:19 +0000: Memory Usage (1703696K) : Executing rule M2.e
2026-09-20 19:41:19 +0000: Memory Usage (1658768K) : Executing rule M2.f
2026-09-20 19:41:19 +0000: Memory Usage (1658768K) : Executing rule M2.g
2026-09-20 19:41:19 +0000: Memory Usage (1659280K) : Executing rule M2.i
2026-09-20 19:41:20 +0000: Memory Usage (1659536K) : Executing rule M3.a
2026-09-20 19:41:20 +0000: Memory Usage (1659536K) : Executing rule M3.b
2026-09-20 19:41:20 +0000: Memory Usage (1659792K) : Executing rule M3.e
2026-09-20 19:41:20 +0000: Memory Usage (1660048K) : Executing rule M3.f
2026-09-20 19:41:20 +0000: Memory Usage (1660048K) : Executing rule M3.g
2026-09-20 19:41:20 +0000: Memory Usage (1660048K) : Executing rule M3.i
2026-09-20 19:41:20 +0000: Memory Usage (1660048K) : Executing rule M4.a
2026-09-20 19:41:20 +0000: Memory Usage (1660048K) : Executing rule M4.b
2026-09-20 19:41:20 +0000: Memory Usage (1660048K) : Executing rule M4.e
2026-09-20 19:41:20 +0000: Memory Usage (1660304K) : Executing rule M4.f
2026-09-20 19:41:20 +0000: Memory Usage (1660304K) : Executing rule M4.g
2026-09-20 19:41:20 +0000: Memory Usage (1660304K) : Executing rule M4.i
2026-09-20 19:41:21 +0000: Memory Usage (1660560K) : Starting 5.18 Metaln:filler table
2026-09-20 19:41:21 +0000: Memory Usage (1660560K) : Executing rule M1Fil.c
2026-09-20 19:41:21 +0000: Memory Usage (1660560K) : Executing rule M1Fil.a2
2026-09-20 19:41:21 +0000: Memory Usage (1660560K) : Executing rule M2Fil.c
2026-09-20 19:41:21 +0000: Memory Usage (1660560K) : Executing rule M2Fil.a2
2026-09-20 19:41:21 +0000: Memory Usage (1660560K) : Executing rule M3Fil.c
2026-09-20 19:41:21 +0000: Memory Usage (1660560K) : Executing rule M3Fil.a2
2026-09-20 19:41:21 +0000: Memory Usage (1660560K) : Executing rule M4Fil.c
2026-09-20 19:41:21 +0000: Memory Usage (1660560K) : Executing rule M4Fil.a2
2026-09-20 19:41:21 +0000: Memory Usage (1660560K) : Starting 5.19. Via1 table
2026-09-20 19:41:21 +0000: Memory Usage (1660560K) : Starting 5.19. Via1 table derivations
2026-09-20 19:41:21 +0000: Memory Usage (1660560K) : Executing rule V1.a
2026-09-20 19:41:21 +0000: Memory Usage (1660560K) : Executing rule V1.b
2026-09-20 19:41:21 +0000: Memory Usage (1661840K) : Executing rule V1.c
2026-09-20 19:41:22 +0000: Memory Usage (1664648K) : Starting 5.20. Vian table
2026-09-20 19:41:22 +0000: Memory Usage (1664648K) : Executing rule V2.a
2026-09-20 19:41:22 +0000: Memory Usage (1664648K) : Executing rule V2.b
2026-09-20 19:41:22 +0000: Memory Usage (1664904K) : Executing rule V2.c
2026-09-20 19:41:23 +0000: Memory Usage (1665160K) : Executing rule V3.a
2026-09-20 19:41:23 +0000: Memory Usage (1665160K) : Executing rule V3.b
2026-09-20 19:41:23 +0000: Memory Usage (1666696K) : Executing rule V3.c
2026-09-20 19:41:23 +0000: Memory Usage (1668744K) : Starting 5.21. TopVia1 table
2026-09-20 19:41:23 +0000: Memory Usage (1668744K) : Executing rule TV1.a
2026-09-20 19:41:23 +0000: Memory Usage (1668744K) : Executing rule TV1.b
2026-09-20 19:41:23 +0000: Memory Usage (1668744K) : Executing rule TV1.c
2026-09-20 19:41:23 +0000: Memory Usage (1668744K) : Executing rule TV1.d
2026-09-20 19:41:23 +0000: Memory Usage (1668744K) : Starting 5.22. TopMetal1 table
2026-09-20 19:41:23 +0000: Memory Usage (1668744K) : Executing rule TM1.a
2026-09-20 19:41:23 +0000: Memory Usage (1668744K) : Executing rule TM1.b
2026-09-20 19:41:23 +0000: Memory Usage (1668744K) : Starting 5.23 TopMetal1:filler table
2026-09-20 19:41:23 +0000: Memory Usage (1668744K) : Executing rule TM1Fil.c
2026-09-20 19:41:23 +0000: Memory Usage (1668744K) : Executing rule TM1Fil.a1
2026-09-20 19:41:23 +0000: Memory Usage (1668744K) : Starting 5.27. Passiv table
2026-09-20 19:41:23 +0000: Memory Usage (1668744K) : Executing rule Pas.a
2026-09-20 19:41:23 +0000: Memory Usage (1668744K) : Executing rule Pas.b
2026-09-20 19:41:23 +0000: Memory Usage (1668744K) : Executing rule Pas.c
2026-09-20 19:41:23 +0000: Memory Usage (1668744K) : Starting 6.9 Pad table
2026-09-20 19:41:23 +0000: Memory Usage (1668744K) : Executing rule Pad.m
2026-09-20 19:41:23 +0000: Memory Usage (1668744K) : Executing rule Pad.fR_M1
2026-09-20 19:41:23 +0000: Memory Usage (1668744K) : Executing rule Pad.fR_M2
2026-09-20 19:41:23 +0000: Memory Usage (1668744K) : Executing rule Pad.fR_M3
2026-09-20 19:41:23 +0000: Memory Usage (1668744K) : Executing rule Pad.fR_M4
2026-09-20 19:41:23 +0000: Memory Usage (1668744K) : Executing rule Pad.fR_TM1
2026-09-20 19:41:23 +0000: Memory Usage (1668744K) : Executing rule Pad.i
2026-09-20 19:41:23 +0000: Memory Usage (1668744K) : Starting 6.10 Sealring table
2026-09-20 19:41:23 +0000: Memory Usage (1668744K) : Executing rule Seal.l
2026-09-20 19:41:23 +0000: Memory Usage (1668744K) : Executing rule Seal.n
2026-09-20 19:41:23 +0000: Memory Usage (1668744K) : Executing rule seal.b_metal1
2026-09-20 19:41:23 +0000: Memory Usage (1668744K) : Executing rule seal.b_metal2
2026-09-20 19:41:23 +0000: Memory Usage (1668744K) : Executing rule seal.b_metal3
2026-09-20 19:41:23 +0000: Memory Usage (1668744K) : Executing rule seal.b_metal4
2026-09-20 19:41:23 +0000: Memory Usage (1668744K) : Executing rule seal.b_topmetal1
2026-09-20 19:41:23 +0000: Memory Usage (1668744K) : Executing rule seal.b_activ
2026-09-20 19:41:23 +0000: Memory Usage (1668744K) : Executing rule seal.b_psd
2026-09-20 19:41:23 +0000: Memory Usage (1668744K) : Executing rule Seal.k
2026-09-20 19:41:24 +0000: Memory Usage (1668744K) : Executing rule Seal.m
2026-09-20 19:41:24 +0000: Memory Usage (1668744K) : Starting 7.3 Metal Slits table
2026-09-20 19:41:24 +0000: Memory Usage (1668744K) : Executing rule Slt.e1_M1
2026-09-20 19:41:24 +0000: Memory Usage (1668744K) : Executing rule Slt.e1_M2
2026-09-20 19:41:24 +0000: Memory Usage (1668744K) : Executing rule Slt.e1_M3
2026-09-20 19:41:24 +0000: Memory Usage (1668744K) : Executing rule Slt.e1_M4
2026-09-20 19:41:24 +0000: Memory Usage (1668744K) : Executing rule Slt.e1_TM1
2026-09-20 19:41:24 +0000: Memory Usage (1668744K) : Starting 9.1. LBE table
2026-09-20 19:41:24 +0000: Memory Usage (1668744K) : Executing rule LBE.a
2026-09-20 19:41:24 +0000: Memory Usage (1668744K) : Executing rule LBE.b
2026-09-20 19:41:24 +0000: Memory Usage (1668744K) : Executing rule LBE.b1
2026-09-20 19:41:24 +0000: Memory Usage (1668744K) : Executing rule LBE.c
2026-09-20 19:41:24 +0000: Memory Usage (1668744K) : Executing rule LBE.d
2026-09-20 19:41:24 +0000: Memory Usage (1668744K) : Executing rule LBE.h
2026-09-20 19:41:24 +0000: Memory Usage (1668744K) : Starting 7.4. PIN table
2026-09-20 19:41:24 +0000: Memory Usage (1668744K) : Executing rule Pin.a
2026-09-20 19:41:24 +0000: Memory Usage (1668744K) : Executing rule Pin.b
2026-09-20 19:41:24 +0000: Memory Usage (1668744K) : Executing rule Pin.e
2026-09-20 19:41:25 +0000: Memory Usage (1706120K) : Executing rule Pin.f_M2
2026-09-20 19:41:25 +0000: Memory Usage (1706376K) : Executing rule Pin.f_M3
2026-09-20 19:41:25 +0000: Memory Usage (1706376K) : Executing rule Pin.f_M4
2026-09-20 19:41:25 +0000: Memory Usage (1706632K) : Executing rule Pin.g
2026-09-20 19:41:25 +0000: Memory Usage (1706632K) : Starting 3.1. offgrid table
2026-09-20 19:41:25 +0000: Memory Usage (1706632K) : Executing rule activ_drw_Offgrid
2026-09-20 19:41:25 +0000: Memory Usage (1706632K) : Executing rule activ_mask_Offgrid
2026-09-20 19:41:25 +0000: Memory Usage (1706632K) : Executing rule activ_filler_Offgrid
2026-09-20 19:41:25 +0000: Memory Usage (1706632K) : Executing rule activ_opc_Offgrid
2026-09-20 19:41:25 +0000: Memory Usage (1706632K) : Executing rule activ_iopc_Offgrid
2026-09-20 19:41:25 +0000: Memory Usage (1706632K) : Executing rule gatpoly_drw_Offgrid
2026-09-20 19:41:26 +0000: Memory Usage (1706632K) : Executing rule gatpoly_filler_Offgrid
2026-09-20 19:41:26 +0000: Memory Usage (1706632K) : Executing rule gatpoly_opc_Offgrid
2026-09-20 19:41:26 +0000: Memory Usage (1706632K) : Executing rule gatpoly_iopc_Offgrid
2026-09-20 19:41:26 +0000: Memory Usage (1706632K) : Executing rule gatpoly_noqrc_Offgrid
2026-09-20 19:41:26 +0000: Memory Usage (1706632K) : Executing rule cont_drw_Offgrid
2026-09-20 19:41:31 +0000: Memory Usage (1717128K) : Executing rule cont_opc_Offgrid
2026-09-20 19:41:31 +0000: Memory Usage (1717128K) : Executing rule nsd_drw_Offgrid
2026-09-20 19:41:31 +0000: Memory Usage (1717128K) : Executing rule nsd_block_Offgrid
2026-09-20 19:41:31 +0000: Memory Usage (1717128K) : Executing rule metal1_drw_Offgrid
2026-09-20 19:41:31 +0000: Memory Usage (1717128K) : Executing rule metal1_mask_Offgrid
2026-09-20 19:41:31 +0000: Memory Usage (1717128K) : Executing rule metal1_filler_Offgrid
2026-09-20 19:41:31 +0000: Memory Usage (1717128K) : Executing rule metal1_slit_Offgrid
2026-09-20 19:41:31 +0000: Memory Usage (1717128K) : Executing rule metal1_opc_Offgrid
2026-09-20 19:41:31 +0000: Memory Usage (1717128K) : Executing rule metal1_noqrc_Offgrid
2026-09-20 19:41:31 +0000: Memory Usage (1717128K) : Executing rule metal1_res_Offgrid
2026-09-20 19:41:31 +0000: Memory Usage (1717128K) : Executing rule metal1_iprobe_Offgrid
2026-09-20 19:41:31 +0000: Memory Usage (1717128K) : Executing rule metal1_diffprb_Offgrid
2026-09-20 19:41:31 +0000: Memory Usage (1717128K) : Executing rule passiv_drw_Offgrid
2026-09-20 19:41:31 +0000: Memory Usage (1717128K) : Executing rule passiv_pillar_Offgrid
2026-09-20 19:41:31 +0000: Memory Usage (1717128K) : Executing rule passiv_sbump_Offgrid
2026-09-20 19:41:31 +0000: Memory Usage (1717128K) : Executing rule passiv_pdl_Offgrid
2026-09-20 19:41:31 +0000: Memory Usage (1717128K) : Executing rule metal2_drw_Offgrid
2026-09-20 19:41:31 +0000: Memory Usage (1717128K) : Executing rule metal2_mask_Offgrid
2026-09-20 19:41:31 +0000: Memory Usage (1717128K) : Executing rule metal2_filler_Offgrid
2026-09-20 19:41:32 +0000: Memory Usage (1717128K) : Executing rule metal2_slit_Offgrid
2026-09-20 19:41:32 +0000: Memory Usage (1717128K) : Executing rule metal2_opc_Offgrid
2026-09-20 19:41:32 +0000: Memory Usage (1717128K) : Executing rule metal2_noqrc_Offgrid
2026-09-20 19:41:32 +0000: Memory Usage (1717128K) : Executing rule metal2_res_Offgrid
2026-09-20 19:41:32 +0000: Memory Usage (1717128K) : Executing rule metal2_iprobe_Offgrid
2026-09-20 19:41:32 +0000: Memory Usage (1717128K) : Executing rule metal2_diffprb_Offgrid
2026-09-20 19:41:32 +0000: Memory Usage (1717128K) : Executing rule psd_drw_Offgrid
2026-09-20 19:41:32 +0000: Memory Usage (1717128K) : Executing rule via1_drw_Offgrid
2026-09-20 19:41:32 +0000: Memory Usage (1717128K) : Executing rule salblock_drw_Offgrid
2026-09-20 19:41:32 +0000: Memory Usage (1717128K) : Executing rule via2_drw_Offgrid
2026-09-20 19:41:32 +0000: Memory Usage (1717128K) : Executing rule metal3_drw_Offgrid
2026-09-20 19:41:32 +0000: Memory Usage (1717128K) : Executing rule metal3_mask_Offgrid
2026-09-20 19:41:32 +0000: Memory Usage (1717128K) : Executing rule metal3_filler_Offgrid
2026-09-20 19:41:33 +0000: Memory Usage (1717128K) : Executing rule metal3_slit_Offgrid
2026-09-20 19:41:33 +0000: Memory Usage (1717128K) : Executing rule metal3_opc_Offgrid
2026-09-20 19:41:33 +0000: Memory Usage (1717128K) : Executing rule metal3_noqrc_Offgrid
2026-09-20 19:41:33 +0000: Memory Usage (1717128K) : Executing rule metal3_res_Offgrid
2026-09-20 19:41:33 +0000: Memory Usage (1717128K) : Executing rule metal3_iprobe_Offgrid
2026-09-20 19:41:33 +0000: Memory Usage (1717128K) : Executing rule metal3_diffprb_Offgrid
2026-09-20 19:41:33 +0000: Memory Usage (1717128K) : Executing rule nwell_drw_Offgrid
2026-09-20 19:41:33 +0000: Memory Usage (1717128K) : Executing rule pwell_drw_Offgrid
2026-09-20 19:41:33 +0000: Memory Usage (1717128K) : Executing rule pwell_block_Offgrid
2026-09-20 19:41:33 +0000: Memory Usage (1717128K) : Executing rule substrate_drw_Offgrid
2026-09-20 19:41:33 +0000: Memory Usage (1717128K) : Executing rule via3_drw_Offgrid
2026-09-20 19:41:33 +0000: Memory Usage (1717128K) : Executing rule metal4_drw_Offgrid
2026-09-20 19:41:33 +0000: Memory Usage (1717128K) : Executing rule metal4_mask_Offgrid
2026-09-20 19:41:33 +0000: Memory Usage (1717128K) : Executing rule metal4_filler_Offgrid
2026-09-20 19:41:33 +0000: Memory Usage (1717128K) : Executing rule metal4_slit_Offgrid
2026-09-20 19:41:33 +0000: Memory Usage (1717128K) : Executing rule metal4_opc_Offgrid
2026-09-20 19:41:34 +0000: Memory Usage (1717128K) : Executing rule metal4_noqrc_Offgrid
2026-09-20 19:41:34 +0000: Memory Usage (1717128K) : Executing rule metal4_res_Offgrid
2026-09-20 19:41:34 +0000: Memory Usage (1717128K) : Executing rule metal4_iprobe_Offgrid
2026-09-20 19:41:34 +0000: Memory Usage (1717128K) : Executing rule metal4_diffprb_Offgrid
2026-09-20 19:41:34 +0000: Memory Usage (1717128K) : Executing rule topvia1_drw_Offgrid
2026-09-20 19:41:34 +0000: Memory Usage (1717128K) : Executing rule topmetal1_drw_Offgrid
2026-09-20 19:41:34 +0000: Memory Usage (1717128K) : Executing rule topmetal1_mask_Offgrid
2026-09-20 19:41:34 +0000: Memory Usage (1717128K) : Executing rule topmetal1_filler_Offgrid
2026-09-20 19:41:34 +0000: Memory Usage (1717128K) : Executing rule topmetal1_slit_Offgrid
2026-09-20 19:41:34 +0000: Memory Usage (1717128K) : Executing rule topmetal1_noqrc_Offgrid
2026-09-20 19:41:34 +0000: Memory Usage (1717128K) : Executing rule topmetal1_res_Offgrid
2026-09-20 19:41:34 +0000: Memory Usage (1717128K) : Executing rule topmetal1_iprobe_Offgrid
2026-09-20 19:41:34 +0000: Memory Usage (1717128K) : Executing rule topmetal1_diffprb_Offgrid
2026-09-20 19:41:34 +0000: Memory Usage (1717128K) : Executing rule thickgateox_drw_Offgrid
2026-09-20 19:41:34 +0000: Memory Usage (1717128K) : Executing rule polyres_drw_Offgrid
2026-09-20 19:41:34 +0000: Memory Usage (1717128K) : Executing rule antmetal1_drw_Offgrid
2026-09-20 19:41:34 +0000: Memory Usage (1717128K) : Executing rule thinfilmres_drw_Offgrid
2026-09-20 19:41:34 +0000: Memory Usage (1717128K) : Executing rule lbe_drw_Offgrid
2026-09-20 19:41:34 +0000: Memory Usage (1717128K) : Executing rule prboundary_drw_Offgrid
2026-09-20 19:41:34 +0000: Memory Usage (1717128K) : Starting 3.2. angle table
2026-09-20 19:41:34 +0000: Memory Usage (1717128K) : Executing rule activ_drw_Acute
2026-09-20 19:41:34 +0000: Memory Usage (1717128K) : Executing rule activ_pin_Acute
2026-09-20 19:41:34 +0000: Memory Usage (1717128K) : Executing rule activ_mask_Acute
2026-09-20 19:41:34 +0000: Memory Usage (1717128K) : Executing rule activ_filler_Acute
2026-09-20 19:41:35 +0000: Memory Usage (1717128K) : Executing rule activ_nofill_Acute
2026-09-20 19:41:35 +0000: Memory Usage (1717128K) : Executing rule activ_opc_Acute
2026-09-20 19:41:35 +0000: Memory Usage (1717128K) : Executing rule activ_iopc_Acute
2026-09-20 19:41:35 +0000: Memory Usage (1717128K) : Executing rule activ_noqrc_Acute
2026-09-20 19:41:35 +0000: Memory Usage (1717128K) : Executing rule gatpoly_drw_Acute
2026-09-20 19:41:35 +0000: Memory Usage (1717128K) : Executing rule gatpoly_pin_Acute
2026-09-20 19:41:35 +0000: Memory Usage (1717128K) : Executing rule gatpoly_filler_Acute
2026-09-20 19:41:35 +0000: Memory Usage (1717128K) : Executing rule gatpoly_nofill_Acute
2026-09-20 19:41:35 +0000: Memory Usage (1717128K) : Executing rule gatpoly_opc_Acute
2026-09-20 19:41:35 +0000: Memory Usage (1717128K) : Executing rule gatpoly_iopc_Acute
2026-09-20 19:41:35 +0000: Memory Usage (1717128K) : Executing rule gatpoly_noqrc_Acute
2026-09-20 19:41:35 +0000: Memory Usage (1717128K) : Executing rule cont_drw_Acute
2026-09-20 19:41:40 +0000: Memory Usage (1718088K) : Executing rule cont_opc_Acute
2026-09-20 19:41:40 +0000: Memory Usage (1718088K) : Executing rule nsd_drw_Acute
2026-09-20 19:41:40 +0000: Memory Usage (1718088K) : Executing rule nsd_block_Acute
2026-09-20 19:41:40 +0000: Memory Usage (1718088K) : Executing rule metal1_drw_Acute
2026-09-20 19:41:40 +0000: Memory Usage (1718088K) : Executing rule metal1_pin_Acute
2026-09-20 19:41:40 +0000: Memory Usage (1718088K) : Executing rule metal1_mask_Acute
2026-09-20 19:41:40 +0000: Memory Usage (1718088K) : Executing rule metal1_filler_Acute
2026-09-20 19:41:40 +0000: Memory Usage (1718088K) : Executing rule metal1_nofill_Acute
2026-09-20 19:41:40 +0000: Memory Usage (1718088K) : Executing rule metal1_slit_Acute
2026-09-20 19:41:40 +0000: Memory Usage (1718088K) : Executing rule metal1_opc_Acute
2026-09-20 19:41:41 +0000: Memory Usage (1718088K) : Executing rule metal1_noqrc_Acute
2026-09-20 19:41:41 +0000: Memory Usage (1718088K) : Executing rule metal1_res_Acute
2026-09-20 19:41:41 +0000: Memory Usage (1718088K) : Executing rule metal1_iprobe_Acute
2026-09-20 19:41:41 +0000: Memory Usage (1718088K) : Executing rule metal1_diffprb_Acute
2026-09-20 19:41:41 +0000: Memory Usage (1718088K) : Executing rule passiv_drw_Acute
2026-09-20 19:41:41 +0000: Memory Usage (1718088K) : Executing rule passiv_pin_Acute
2026-09-20 19:41:41 +0000: Memory Usage (1718088K) : Executing rule passiv_pillar_Acute
2026-09-20 19:41:41 +0000: Memory Usage (1718088K) : Executing rule passiv_sbump_Acute
2026-09-20 19:41:41 +0000: Memory Usage (1718088K) : Executing rule passiv_pdl_Acute
2026-09-20 19:41:41 +0000: Memory Usage (1718088K) : Executing rule metal2_drw_Acute
2026-09-20 19:41:41 +0000: Memory Usage (1718088K) : Executing rule metal2_pin_Acute
2026-09-20 19:41:41 +0000: Memory Usage (1718088K) : Executing rule metal2_mask_Acute
2026-09-20 19:41:41 +0000: Memory Usage (1718088K) : Executing rule metal2_filler_Acute
2026-09-20 19:41:41 +0000: Memory Usage (1718088K) : Executing rule metal2_nofill_Acute
2026-09-20 19:41:41 +0000: Memory Usage (1718088K) : Executing rule metal2_slit_Acute
2026-09-20 19:41:41 +0000: Memory Usage (1718088K) : Executing rule metal2_opc_Acute
2026-09-20 19:41:41 +0000: Memory Usage (1718088K) : Executing rule metal2_noqrc_Acute
2026-09-20 19:41:41 +0000: Memory Usage (1718088K) : Executing rule metal2_res_Acute
2026-09-20 19:41:42 +0000: Memory Usage (1718088K) : Executing rule metal2_iprobe_Acute
2026-09-20 19:41:42 +0000: Memory Usage (1718088K) : Executing rule metal2_diffprb_Acute
2026-09-20 19:41:42 +0000: Memory Usage (1718088K) : Executing rule psd_drw_Acute
2026-09-20 19:41:42 +0000: Memory Usage (1718088K) : Executing rule via1_drw_Acute
2026-09-20 19:41:42 +0000: Memory Usage (1718088K) : Executing rule salblock_drw_Acute
2026-09-20 19:41:42 +0000: Memory Usage (1718088K) : Executing rule via2_drw_Acute
2026-09-20 19:41:42 +0000: Memory Usage (1718088K) : Executing rule metal3_drw_Acute
2026-09-20 19:41:42 +0000: Memory Usage (1718088K) : Executing rule metal3_pin_Acute
2026-09-20 19:41:42 +0000: Memory Usage (1718088K) : Executing rule metal3_mask_Acute
2026-09-20 19:41:42 +0000: Memory Usage (1718088K) : Executing rule metal3_filler_Acute
2026-09-20 19:41:43 +0000: Memory Usage (1718088K) : Executing rule metal3_nofill_Acute
2026-09-20 19:41:43 +0000: Memory Usage (1718088K) : Executing rule metal3_slit_Acute
2026-09-20 19:41:43 +0000: Memory Usage (1718088K) : Executing rule metal3_opc_Acute
2026-09-20 19:41:43 +0000: Memory Usage (1718088K) : Executing rule metal3_noqrc_Acute
2026-09-20 19:41:43 +0000: Memory Usage (1718088K) : Executing rule metal3_res_Acute
2026-09-20 19:41:43 +0000: Memory Usage (1718088K) : Executing rule metal3_iprobe_Acute
2026-09-20 19:41:43 +0000: Memory Usage (1718088K) : Executing rule metal3_diffprb_Acute
2026-09-20 19:41:43 +0000: Memory Usage (1718088K) : Executing rule nwell_drw_Acute
2026-09-20 19:41:43 +0000: Memory Usage (1718088K) : Executing rule nwell_pin_Acute
2026-09-20 19:41:43 +0000: Memory Usage (1718088K) : Executing rule pwell_drw_Acute
2026-09-20 19:41:43 +0000: Memory Usage (1718088K) : Executing rule pwell_pin_Acute
2026-09-20 19:41:43 +0000: Memory Usage (1718088K) : Executing rule pwell_block_Acute
2026-09-20 19:41:43 +0000: Memory Usage (1718088K) : Executing rule substrate_drw_Acute
2026-09-20 19:41:43 +0000: Memory Usage (1718088K) : Executing rule via3_drw_Acute
2026-09-20 19:41:43 +0000: Memory Usage (1718088K) : Executing rule metal4_drw_Acute
2026-09-20 19:41:43 +0000: Memory Usage (1718088K) : Executing rule metal4_pin_Acute
2026-09-20 19:41:43 +0000: Memory Usage (1718088K) : Executing rule metal4_mask_Acute
2026-09-20 19:41:43 +0000: Memory Usage (1718088K) : Executing rule metal4_filler_Acute
2026-09-20 19:41:43 +0000: Memory Usage (1718088K) : Executing rule metal4_nofill_Acute
2026-09-20 19:41:44 +0000: Memory Usage (1718088K) : Executing rule metal4_slit_Acute
2026-09-20 19:41:44 +0000: Memory Usage (1718088K) : Executing rule metal4_opc_Acute
2026-09-20 19:41:44 +0000: Memory Usage (1718088K) : Executing rule metal4_noqrc_Acute
2026-09-20 19:41:44 +0000: Memory Usage (1718088K) : Executing rule metal4_res_Acute
2026-09-20 19:41:44 +0000: Memory Usage (1718088K) : Executing rule metal4_iprobe_Acute
2026-09-20 19:41:44 +0000: Memory Usage (1718088K) : Executing rule metal4_diffprb_Acute
2026-09-20 19:41:44 +0000: Memory Usage (1718088K) : Executing rule topvia1_drw_Acute
2026-09-20 19:41:44 +0000: Memory Usage (1718088K) : Executing rule topmetal1_drw_Acute
2026-09-20 19:41:44 +0000: Memory Usage (1718088K) : Executing rule topmetal1_pin_Acute
2026-09-20 19:41:44 +0000: Memory Usage (1718088K) : Executing rule topmetal1_mask_Acute
2026-09-20 19:41:44 +0000: Memory Usage (1718088K) : Executing rule topmetal1_filler_Acute
2026-09-20 19:41:44 +0000: Memory Usage (1718088K) : Executing rule topmetal1_nofill_Acute
2026-09-20 19:41:44 +0000: Memory Usage (1718088K) : Executing rule topmetal1_slit_Acute
2026-09-20 19:41:44 +0000: Memory Usage (1718088K) : Executing rule topmetal1_noqrc_Acute
2026-09-20 19:41:44 +0000: Memory Usage (1718088K) : Executing rule topmetal1_res_Acute
2026-09-20 19:41:44 +0000: Memory Usage (1718088K) : Executing rule topmetal1_iprobe_Acute
2026-09-20 19:41:44 +0000: Memory Usage (1718088K) : Executing rule topmetal1_diffprb_Acute
2026-09-20 19:41:44 +0000: Memory Usage (1718088K) : Executing rule thickgateox_drw_Acute
2026-09-20 19:41:44 +0000: Memory Usage (1718088K) : Executing rule polyres_drw_Acute
2026-09-20 19:41:44 +0000: Memory Usage (1718088K) : Executing rule polyres_pin_Acute
2026-09-20 19:41:44 +0000: Memory Usage (1718088K) : Executing rule antmetal1_drw_Acute
2026-09-20 19:41:45 +0000: Memory Usage (1718088K) : Executing rule thinfilmres_drw_Acute
2026-09-20 19:41:45 +0000: Memory Usage (1718088K) : Executing rule lbe_drw_Acute
2026-09-20 19:41:45 +0000: Memory Usage (1718088K) : Executing rule prboundary_drw_Acute
2026-09-20 19:41:45 +0000: Memory Usage (1718088K) : Executing rule cont_drw_Angle90
2026-09-20 19:41:45 +0000: Memory Usage (1717960K) : Executing rule via1_drw_Angle90
2026-09-20 19:41:45 +0000: Memory Usage (1717960K) : Executing rule via2_drw_Angle90
2026-09-20 19:41:45 +0000: Memory Usage (1717960K) : Executing rule via3_drw_Angle90
2026-09-20 19:41:46 +0000: Memory Usage (1717960K) : Executing rule topvia1_drw_Angle90
2026-09-20 19:41:46 +0000: Memory Usage (1717960K) : Executing rule gatpoly_drw_Angle45
2026-09-20 19:41:46 +0000: Memory Usage (1717960K) : Executing rule activ_drw_Angle45
2026-09-20 19:41:46 +0000: Memory Usage (1717960K) : Executing rule metal1_drw_Angle45
2026-09-20 19:41:47 +0000: Memory Usage (1739976K) : Executing rule metal2_drw_Angle45
2026-09-20 19:41:47 +0000: Memory Usage (1739976K) : Executing rule metal3_drw_Angle45
2026-09-20 19:41:47 +0000: Memory Usage (1739976K) : Executing rule metal4_drw_Angle45
2026-09-20 19:41:47 +0000: Memory Usage (1739976K) : Executing rule topmetal1_drw_Angle45
2026-09-20 19:41:47 +0000: Memory Usage (1739976K) : Starting 3.2. FORBIDDEN table
2026-09-20 19:41:47 +0000: Memory Usage (1739976K) : Executing rule forbidden.biwind
2026-09-20 19:41:47 +0000: Memory Usage (1739976K) : Executing rule forbidden.pemwind
2026-09-20 19:41:47 +0000: Memory Usage (1739976K) : Executing rule forbidden.baspoly
2026-09-20 19:41:47 +0000: Memory Usage (1739976K) : Executing rule forbidden.deepco
2026-09-20 19:41:47 +0000: Memory Usage (1739976K) : Executing rule forbidden.pempoly
2026-09-20 19:41:47 +0000: Memory Usage (1739976K) : Executing rule forbidden.empoly
2026-09-20 19:41:47 +0000: Memory Usage (1739976K) : Executing rule forbidden.ldmos
2026-09-20 19:41:47 +0000: Memory Usage (1739976K) : Executing rule forbidden.pbiwind
2026-09-20 19:41:47 +0000: Memory Usage (1739976K) : Executing rule forbidden.nodrc
2026-09-20 19:41:47 +0000: Memory Usage (1739976K) : Executing rule forbidden.flash
2026-09-20 19:41:47 +0000: Memory Usage (1739976K) : Executing rule forbidden.colwind
2026-09-20 19:41:47 +0000: Memory Usage (1739976K) : Starting 3.2. CMOS5L FORBIDDEN layers check
2026-09-20 19:41:47 +0000: Memory Usage (1739976K) : Executing rule CMOS5L.FORB.Metal5
2026-09-20 19:41:47 +0000: Memory Usage (1739976K) : Executing rule CMOS5L.FORB.Metal5.filler
2026-09-20 19:41:47 +0000: Memory Usage (1739976K) : Executing rule CMOS5L.FORB.Via4
2026-09-20 19:41:47 +0000: Memory Usage (1739976K) : Executing rule CMOS5L.FORB.TopMetal2
2026-09-20 19:41:47 +0000: Memory Usage (1739976K) : Executing rule CMOS5L.FORB.TopMetal2.filler
2026-09-20 19:41:47 +0000: Memory Usage (1739976K) : Executing rule CMOS5L.FORB.TopVia2
2026-09-20 19:41:47 +0000: Memory Usage (1739976K) : Executing rule CMOS5L.FORB.TRANS
2026-09-20 19:41:47 +0000: Memory Usage (1739976K) : Executing rule CMOS5L.FORB.nBuLay
2026-09-20 19:41:47 +0000: Memory Usage (1739976K) : Executing rule CMOS5L.FORB.MIM
2026-09-20 19:41:47 +0000: Memory Usage (1739976K) : Executing rule CMOS5L.FORB.Vmim
2026-09-20 19:41:47 +0000: Memory Usage (1739976K) : KLayout DRC run for tables 'main' completed in 115.13 seconds
INFO: Running klayout zero_area on /home/wayne/devel/jane/hardcaml_asic/experiments/sram_flow_feasibility/runs/attempt-005-full/final/gds/tt_um_sram_probe.gds
0 zero-area shapes
0 zero-length paths,  0 zero-length paths deleted.
0 total zero-area objects,  0 total objects deleted.
VmPeak:	 1027176 kB
VmHWM:	  436592 kB
INFO: Running top macro name check...
INFO: Running forbidden layer check...
INFO: * Checking TopMetal1.drawing
INFO: * Checking TopMetal1.pin
INFO: * Checking TopMetal1.label
INFO: Running prBoundary check...
INFO: Running pin check...
INFO: * gds: /home/wayne/devel/jane/hardcaml_asic/experiments/sram_flow_feasibility/runs/attempt-005-full/final/gds/tt_um_sram_probe.gds
INFO: * lef: /home/wayne/devel/jane/hardcaml_asic/experiments/sram_flow_feasibility/runs/attempt-005-full/final/gds/../lef/tt_um_sram_probe.lef
INFO: * template_def: ../tech/ihp-sg13cmos5l/def/tt_block_6x4_pgvdd.def
INFO: * toplevel: tt_um_sram_probe
INFO: * uses_3v3: False
INFO: Precheck passed for /home/wayne/devel/jane/hardcaml_asic/experiments/sram_flow_feasibility/runs/attempt-005-full/final/gds/tt_um_sram_probe.gds! 🎉
